---
source: lang/tests/semantic.rs
---
error: undefined variable `b`
   ╭─[ test.zippel:1:45 ]
   │
 1 │ proto p<F: Field>(instance a: F) where a == b { verify(a == a) }
   │                                             ┬  
   │                                             ╰── `b` is not defined in this scope
   │                                             │  
   │                                             ╰── help: did you mean `a`?
───╯
