---
source: analyses/tests/gb_snapshots/common.rs
expression: value
---
- __zippel::gb::div_inv::0 + __zippel::gb::div_inv::1
- __zippel::gb::div_inv::0 + x_inv
- c_val + a_vec[1]*b_vec[1] + a_vec[0]*b_vec[0]
- p_commitment + b_vec[1]*h_vec[1] + b_vec[0]*h_vec[0] + a_vec[1]*g_vec[1] + a_vec[0]*g_vec[0]
__zippel::node::61 - 1
__zippel::node::63 - 1
__zippel::node::76 - 1
__zippel::node::78 - 1
b_vec[0]*p_commitment - b_vec[0]*b_vec[1]*h_vec[1] - b_vec[0]^2*h_vec[0] - a_vec[1]*b_vec[0]*g_vec[1] - c_val*g_vec[0] + a_vec[1]*b_vec[1]*g_vec[0]
x_challenge*__zippel::gb::div_inv::0 - 1
