---
source: analyses/tests/gb_snapshots.rs
expression: value
---
- b[0]*__zippel::gb::interp_inv::0 + __zippel::gb::interp_inv::0 + b[0]*__zippel::gb::interp_inv::2 - __zippel::gb::interp_inv::2
- b[0]*b[1]*c_transcript[1] + b[1]*c_transcript[1] + b[0]*c_transcript[1] - c_transcript[1] + b[0]*b[1]*c_transcript[0] - b[1]*c_transcript[0] - b[0]*c_transcript[0] + c_transcript[0]
- b[0]*b[1]*g*keys[0]*m2_transcript[1] + b[1]*g*keys[0]*m2_transcript[1] + b[0]*g*keys[0]*m2_transcript[1] - g*keys[0]*m2_transcript[1] + b[0]*b[1]*g*keys[1]*m2_transcript[0] - b[1]*g*keys[1]*m2_transcript[0] - b[0]*g*keys[1]*m2_transcript[0] + g*keys[1]*m2_transcript[0] + b[0]*b[1]*keys[0]*m1_transcript[1] - b[1]*keys[0]*m1_transcript[1] - b[0]*keys[0]*m1_transcript[1] + keys[0]*m1_transcript[1] - b[0]*b[1]*keys[1]*m1_transcript[0] + b[1]*keys[1]*m1_transcript[0] + b[0]*keys[1]*m1_transcript[0] - keys[1]*m1_transcript[0]
- b[0]*b[1]*g*m2_transcript[0] + b[1]*g*m2_transcript[0] + b[0]*g*m2_transcript[0] - g*m2_transcript[0] + b[0]*b[1]*keys[0]*c_transcript[1] - b[1]*keys[0]*c_transcript[1] - b[0]*keys[0]*c_transcript[1] + keys[0]*c_transcript[1] + b[0]*b[1]*m1_transcript[0] - b[1]*m1_transcript[0] - b[0]*m1_transcript[0] + m1_transcript[0]
- b[0]*b[1]*m2_transcript[0] + b[0]*m2_transcript[0] + b[0]*b[1]*w[0]*c_transcript[1] - b[1]*w[0]*c_transcript[1] - b[0]*w[0]*c_transcript[1] + w[0]*c_transcript[1] + b[1]*w[0]*c_transcript[0] - w[0]*c_transcript[0] + b[0]*b[1]*r[0] - b[0]*r[0]
- b[0]*b[1]*r[0]*m1_transcript[1] + b[0]*b[1]*r[1]*m1_transcript[0]
- b[0]*b[1]*w[0]*m2_transcript[1] + b[1]*w[0]*m2_transcript[1] + b[0]*b[1]*w[1]*m2_transcript[0] - b[0]*w[1]*m2_transcript[0] + b[0]*w[0]*w[1]*c_transcript[1] - w[0]*w[1]*c_transcript[1] - b[1]*w[0]*w[1]*c_transcript[0] + w[0]*w[1]*c_transcript[0] - b[0]*b[1]*r[0]*w[1] + b[0]*r[0]*w[1] + b[0]*b[1]*r[1]*w[0] - b[1]*r[1]*w[0]
- b[0]*c_transcript[0] + c_transcript[0] + b[0]*c_sim[0] - c_sim[0]
- b[0]*c_transcript[0] + c_transcript[0] + b[0]*u_evals[0] - u_evals[0]
- b[0]*g*r[1]*m2_transcript[1] + g*r[1]*m2_transcript[1] + b[0]*w[1]*m1_transcript[1]*c_transcript[1] - w[1]*m1_transcript[1]*c_transcript[1] - b[0]*w[1]*m1_transcript[1]*c_transcript[0] + w[1]*m1_transcript[1]*c_transcript[0] + b[0]*keys[1]*r[1]*c_transcript[0] - keys[1]*r[1]*c_transcript[0] + b[0]*r[1]*m1_transcript[1] - r[1]*m1_transcript[1]
- b[0]*keys[0]*w[0]*m1_transcript[1]*m2_transcript[1] + keys[0]*w[0]*m1_transcript[1]*m2_transcript[1] + b[0]*keys[0]^2*r[1]*m2_transcript[1] - keys[0]^2*r[1]*m2_transcript[1] + b[0]*keys[0]*w[1]*m1_transcript[1]*m2_transcript[0] - keys[0]*w[1]*m1_transcript[1]*m2_transcript[0] - b[0]*keys[0]*keys[1]*r[1]*m2_transcript[0] + keys[0]*keys[1]*r[1]*m2_transcript[0] + b[0]*w[0]^2*m1_transcript[1]^2 - w[0]^2*m1_transcript[1]^2 - b[0]*w[0]*w[1]*m1_transcript[0]*m1_transcript[1] + w[0]*w[1]*m1_transcript[0]*m1_transcript[1] - b[0]*keys[0]*r[1]*w[0]*m1_transcript[1] + keys[0]*r[1]*w[0]*m1_transcript[1] + b[0]*keys[0]*r[1]*w[1]*m1_transcript[0] - keys[0]*r[1]*w[1]*m1_transcript[0]
- b[0]*keys[0]*w[1]*m1_transcript[1]*m2_transcript[1] + keys[0]*w[1]*m1_transcript[1]*m2_transcript[1] + b[0]*keys[0]*keys[1]*r[1]*m2_transcript[1] - keys[0]*keys[1]*r[1]*m2_transcript[1] + b[0]*keys[1]*w[1]*m1_transcript[1]*m2_transcript[0] - keys[1]*w[1]*m1_transcript[1]*m2_transcript[0] - b[0]*keys[1]^2*r[1]*m2_transcript[0] + keys[1]^2*r[1]*m2_transcript[0] + b[0]*w[0]*w[1]*m1_transcript[1]^2 - w[0]*w[1]*m1_transcript[1]^2 - b[0]*w[1]^2*m1_transcript[0]*m1_transcript[1] + w[1]^2*m1_transcript[0]*m1_transcript[1] - b[0]*keys[0]*r[1]*w[1]*m1_transcript[1] + keys[0]*r[1]*w[1]*m1_transcript[1] + b[0]*keys[1]*r[1]*w[1]*m1_transcript[0] - keys[1]*r[1]*w[1]*m1_transcript[0]
- b[0]*m1_transcript[0] + b[0]*g*r[0]
- b[0]*m1_transcript[0]*m2_transcript[1] + b[0]*w[1]*m1_transcript[0]*c_transcript[1] + b[0]*r[0]*m1_transcript[1]
- b[0]*m2_transcript[0] + b[0]*w[0]*c_transcript[0] + b[0]*r[0]
- b[0]*m2_transcript[0] + m2_transcript[0] + b[0]*m2_sim[0] - m2_sim[0]
- b[0]*u_points[0] + u_points[0] + b[0]*eval_points[0] - eval_points[0]
- b[0]*w[0]*m1_transcript[0] + b[0]*keys[0]*r[0]
- b[0]*w[0]*m1_transcript[0]*m1_transcript[1]*m2_transcript[1] + keys[0]*r[0]*m1_transcript[1]*m2_transcript[1] + b[0]*keys[0]*r[1]*m1_transcript[0]*m2_transcript[1] - g*keys[0]*r[0]*r[1]*m2_transcript[1] + b[0]*w[1]*m1_transcript[0]*m1_transcript[1]*m2_transcript[0] - keys[1]*r[0]*m1_transcript[1]*m2_transcript[0] - b[0]*keys[1]*r[1]*m1_transcript[0]*m2_transcript[0] + g*keys[1]*r[0]*r[1]*m2_transcript[0] + b[0]*r[0]*w[0]*m1_transcript[1]^2 - r[0]*w[0]*m1_transcript[1]^2 - b[0]*r[0]*w[1]*m1_transcript[0]*m1_transcript[1] + r[0]*w[1]*m1_transcript[0]*m1_transcript[1] - b[0]*r[1]*w[0]*m1_transcript[0]*m1_transcript[1] + keys[0]*r[0]*r[1]*m1_transcript[1] + b[0]*r[1]*w[1]*m1_transcript[0]^2 - keys[1]*r[0]*r[1]*m1_transcript[0]
- b[0]*w[1]*m1_transcript[0] + b[0]*keys[1]*r[0]
- b[1]*c_transcript[1] + c_transcript[1] + b[1]*c_sim[1] - c_sim[1]
- b[1]*c_transcript[1] + c_transcript[1] + b[1]*u_evals[0] - u_evals[0]
- b[1]*g*r[0]*m2_transcript[0] + g*r[0]*m2_transcript[0] - b[1]*w[0]*m1_transcript[0]*c_transcript[1] + w[0]*m1_transcript[0]*c_transcript[1] + b[1]*keys[0]*r[0]*c_transcript[1] - keys[0]*r[0]*c_transcript[1] + b[1]*w[0]*m1_transcript[0]*c_transcript[0] - w[0]*m1_transcript[0]*c_transcript[0] + b[1]*r[0]*m1_transcript[0] - r[0]*m1_transcript[0]
- b[1]*keys[0]*w[0]*m1_transcript[0]*m2_transcript[1] + keys[0]*w[0]*m1_transcript[0]*m2_transcript[1] + b[1]*keys[0]^2*r[0]*m2_transcript[1] - keys[0]^2*r[0]*m2_transcript[1] + b[1]*keys[0]*w[1]*m1_transcript[0]*m2_transcript[0] - keys[0]*w[1]*m1_transcript[0]*m2_transcript[0] - b[1]*keys[0]*keys[1]*r[0]*m2_transcript[0] + keys[0]*keys[1]*r[0]*m2_transcript[0] + b[1]*w[0]^2*m1_transcript[0]*m1_transcript[1] - w[0]^2*m1_transcript[0]*m1_transcript[1] - b[1]*keys[0]*r[0]*w[0]*m1_transcript[1] + keys[0]*r[0]*w[0]*m1_transcript[1] - b[1]*w[0]*w[1]*m1_transcript[0]^2 + w[0]*w[1]*m1_transcript[0]^2 + b[1]*keys[0]*r[0]*w[1]*m1_transcript[0] - keys[0]*r[0]*w[1]*m1_transcript[0]
- b[1]*keys[0]*w[1]*m1_transcript[0]*m2_transcript[1] + keys[0]*w[1]*m1_transcript[0]*m2_transcript[1] + b[1]*keys[0]*keys[1]*r[0]*m2_transcript[1] - keys[0]*keys[1]*r[0]*m2_transcript[1] + b[1]*keys[1]*w[1]*m1_transcript[0]*m2_transcript[0] - keys[1]*w[1]*m1_transcript[0]*m2_transcript[0] - b[1]*keys[1]^2*r[0]*m2_transcript[0] + keys[1]^2*r[0]*m2_transcript[0] + b[1]*w[0]*w[1]*m1_transcript[0]*m1_transcript[1] - w[0]*w[1]*m1_transcript[0]*m1_transcript[1] - b[1]*keys[0]*r[0]*w[1]*m1_transcript[1] + keys[0]*r[0]*w[1]*m1_transcript[1] - b[1]*w[1]^2*m1_transcript[0]^2 + w[1]^2*m1_transcript[0]^2 + b[1]*keys[1]*r[0]*w[1]*m1_transcript[0] - keys[1]*r[0]*w[1]*m1_transcript[0]
- b[1]*m1_transcript[1] + b[1]*g*r[1]
- b[1]*m2_transcript[1] + b[1]*w[1]*c_transcript[1] + b[1]*r[1]
- b[1]*m2_transcript[1] + m2_transcript[1] + b[1]*m2_sim[1] - m2_sim[1]
- b[1]*u_points[0] + u_points[0] + b[1]*eval_points[1] - eval_points[1]
- b[1]*w[0]*m1_transcript[1] + b[1]*keys[0]*r[1]
- b[1]*w[1]*m1_transcript[1] + b[1]*keys[1]*r[1]
- c_transcript[1]*m2_transcript[0]*m2_transcript[1] + c_transcript[0]*m2_transcript[0]*m2_transcript[1] + w[0]*c_transcript[0]*c_transcript[1]*m2_transcript[1] + r[0]*c_transcript[1]*m2_transcript[1] - w[0]*c_transcript[0]^2*m2_transcript[1] - r[0]*c_transcript[0]*m2_transcript[1] + w[1]*c_transcript[1]^2*m2_transcript[0] - w[1]*c_transcript[0]*c_transcript[1]*m2_transcript[0] + r[1]*c_transcript[1]*m2_transcript[0] - r[1]*c_transcript[0]*m2_transcript[0] - w[0]*w[1]*c_transcript[0]*c_transcript[1]^2 - r[0]*w[1]*c_transcript[1]^2 + w[0]*w[1]*c_transcript[0]^2*c_transcript[1] + r[0]*w[1]*c_transcript[0]*c_transcript[1] - r[1]*w[0]*c_transcript[0]*c_transcript[1] - r[0]*r[1]*c_transcript[1] + r[1]*w[0]*c_transcript[0]^2 + r[0]*r[1]*c_transcript[0]
- eval_points[0]*c_transcript[1] + eval_points[1]*c_transcript[0] - eval_points[1]*s + eval_points[0]*s
- eval_points[0]*c_transcript[1] - u_points[0]*c_transcript[0] + eval_points[1]*c_transcript[0] + u_points[0]*s - eval_points[1]*s + eval_points[0]*u_evals[0]
- eval_points[1]*g*r[0]*m2_transcript[0] - u_points[0]*w[0]*m1_transcript[0]*c_transcript[1] + keys[0]*r[0]*u_points[0]*c_transcript[1] + eval_points[1]*w[0]*m1_transcript[0]*c_transcript[0] + u_points[0]*w[0]*m1_transcript[0]*s - eval_points[1]*w[0]*m1_transcript[0]*s - keys[0]*r[0]*u_points[0]*s + eval_points[1]*keys[0]*r[0]*s + eval_points[1]*r[0]*m1_transcript[0]
- g*m2_transcript[0] + keys[0]*c_transcript[0] + m1_transcript[0]
- g*m2_transcript[1] + keys[1]*c_transcript[1] + m1_transcript[1]
- g*r[0]*m2_transcript[0] + w[0]*m1_transcript[0]*c_transcript[0] - c_sim[0]*w[0]*m1_transcript[0] + r[0]*m1_transcript[0] + c_sim[0]*keys[0]*r[0]
- g*r[0]*m2_transcript[0] + w[0]*m1_transcript[0]*c_transcript[0] - u_evals[0]*w[0]*m1_transcript[0] + r[0]*m1_transcript[0] + keys[0]*r[0]*u_evals[0]
- g*r[0]*r[1]*m2_transcript[1] + r[0]*w[1]*m1_transcript[1]*c_transcript[1] - r[1]*w[1]*m1_transcript[0]*c_transcript[0] + keys[1]*r[0]*r[1]*c_transcript[0] - r[0]*u_evals[0]*w[1]*m1_transcript[1] + r[0]*r[1]*m1_transcript[1] + r[1]*u_evals[0]*w[1]*m1_transcript[0]
- g*r[0]*r[1]*u_points[0]*m2_transcript[1] + r[1]*u_points[0]*w[1]*m1_transcript[0]*c_transcript[1] - r[0]*u_points[0]*w[1]*m1_transcript[1]*c_transcript[0] + eval_points[1]*r[0]*w[1]*m1_transcript[1]*c_transcript[0] - eval_points[1]*r[1]*w[1]*m1_transcript[0]*c_transcript[0] + keys[1]*r[0]*r[1]*u_points[0]*c_transcript[0] + r[0]*u_points[0]*w[1]*m1_transcript[1]*s - eval_points[1]*r[0]*w[1]*m1_transcript[1]*s - r[1]*u_points[0]*w[1]*m1_transcript[0]*s + eval_points[1]*r[1]*w[1]*m1_transcript[0]*s + r[0]*r[1]*u_points[0]*m1_transcript[1]
- g*r[1]*m2_transcript[1] + w[1]*m1_transcript[1]*c_transcript[1] - c_sim[1]*w[1]*m1_transcript[1] + r[1]*m1_transcript[1] + c_sim[1]*keys[1]*r[1]
- g*r[1]*m2_transcript[1] + w[1]*m1_transcript[1]*c_transcript[1] - u_evals[0]*w[1]*m1_transcript[1] + r[1]*m1_transcript[1] + keys[1]*r[1]*u_evals[0]
- keys[0]*m1_transcript[0]*m1_transcript[1]*m2_transcript[1] + g*keys[0]*r[0]*m1_transcript[1]*m2_transcript[1] + g*keys[0]*r[1]*m1_transcript[0]*m2_transcript[1] - g^2*keys[0]*r[0]*r[1]*m2_transcript[1] + keys[1]*m1_transcript[0]*m1_transcript[1]*m2_transcript[0] - g*keys[1]*r[0]*m1_transcript[1]*m2_transcript[0] - g*keys[1]*r[1]*m1_transcript[0]*m2_transcript[0] + g^2*keys[1]*r[0]*r[1]*m2_transcript[0] + w[0]*m1_transcript[0]*m1_transcript[1]^2 - keys[0]*r[0]*m1_transcript[1]^2 - w[1]*m1_transcript[0]^2*m1_transcript[1] - keys[0]*r[1]*m1_transcript[0]*m1_transcript[1] + keys[1]*r[0]*m1_transcript[0]*m1_transcript[1] + g*keys[0]*r[0]*r[1]*m1_transcript[1] + keys[1]*r[1]*m1_transcript[0]^2 - g*keys[1]*r[0]*r[1]*m1_transcript[0]
- keys[0]*m2_transcript[1] + keys[0]*w[1]*c_transcript[1] + w[0]*m1_transcript[1]
- keys[0]*w[0]*m1_transcript[0]*m1_transcript[1]*m2_transcript[1] + keys[0]^2*r[0]*m1_transcript[1]*m2_transcript[1] + keys[0]^2*r[1]*m1_transcript[0]*m2_transcript[1] - g*keys[0]^2*r[0]*r[1]*m2_transcript[1] + keys[0]*w[1]*m1_transcript[0]*m1_transcript[1]*m2_transcript[0] - keys[0]*keys[1]*r[0]*m1_transcript[1]*m2_transcript[0] - keys[0]*keys[1]*r[1]*m1_transcript[0]*m2_transcript[0] + g*keys[0]*keys[1]*r[0]*r[1]*m2_transcript[0] + w[0]^2*m1_transcript[0]*m1_transcript[1]^2 - keys[0]*r[0]*w[0]*m1_transcript[1]^2 - w[0]*w[1]*m1_transcript[0]^2*m1_transcript[1] + keys[0]*r[0]*w[1]*m1_transcript[0]*m1_transcript[1] - keys[0]*r[1]*w[0]*m1_transcript[0]*m1_transcript[1] + keys[0]^2*r[0]*r[1]*m1_transcript[1] + keys[0]*r[1]*w[1]*m1_transcript[0]^2 - keys[0]*keys[1]*r[0]*r[1]*m1_transcript[0]
- keys[0]*w[1] + keys[1]*w[0]
- keys[0]*w[1]*m1_transcript[0]*m1_transcript[1]*m2_transcript[1] + keys[0]*keys[1]*r[0]*m1_transcript[1]*m2_transcript[1] + keys[0]*keys[1]*r[1]*m1_transcript[0]*m2_transcript[1] - g*keys[0]*keys[1]*r[0]*r[1]*m2_transcript[1] + keys[1]*w[1]*m1_transcript[0]*m1_transcript[1]*m2_transcript[0] - keys[1]^2*r[0]*m1_transcript[1]*m2_transcript[0] - keys[1]^2*r[1]*m1_transcript[0]*m2_transcript[0] + g*keys[1]^2*r[0]*r[1]*m2_transcript[0] + w[0]*w[1]*m1_transcript[0]*m1_transcript[1]^2 - keys[0]*r[0]*w[1]*m1_transcript[1]^2 - w[1]^2*m1_transcript[0]^2*m1_transcript[1] - keys[0]*r[1]*w[1]*m1_transcript[0]*m1_transcript[1] + keys[1]*r[0]*w[1]*m1_transcript[0]*m1_transcript[1] + keys[0]*keys[1]*r[0]*r[1]*m1_transcript[1] + keys[1]*r[1]*w[1]*m1_transcript[0]^2 - keys[1]^2*r[0]*r[1]*m1_transcript[0]
- r[0]*m1_transcript[1]*c_transcript[0]*c_transcript[1] + r[1]*m1_transcript[0]*c_transcript[0]*c_transcript[1] + c_sim[0]*r[0]*m1_transcript[1]*c_transcript[1] - c_sim[0]*r[1]*m1_transcript[0]*c_transcript[1] + c_sim[1]*r[0]*m1_transcript[1]*c_transcript[0] - c_sim[1]*r[1]*m1_transcript[0]*c_transcript[0] - c_sim[0]*c_sim[1]*r[0]*m1_transcript[1] + c_sim[0]*c_sim[1]*r[1]*m1_transcript[0]
- r[0]*m1_transcript[1]*c_transcript[0]*c_transcript[1] + r[1]*m1_transcript[0]*c_transcript[0]*c_transcript[1] + c_sim[0]*r[0]*m1_transcript[1]*c_transcript[1] - c_sim[0]*r[1]*m1_transcript[0]*c_transcript[1] + r[0]*u_evals[0]*m1_transcript[1]*c_transcript[0] - r[1]*u_evals[0]*m1_transcript[0]*c_transcript[0] - c_sim[0]*r[0]*u_evals[0]*m1_transcript[1] + c_sim[0]*r[1]*u_evals[0]*m1_transcript[0]
- r[0]*m1_transcript[1]*c_transcript[0]*c_transcript[1] + r[1]*m1_transcript[0]*c_transcript[0]*c_transcript[1] + r[0]*u_evals[0]*m1_transcript[1]*c_transcript[1] - r[1]*u_evals[0]*m1_transcript[0]*c_transcript[1] + c_sim[1]*r[0]*m1_transcript[1]*c_transcript[0] - c_sim[1]*r[1]*m1_transcript[0]*c_transcript[0] - c_sim[1]*r[0]*u_evals[0]*m1_transcript[1] + c_sim[1]*r[1]*u_evals[0]*m1_transcript[0]
- r[0]*m1_transcript[1]*c_transcript[0]*c_transcript[1] + r[1]*m1_transcript[0]*c_transcript[0]*c_transcript[1] + r[0]*u_evals[0]*m1_transcript[1]*c_transcript[1] - r[1]*u_evals[0]*m1_transcript[0]*c_transcript[1] + r[0]*u_evals[0]*m1_transcript[1]*c_transcript[0] - r[1]*u_evals[0]*m1_transcript[0]*c_transcript[0] - r[0]*u_evals[0]^2*m1_transcript[1] + r[1]*u_evals[0]^2*m1_transcript[0]
- r[0]*m1_transcript[1]*c_transcript[0]*m2_transcript[1] + r[1]*m1_transcript[0]*c_transcript[0]*m2_transcript[1] + c_sim[0]*r[0]*m1_transcript[1]*m2_transcript[1] - c_sim[0]*r[1]*m1_transcript[0]*m2_transcript[1] + m2_sim[1]*r[0]*m1_transcript[1]*c_transcript[0] - m2_sim[1]*r[1]*m1_transcript[0]*c_transcript[0] - c_sim[0]*m2_sim[1]*r[0]*m1_transcript[1] + c_sim[0]*m2_sim[1]*r[1]*m1_transcript[0]
- r[0]*m1_transcript[1]*c_transcript[0]*m2_transcript[1] + r[1]*m1_transcript[0]*c_transcript[0]*m2_transcript[1] + r[0]*u_evals[0]*m1_transcript[1]*m2_transcript[1] - r[1]*u_evals[0]*m1_transcript[0]*m2_transcript[1] + m2_sim[1]*r[0]*m1_transcript[1]*c_transcript[0] - m2_sim[1]*r[1]*m1_transcript[0]*c_transcript[0] - m2_sim[1]*r[0]*u_evals[0]*m1_transcript[1] + m2_sim[1]*r[1]*u_evals[0]*m1_transcript[0]
- r[0]*m1_transcript[1]*c_transcript[1]*__zippel::gb::interp_inv::0 + r[1]*m1_transcript[0]*c_transcript[1]*__zippel::gb::interp_inv::0 + c_sim[1]*r[0]*m1_transcript[1]*__zippel::gb::interp_inv::0 - c_sim[1]*r[1]*m1_transcript[0]*__zippel::gb::interp_inv::0 + r[0]*m1_transcript[1]*c_transcript[1]*__zippel::gb::interp_inv::2 - r[1]*m1_transcript[0]*c_transcript[1]*__zippel::gb::interp_inv::2 - c_sim[1]*r[0]*m1_transcript[1]*__zippel::gb::interp_inv::2 + c_sim[1]*r[1]*m1_transcript[0]*__zippel::gb::interp_inv::2
- r[0]*m1_transcript[1]*c_transcript[1]*__zippel::gb::interp_inv::0 + r[1]*m1_transcript[0]*c_transcript[1]*__zippel::gb::interp_inv::0 + r[0]*u_evals[0]*m1_transcript[1]*__zippel::gb::interp_inv::0 - r[1]*u_evals[0]*m1_transcript[0]*__zippel::gb::interp_inv::0 + r[0]*m1_transcript[1]*c_transcript[1]*__zippel::gb::interp_inv::2 - r[1]*m1_transcript[0]*c_transcript[1]*__zippel::gb::interp_inv::2 - r[0]*u_evals[0]*m1_transcript[1]*__zippel::gb::interp_inv::2 + r[1]*u_evals[0]*m1_transcript[0]*__zippel::gb::interp_inv::2
- r[0]*m1_transcript[1]*c_transcript[1]*m2_transcript[0] + r[1]*m1_transcript[0]*c_transcript[1]*m2_transcript[0] + c_sim[1]*r[0]*m1_transcript[1]*m2_transcript[0] - c_sim[1]*r[1]*m1_transcript[0]*m2_transcript[0] + m2_sim[0]*r[0]*m1_transcript[1]*c_transcript[1] - m2_sim[0]*r[1]*m1_transcript[0]*c_transcript[1] - c_sim[1]*m2_sim[0]*r[0]*m1_transcript[1] + c_sim[1]*m2_sim[0]*r[1]*m1_transcript[0]
- r[0]*m1_transcript[1]*c_transcript[1]*m2_transcript[0] + r[1]*m1_transcript[0]*c_transcript[1]*m2_transcript[0] + r[0]*u_evals[0]*m1_transcript[1]*m2_transcript[0] - r[1]*u_evals[0]*m1_transcript[0]*m2_transcript[0] + m2_sim[0]*r[0]*m1_transcript[1]*c_transcript[1] - m2_sim[0]*r[1]*m1_transcript[0]*c_transcript[1] - m2_sim[0]*r[0]*u_evals[0]*m1_transcript[1] + m2_sim[0]*r[1]*u_evals[0]*m1_transcript[0]
- r[0]*m1_transcript[1]*m2_transcript[0]*m2_transcript[1] + r[1]*m1_transcript[0]*m2_transcript[0]*m2_transcript[1] + m2_sim[0]*r[0]*m1_transcript[1]*m2_transcript[1] - m2_sim[0]*r[1]*m1_transcript[0]*m2_transcript[1] + m2_sim[1]*r[0]*m1_transcript[1]*m2_transcript[0] - m2_sim[1]*r[1]*m1_transcript[0]*m2_transcript[0] - m2_sim[0]*m2_sim[1]*r[0]*m1_transcript[1] + m2_sim[0]*m2_sim[1]*r[1]*m1_transcript[0]
- r[0]*m1_transcript[1]*m2_transcript[1]*__zippel::gb::interp_inv::0 + r[1]*m1_transcript[0]*m2_transcript[1]*__zippel::gb::interp_inv::0 + m2_sim[1]*r[0]*m1_transcript[1]*__zippel::gb::interp_inv::0 - m2_sim[1]*r[1]*m1_transcript[0]*__zippel::gb::interp_inv::0 + r[0]*m1_transcript[1]*m2_transcript[1]*__zippel::gb::interp_inv::2 - r[1]*m1_transcript[0]*m2_transcript[1]*__zippel::gb::interp_inv::2 - m2_sim[1]*r[0]*m1_transcript[1]*__zippel::gb::interp_inv::2 + m2_sim[1]*r[1]*m1_transcript[0]*__zippel::gb::interp_inv::2
- r[0]*u_points[0]*m1_transcript[1]*c_transcript[0] + eval_points[1]*r[0]*m1_transcript[1]*c_transcript[0] + r[1]*u_points[0]*m1_transcript[0]*c_transcript[0] - eval_points[1]*r[1]*m1_transcript[0]*c_transcript[0] + c_sim[0]*r[0]*u_points[0]*m1_transcript[1] - c_sim[0]*eval_points[1]*r[0]*m1_transcript[1] - c_sim[0]*r[1]*u_points[0]*m1_transcript[0] + c_sim[0]*eval_points[1]*r[1]*m1_transcript[0]
- r[0]*u_points[0]*m1_transcript[1]*c_transcript[1] + eval_points[0]*r[0]*m1_transcript[1]*c_transcript[1] + r[1]*u_points[0]*m1_transcript[0]*c_transcript[1] - eval_points[0]*r[1]*m1_transcript[0]*c_transcript[1] + c_sim[1]*r[0]*u_points[0]*m1_transcript[1] - c_sim[1]*eval_points[0]*r[0]*m1_transcript[1] - c_sim[1]*r[1]*u_points[0]*m1_transcript[0] + c_sim[1]*eval_points[0]*r[1]*m1_transcript[0]
- r[0]*u_points[0]*m1_transcript[1]*m2_transcript[0] + eval_points[1]*r[0]*m1_transcript[1]*m2_transcript[0] + g*r[0]*r[1]*u_points[0]*m2_transcript[0] + r[1]*u_points[0]*w[0]*m1_transcript[0]*c_transcript[1] - keys[0]*r[0]*r[1]*u_points[0]*c_transcript[1] - eval_points[1]*r[1]*w[0]*m1_transcript[0]*c_transcript[0] + r[0]*u_points[0]*w[0]*m1_transcript[1]*s - eval_points[1]*r[0]*w[0]*m1_transcript[1]*s - r[1]*u_points[0]*w[0]*m1_transcript[0]*s + eval_points[1]*r[1]*w[0]*m1_transcript[0]*s - eval_points[1]*r[0]*r[1]*m1_transcript[0]
- r[0]*u_points[0]*m1_transcript[1]*m2_transcript[0] + eval_points[1]*r[0]*m1_transcript[1]*m2_transcript[0] + r[1]*u_points[0]*m1_transcript[0]*m2_transcript[0] - eval_points[1]*r[1]*m1_transcript[0]*m2_transcript[0] + m2_sim[0]*r[0]*u_points[0]*m1_transcript[1] - eval_points[1]*m2_sim[0]*r[0]*m1_transcript[1] - m2_sim[0]*r[1]*u_points[0]*m1_transcript[0] + eval_points[1]*m2_sim[0]*r[1]*m1_transcript[0]
- r[0]*u_points[0]*m1_transcript[1]*m2_transcript[1] + eval_points[0]*r[0]*m1_transcript[1]*m2_transcript[1] + r[1]*u_points[0]*m1_transcript[0]*m2_transcript[1] - eval_points[0]*r[1]*m1_transcript[0]*m2_transcript[1] + m2_sim[1]*r[0]*u_points[0]*m1_transcript[1] - eval_points[0]*m2_sim[1]*r[0]*m1_transcript[1] - m2_sim[1]*r[1]*u_points[0]*m1_transcript[0] + eval_points[0]*m2_sim[1]*r[1]*m1_transcript[0]
- r[0]*u_points[0]^2*m1_transcript[1] + eval_points[1]*r[0]*u_points[0]*m1_transcript[1] + eval_points[0]*r[0]*u_points[0]*m1_transcript[1] - eval_points[0]*eval_points[1]*r[0]*m1_transcript[1] + r[1]*u_points[0]^2*m1_transcript[0] - eval_points[1]*r[1]*u_points[0]*m1_transcript[0] - eval_points[0]*r[1]*u_points[0]*m1_transcript[0] + eval_points[0]*eval_points[1]*r[1]*m1_transcript[0]
- r[1]*m1_transcript[0]^2*m2_transcript[1] + b[1]*r[0]*m1_transcript[1]^2*m2_transcript[0] - b[1]*r[1]*m1_transcript[0]*m1_transcript[1]*m2_transcript[0] + r[1]*m1_transcript[0]*m1_transcript[1]*m2_transcript[0] - g*r[0]*r[1]*m1_transcript[1]*m2_transcript[0] - b[1]*r[0]*w[0]*m1_transcript[1]^2*c_transcript[1] + b[1]*r[1]*w[0]*m1_transcript[0]*m1_transcript[1]*c_transcript[1] - r[1]*w[0]*m1_transcript[0]*m1_transcript[1]*c_transcript[1] + keys[0]*r[0]*r[1]*m1_transcript[1]*c_transcript[1] + r[1]*w[1]*m1_transcript[0]^2*c_transcript[1] - b[1]*r[0]*r[1]*m1_transcript[0]*m1_transcript[1] + r[0]*r[1]*m1_transcript[0]*m1_transcript[1] + b[1]*r[1]^2*m1_transcript[0]^2
- s*__zippel::gb::interp_inv::0 + u_evals[0]*__zippel::gb::interp_inv::0 - c_transcript[0]*__zippel::gb::interp_inv::2 + s*__zippel::gb::interp_inv::2
- u_points[0]*c_transcript[1] + u_points[0]*s - eval_points[1]*s + eval_points[1]*u_evals[0]
- u_points[0]*c_transcript[1]*m2_transcript[0] + eval_points[1]*c_transcript[0]*m2_transcript[0] + u_points[0]*s*m2_transcript[0] - eval_points[1]*s*m2_transcript[0] + u_points[0]*w[0]*c_transcript[0]*c_transcript[1] + r[0]*u_points[0]*c_transcript[1] - eval_points[1]*w[0]*c_transcript[0]^2 - u_points[0]*w[0]*s*c_transcript[0] + eval_points[1]*w[0]*s*c_transcript[0] - eval_points[1]*r[0]*c_transcript[0] - r[0]*u_points[0]*s + eval_points[1]*r[0]*s
- u_points[0]*m1_transcript[0]*c_transcript[1] + g*r[0]*u_points[0]*c_transcript[1] + eval_points[1]*m1_transcript[0]*c_transcript[0] - eval_points[1]*g*r[0]*c_transcript[0] + u_points[0]*m1_transcript[0]*s - eval_points[1]*m1_transcript[0]*s - g*r[0]*u_points[0]*s + eval_points[1]*g*r[0]*s
- w[1]*m1_transcript[0]*m2_transcript[1] - b[0]*keys[0]*r[1]*m2_transcript[1] + keys[0]*r[1]*m2_transcript[1] - b[0]*w[1]*m1_transcript[1]*m2_transcript[0] + w[1]*m1_transcript[1]*m2_transcript[0] + b[0]*keys[1]*r[1]*m2_transcript[0] - keys[1]*r[1]*m2_transcript[0] + b[0]*w[0]*w[1]*m1_transcript[1]*c_transcript[1] - w[0]*w[1]*m1_transcript[1]*c_transcript[1] + w[1]^2*m1_transcript[0]*c_transcript[1] + b[0]*r[0]*w[1]*m1_transcript[1] + b[0]*r[1]*w[0]*m1_transcript[1] - r[1]*w[0]*m1_transcript[1] - b[0]*r[1]*w[1]*m1_transcript[0] + r[1]*w[1]*m1_transcript[0]
__zippel::gb::interp_inv::0 + __zippel::gb::interp_inv::1
__zippel::gb::interp_inv::2 + __zippel::gb::interp_inv::3
__zippel::node::100[0] - 1
__zippel::node::100[1] - 1
__zippel::node::105[0] - 1
__zippel::node::105[1] - 1
__zippel::node::59[0] - 1
__zippel::node::59[1] - 1
__zippel::node::74[0] - 1
__zippel::node::91[0] - 1
__zippel::node::91[1] - 1
__zippel::node::95[0] - 1
__zippel::node::95[1] - 1
b[0]*b[1]*keys[0]*m2_transcript[1] - b[1]*keys[0]*m2_transcript[1] - b[0]*keys[0]*m2_transcript[1] + keys[0]*m2_transcript[1] - b[0]*b[1]*keys[1]*m2_transcript[0] + b[1]*keys[1]*m2_transcript[0] + b[0]*keys[1]*m2_transcript[0] - keys[1]*m2_transcript[0] - b[0]*b[1]*w[0]*m1_transcript[1] + b[1]*w[0]*m1_transcript[1] + b[0]*w[0]*m1_transcript[1] - w[0]*m1_transcript[1] + b[0]*b[1]*w[1]*m1_transcript[0] - b[1]*w[1]*m1_transcript[0] - b[0]*w[1]*m1_transcript[0] + w[1]*m1_transcript[0]
b[0]*c_transcript[1]*m2_transcript[1] - c_transcript[1]*m2_transcript[1] - b[0]*c_transcript[0]*m2_transcript[1] + c_transcript[0]*m2_transcript[1] - b[0]*w[1]*c_transcript[1]^2 + w[1]*c_transcript[1]^2 + b[0]*w[1]*c_transcript[0]*c_transcript[1] - w[1]*c_transcript[0]*c_transcript[1] - b[0]*r[1]*c_transcript[1] + r[1]*c_transcript[1] + b[0]*r[1]*c_transcript[0] - r[1]*c_transcript[0]
b[0]*keys[0]*m1_transcript[1]*m2_transcript[1] - keys[0]*m1_transcript[1]*m2_transcript[1] - b[0]*g*keys[0]*r[1]*m2_transcript[1] + g*keys[0]*r[1]*m2_transcript[1] - b[0]*keys[1]*m1_transcript[1]*m2_transcript[0] + keys[1]*m1_transcript[1]*m2_transcript[0] + b[0]*g*keys[1]*r[1]*m2_transcript[0] - g*keys[1]*r[1]*m2_transcript[0] - b[0]*w[0]*m1_transcript[1]^2 + w[0]*m1_transcript[1]^2 + b[0]*w[1]*m1_transcript[0]*m1_transcript[1] - w[1]*m1_transcript[0]*m1_transcript[1] + b[0]*keys[0]*r[1]*m1_transcript[1] - keys[0]*r[1]*m1_transcript[1] - b[0]*keys[1]*r[1]*m1_transcript[0] + keys[1]*r[1]*m1_transcript[0]
b[0]*m1_transcript[1]*c_transcript[1] - m1_transcript[1]*c_transcript[1] - b[0]*g*r[1]*c_transcript[1] + g*r[1]*c_transcript[1] - b[0]*m1_transcript[1]*c_transcript[0] + m1_transcript[1]*c_transcript[0] + b[0]*g*r[1]*c_transcript[0] - g*r[1]*c_transcript[0]
b[0]*m2_transcript[0]*m2_transcript[1] - b[0]*w[0]*c_transcript[1]*m2_transcript[1] + w[0]*c_transcript[1]*m2_transcript[1] - w[0]*c_transcript[0]*m2_transcript[1] - b[0]*r[0]*m2_transcript[1] - b[0]*w[1]*c_transcript[1]*m2_transcript[0] - b[0]*r[1]*m2_transcript[0] + b[0]*w[0]*w[1]*c_transcript[1]^2 - w[0]*w[1]*c_transcript[1]^2 + w[0]*w[1]*c_transcript[0]*c_transcript[1] + b[0]*r[0]*w[1]*c_transcript[1] + b[0]*r[1]*w[0]*c_transcript[1] - r[1]*w[0]*c_transcript[1] + r[1]*w[0]*c_transcript[0] + b[0]*r[0]*r[1]
b[0]*r[0]*m1_transcript[1]*c_transcript[1] - b[0]*r[1]*m1_transcript[0]*c_transcript[1] - b[0]*c_sim[1]*r[0]*m1_transcript[1] + b[0]*c_sim[1]*r[1]*m1_transcript[0]
b[0]*r[0]*m1_transcript[1]*c_transcript[1] - b[0]*r[1]*m1_transcript[0]*c_transcript[1] - b[0]*r[0]*m1_transcript[1]*c_transcript[0] + r[0]*m1_transcript[1]*c_transcript[0] + b[0]*r[1]*m1_transcript[0]*c_transcript[0] - r[1]*m1_transcript[0]*c_transcript[0] - r[0]*u_evals[0]*m1_transcript[1] + r[1]*u_evals[0]*m1_transcript[0]
b[0]*r[0]*m1_transcript[1]*m2_transcript[1] - b[0]*r[1]*m1_transcript[0]*m2_transcript[1] - b[0]*m2_sim[1]*r[0]*m1_transcript[1] + b[0]*m2_sim[1]*r[1]*m1_transcript[0]
b[0]*r[0]*u_points[0]*m1_transcript[1] - b[0]*eval_points[1]*r[0]*m1_transcript[1] - b[0]*r[1]*u_points[0]*m1_transcript[0] + b[0]*eval_points[1]*r[1]*m1_transcript[0]
b[0]*u_points[0]*c_transcript[1] - u_points[0]*c_transcript[1] - b[0]*eval_points[1]*c_transcript[0] + eval_points[1]*c_transcript[0] - b[0]*u_points[0]*s + u_points[0]*s + b[0]*eval_points[1]*s - eval_points[1]*s
b[0]^2 - b[0]
b[1]*c_transcript[1]*m2_transcript[0] - c_transcript[1]*m2_transcript[0] - b[1]*c_transcript[0]*m2_transcript[0] + c_transcript[0]*m2_transcript[0] - b[1]*w[0]*c_transcript[0]*c_transcript[1] + w[0]*c_transcript[0]*c_transcript[1] - b[1]*r[0]*c_transcript[1] + r[0]*c_transcript[1] + b[1]*w[0]*c_transcript[0]^2 - w[0]*c_transcript[0]^2 + b[1]*r[0]*c_transcript[0] - r[0]*c_transcript[0]
b[1]*g*m1_transcript[0]*m2_transcript[0] - g*m1_transcript[0]*m2_transcript[0] - b[1]*g^2*r[0]*m2_transcript[0] + g^2*r[0]*m2_transcript[0] - b[1]*keys[0]*m1_transcript[0]*c_transcript[1] + keys[0]*m1_transcript[0]*c_transcript[1] + b[1]*g*keys[0]*r[0]*c_transcript[1] - g*keys[0]*r[0]*c_transcript[1] - b[1]*m1_transcript[0]^2 + m1_transcript[0]^2 + b[1]*g*r[0]*m1_transcript[0] - g*r[0]*m1_transcript[0]
b[1]*keys[0]*m1_transcript[0]*m2_transcript[0] - keys[0]*m1_transcript[0]*m2_transcript[0] - b[1]*g*keys[0]*r[0]*m2_transcript[0] + g*keys[0]*r[0]*m2_transcript[0] - b[1]*keys[0]*w[0]*m1_transcript[0]*c_transcript[1] + keys[0]*w[0]*m1_transcript[0]*c_transcript[1] + b[1]*keys[0]^2*r[0]*c_transcript[1] - keys[0]^2*r[0]*c_transcript[1] - b[1]*w[0]*m1_transcript[0]^2 + w[0]*m1_transcript[0]^2 + b[1]*keys[0]*r[0]*m1_transcript[0] - keys[0]*r[0]*m1_transcript[0]
b[1]*keys[0]*m1_transcript[0]*m2_transcript[1] - keys[0]*m1_transcript[0]*m2_transcript[1] - b[1]*g*keys[0]*r[0]*m2_transcript[1] + g*keys[0]*r[0]*m2_transcript[1] - b[1]*keys[1]*m1_transcript[0]*m2_transcript[0] + keys[1]*m1_transcript[0]*m2_transcript[0] + b[1]*g*keys[1]*r[0]*m2_transcript[0] - g*keys[1]*r[0]*m2_transcript[0] - b[1]*w[0]*m1_transcript[0]*m1_transcript[1] + w[0]*m1_transcript[0]*m1_transcript[1] + b[1]*keys[0]*r[0]*m1_transcript[1] - keys[0]*r[0]*m1_transcript[1] + b[1]*w[1]*m1_transcript[0]^2 - w[1]*m1_transcript[0]^2 - b[1]*keys[1]*r[0]*m1_transcript[0] + keys[1]*r[0]*m1_transcript[0]
b[1]*m1_transcript[0]*c_transcript[1] - m1_transcript[0]*c_transcript[1] - b[1]*g*r[0]*c_transcript[1] + g*r[0]*c_transcript[1] - b[1]*m1_transcript[0]*c_transcript[0] + m1_transcript[0]*c_transcript[0] + b[1]*g*r[0]*c_transcript[0] - g*r[0]*c_transcript[0]
b[1]*m1_transcript[0]*m2_transcript[1] - b[1]*g*r[0]*m2_transcript[1] + g*r[0]*m2_transcript[1] - w[1]*m1_transcript[0]*c_transcript[1] - b[1]*w[1]*m1_transcript[0]*c_transcript[0] + w[1]*m1_transcript[0]*c_transcript[0] + b[1]*keys[1]*r[0]*c_transcript[0] - keys[1]*r[0]*c_transcript[0] + b[1]*r[0]*m1_transcript[1] - r[0]*m1_transcript[1] - b[1]*r[1]*m1_transcript[0]
b[1]*r[0]*m1_transcript[1]*__zippel::gb::interp_inv::0 - b[1]*r[1]*m1_transcript[0]*__zippel::gb::interp_inv::0 - b[1]*r[0]*m1_transcript[1]*__zippel::gb::interp_inv::2 + b[1]*r[1]*m1_transcript[0]*__zippel::gb::interp_inv::2
b[1]*r[0]*m1_transcript[1]*c_transcript[1] - r[0]*m1_transcript[1]*c_transcript[1] - b[1]*r[1]*m1_transcript[0]*c_transcript[1] + r[1]*m1_transcript[0]*c_transcript[1] + r[0]*u_evals[0]*m1_transcript[1] - b[1]*c_sim[0]*r[0]*m1_transcript[1] - r[1]*u_evals[0]*m1_transcript[0] + b[1]*c_sim[0]*r[1]*m1_transcript[0]
b[1]*r[0]*m1_transcript[1]*c_transcript[1] - r[0]*m1_transcript[1]*c_transcript[1] - b[1]*r[1]*m1_transcript[0]*c_transcript[1] + r[1]*m1_transcript[0]*c_transcript[1] - b[1]*r[0]*m1_transcript[1]*c_transcript[0] + b[1]*r[1]*m1_transcript[0]*c_transcript[0] + r[0]*u_evals[0]*m1_transcript[1] - r[1]*u_evals[0]*m1_transcript[0]
b[1]*r[0]*m1_transcript[1]*m2_transcript[0] - b[1]*r[1]*m1_transcript[0]*m2_transcript[0] - b[1]*m2_sim[0]*r[0]*m1_transcript[1] + b[1]*m2_sim[0]*r[1]*m1_transcript[0]
b[1]*r[0]*u_points[0]*m1_transcript[1] - b[1]*eval_points[0]*r[0]*m1_transcript[1] - b[1]*r[1]*u_points[0]*m1_transcript[0] + b[1]*eval_points[0]*r[1]*m1_transcript[0]
b[1]*w[0]*m1_transcript[0]*m1_transcript[1]*m2_transcript[1] - b[1]*keys[0]*r[0]*m1_transcript[1]*m2_transcript[1] - keys[0]*r[1]*m1_transcript[0]*m2_transcript[1] + g*keys[0]*r[0]*r[1]*m2_transcript[1] - b[1]*w[1]*m1_transcript[0]*m1_transcript[1]*m2_transcript[0] + b[1]*keys[1]*r[0]*m1_transcript[1]*m2_transcript[0] + keys[1]*r[1]*m1_transcript[0]*m2_transcript[0] - g*keys[1]*r[0]*r[1]*m2_transcript[0] + b[1]*r[0]*w[0]*m1_transcript[1]^2 - b[1]*r[0]*w[1]*m1_transcript[0]*m1_transcript[1] - b[1]*r[1]*w[0]*m1_transcript[0]*m1_transcript[1] + r[1]*w[0]*m1_transcript[0]*m1_transcript[1] - keys[0]*r[0]*r[1]*m1_transcript[1] + b[1]*r[1]*w[1]*m1_transcript[0]^2 - r[1]*w[1]*m1_transcript[0]^2 + keys[1]*r[0]*r[1]*m1_transcript[0]
b[1]^2 - b[1]
c_transcript[0]*m2_transcript[0] - c_sim[0]*m2_transcript[0] - w[0]*c_transcript[0]^2 + c_sim[0]*w[0]*c_transcript[0] - r[0]*c_transcript[0] + c_sim[0]*r[0]
c_transcript[0]*m2_transcript[0] - u_evals[0]*m2_transcript[0] - w[0]*c_transcript[0]^2 + u_evals[0]*w[0]*c_transcript[0] - r[0]*c_transcript[0] + r[0]*u_evals[0]
c_transcript[1]*m2_transcript[1] - c_sim[1]*m2_transcript[1] - w[1]*c_transcript[1]^2 + c_sim[1]*w[1]*c_transcript[1] - r[1]*c_transcript[1] + c_sim[1]*r[1]
c_transcript[1]*m2_transcript[1] - u_evals[0]*m2_transcript[1] - w[1]*c_transcript[1]^2 + u_evals[0]*w[1]*c_transcript[1] - r[1]*c_transcript[1] + r[1]*u_evals[0]
eval_points[0]*__zippel::gb::interp_inv::2 + 1
eval_points[1]*r[0]*m1_transcript[1]*__zippel::gb::interp_inv::0 - eval_points[1]*r[1]*m1_transcript[0]*__zippel::gb::interp_inv::0 + r[0]*u_points[0]*m1_transcript[1]*__zippel::gb::interp_inv::2 - eval_points[1]*r[0]*m1_transcript[1]*__zippel::gb::interp_inv::2 - r[1]*u_points[0]*m1_transcript[0]*__zippel::gb::interp_inv::2 + eval_points[1]*r[1]*m1_transcript[0]*__zippel::gb::interp_inv::2 + r[0]*m1_transcript[1] - r[1]*m1_transcript[0]
eval_points[1]*r[0]*m1_transcript[1]*c_transcript[0]*__zippel::gb::interp_inv::0 - eval_points[1]*r[1]*m1_transcript[0]*c_transcript[0]*__zippel::gb::interp_inv::0 - eval_points[1]*r[0]*m1_transcript[1]*s*__zippel::gb::interp_inv::0 + eval_points[1]*r[1]*m1_transcript[0]*s*__zippel::gb::interp_inv::0 + r[0]*m1_transcript[1]*c_transcript[1] - r[1]*m1_transcript[0]*c_transcript[1] + r[0]*m1_transcript[1]*c_transcript[0] - r[1]*m1_transcript[0]*c_transcript[0] - r[0]*m1_transcript[1]*s + r[1]*m1_transcript[0]*s - r[0]*u_evals[0]*m1_transcript[1] + r[1]*u_evals[0]*m1_transcript[0]
g*r[0]*r[1]*m2_transcript[0] + r[0]*w[0]*m1_transcript[1]*c_transcript[1] - keys[0]*r[0]*r[1]*c_transcript[1] - r[1]*w[0]*m1_transcript[0]*c_transcript[0] - r[0]*u_evals[0]*w[0]*m1_transcript[1] + r[1]*u_evals[0]*w[0]*m1_transcript[0] - r[0]*r[1]*m1_transcript[0]
g*r[0]*u_points[0]*m2_transcript[1] - u_points[0]*w[1]*m1_transcript[0]*c_transcript[1] + eval_points[1]*w[1]*m1_transcript[0]*c_transcript[0] - eval_points[1]*keys[1]*r[0]*c_transcript[0] + u_points[0]*w[1]*m1_transcript[0]*s - eval_points[1]*w[1]*m1_transcript[0]*s - keys[1]*r[0]*u_points[0]*s + eval_points[1]*keys[1]*r[0]*s - r[0]*u_points[0]*m1_transcript[1]
g*w[0] - keys[0]
g*w[1] - keys[1]
keys[0]*r[0]*m1_transcript[1]*m2_transcript[1] - w[1]*m1_transcript[0]^2*m2_transcript[1] + keys[0]*r[1]*m1_transcript[0]*m2_transcript[1] - g*keys[0]*r[0]*r[1]*m2_transcript[1] + w[1]*m1_transcript[0]*m1_transcript[1]*m2_transcript[0] - keys[1]*r[0]*m1_transcript[1]*m2_transcript[0] - keys[1]*r[1]*m1_transcript[0]*m2_transcript[0] + g*keys[1]*r[0]*r[1]*m2_transcript[0] - w[0]*w[1]*m1_transcript[0]*m1_transcript[1]*c_transcript[1] + w[1]^2*m1_transcript[0]^2*c_transcript[1] - r[0]*w[0]*m1_transcript[1]^2 + r[0]*w[1]*m1_transcript[0]*m1_transcript[1] - r[1]*w[0]*m1_transcript[0]*m1_transcript[1] + keys[0]*r[0]*r[1]*m1_transcript[1] + r[1]*w[1]*m1_transcript[0]^2 - keys[1]*r[0]*r[1]*m1_transcript[0]
keys[0]*w[0]*w[1]*m1_transcript[0]*m1_transcript[1]*m2_transcript[1] - keys[0]^2*r[0]*w[1]*m1_transcript[1]*m2_transcript[1] - keys[0]^2*r[1]*w[1]*m1_transcript[0]*m2_transcript[1] + keys[0]^2*keys[1]*r[0]*r[1]*m2_transcript[1] - keys[0]*w[1]^2*m1_transcript[0]*m1_transcript[1]*m2_transcript[0] + keys[0]*keys[1]*r[0]*w[1]*m1_transcript[1]*m2_transcript[0] + keys[0]*keys[1]*r[1]*w[1]*m1_transcript[0]*m2_transcript[0] - keys[0]*keys[1]^2*r[0]*r[1]*m2_transcript[0] - w[0]^2*w[1]*m1_transcript[0]*m1_transcript[1]^2 + keys[0]*r[0]*w[0]*w[1]*m1_transcript[1]^2 + w[0]*w[1]^2*m1_transcript[0]^2*m1_transcript[1] - keys[0]*r[0]*w[1]^2*m1_transcript[0]*m1_transcript[1] + keys[0]*r[1]*w[0]*w[1]*m1_transcript[0]*m1_transcript[1] - keys[0]^2*r[0]*r[1]*w[1]*m1_transcript[1] - keys[0]*r[1]*w[1]^2*m1_transcript[0]^2 + keys[0]*keys[1]*r[0]*r[1]*w[1]*m1_transcript[0]
keys[0]*w[0]^2*m1_transcript[0]*m1_transcript[1]*m2_transcript[1] - keys[0]^2*r[0]*w[0]*m1_transcript[1]*m2_transcript[1] - keys[0]^2*r[1]*w[0]*m1_transcript[0]*m2_transcript[1] + keys[0]^3*r[0]*r[1]*m2_transcript[1] - keys[0]*w[0]*w[1]*m1_transcript[0]*m1_transcript[1]*m2_transcript[0] + keys[0]^2*r[0]*w[1]*m1_transcript[1]*m2_transcript[0] + keys[0]^2*r[1]*w[1]*m1_transcript[0]*m2_transcript[0] - keys[0]^2*keys[1]*r[0]*r[1]*m2_transcript[0] - w[0]^3*m1_transcript[0]*m1_transcript[1]^2 + keys[0]*r[0]*w[0]^2*m1_transcript[1]^2 + w[0]^2*w[1]*m1_transcript[0]^2*m1_transcript[1] - keys[0]*r[0]*w[0]*w[1]*m1_transcript[0]*m1_transcript[1] + keys[0]*r[1]*w[0]^2*m1_transcript[0]*m1_transcript[1] - keys[0]^2*r[0]*r[1]*w[0]*m1_transcript[1] - keys[0]*r[1]*w[0]*w[1]*m1_transcript[0]^2 + keys[0]^2*r[0]*r[1]*w[1]*m1_transcript[0]
keys[0]*w[1]^2*m1_transcript[0]*m1_transcript[1]*m2_transcript[1] - keys[0]*keys[1]*r[0]*w[1]*m1_transcript[1]*m2_transcript[1] - keys[0]*keys[1]*r[1]*w[1]*m1_transcript[0]*m2_transcript[1] + keys[0]*keys[1]^2*r[0]*r[1]*m2_transcript[1] - keys[1]*w[1]^2*m1_transcript[0]*m1_transcript[1]*m2_transcript[0] + keys[1]^2*r[0]*w[1]*m1_transcript[1]*m2_transcript[0] + keys[1]^2*r[1]*w[1]*m1_transcript[0]*m2_transcript[0] - keys[1]^3*r[0]*r[1]*m2_transcript[0] - w[0]*w[1]^2*m1_transcript[0]*m1_transcript[1]^2 + keys[0]*r[0]*w[1]^2*m1_transcript[1]^2 + w[1]^3*m1_transcript[0]^2*m1_transcript[1] + keys[0]*r[1]*w[1]^2*m1_transcript[0]*m1_transcript[1] - keys[1]*r[0]*w[1]^2*m1_transcript[0]*m1_transcript[1] - keys[0]*keys[1]*r[0]*r[1]*w[1]*m1_transcript[1] - keys[1]*r[1]*w[1]^2*m1_transcript[0]^2 + keys[1]^2*r[0]*r[1]*w[1]*m1_transcript[0]
keys[1]*r[0]*m1_transcript[1]*m2_transcript[1] + keys[1]*r[1]*m1_transcript[0]*m2_transcript[1] - g*keys[1]*r[0]*r[1]*m2_transcript[1] - w[1]^2*m1_transcript[0]*m1_transcript[1]*c_transcript[1] + w[1]^2*m1_transcript[0]*m1_transcript[1]*c_transcript[0] - keys[1]*r[0]*w[1]*m1_transcript[1]*c_transcript[0] - keys[1]*r[1]*w[1]*m1_transcript[0]*c_transcript[0] + keys[1]^2*r[0]*r[1]*c_transcript[0] - r[0]*w[1]*m1_transcript[1]^2 - r[1]*w[1]*m1_transcript[0]*m1_transcript[1] + keys[1]*r[0]*r[1]*m1_transcript[1]
m1_transcript[0]*__zippel::gb::interp_inv::0 - g*r[0]*__zippel::gb::interp_inv::0 - m1_transcript[0]*__zippel::gb::interp_inv::2 + g*r[0]*__zippel::gb::interp_inv::2
m1_transcript[0]*c_transcript[0] - g*r[0]*c_transcript[0] - c_sim[0]*m1_transcript[0] + c_sim[0]*g*r[0]
m1_transcript[0]*c_transcript[0] - g*r[0]*c_transcript[0] - u_evals[0]*m1_transcript[0] + g*r[0]*u_evals[0]
m1_transcript[0]*c_transcript[1]*m2_transcript[1] - c_sim[0]*m1_transcript[0]*m2_transcript[1] - w[1]*m1_transcript[0]*c_transcript[1]^2 + c_sim[0]*w[1]*m1_transcript[0]*c_transcript[1] - r[1]*m1_transcript[0]*c_transcript[1] - r[0]*u_evals[0]*m1_transcript[1] + c_sim[0]*r[0]*m1_transcript[1] + r[1]*u_evals[0]*m1_transcript[0]
m1_transcript[0]*c_transcript[1]*m2_transcript[1] - m1_transcript[0]*c_transcript[0]*m2_transcript[1] - w[1]*m1_transcript[0]*c_transcript[1]^2 + w[1]*m1_transcript[0]*c_transcript[0]*c_transcript[1] - r[1]*m1_transcript[0]*c_transcript[1] + r[0]*m1_transcript[1]*c_transcript[0] - r[0]*u_evals[0]*m1_transcript[1] + r[1]*u_evals[0]*m1_transcript[0]
m1_transcript[0]*m2_transcript[0] - g*r[0]*m2_transcript[0] - m2_sim[0]*m1_transcript[0] + g*m2_sim[0]*r[0]
m1_transcript[0]*m2_transcript[0]*m2_transcript[1] - m2_sim[0]*m1_transcript[0]*m2_transcript[1] - w[1]*m1_transcript[0]*c_transcript[1]*m2_transcript[0] - r[0]*m1_transcript[1]*m2_transcript[0] + m2_sim[0]*w[1]*m1_transcript[0]*c_transcript[1] + m2_sim[0]*r[0]*m1_transcript[1]
m1_transcript[0]*m2_transcript[1] + b[0]*m1_transcript[1]*m2_transcript[0] - m1_transcript[1]*m2_transcript[0] - b[0]*g*r[1]*m2_transcript[0] + g*r[1]*m2_transcript[0] - b[0]*w[0]*m1_transcript[1]*c_transcript[1] + w[0]*m1_transcript[1]*c_transcript[1] - w[1]*m1_transcript[0]*c_transcript[1] + b[0]*keys[0]*r[1]*c_transcript[1] - keys[0]*r[1]*c_transcript[1] - b[0]*r[0]*m1_transcript[1] + b[0]*r[1]*m1_transcript[0] - r[1]*m1_transcript[0]
m1_transcript[0]*m2_transcript[1] - m1_transcript[1]*m2_transcript[0] - w[1]*m1_transcript[0]*c_transcript[1] + w[0]*m1_transcript[1]*c_transcript[0]
m1_transcript[0]*m2_transcript[1]*__zippel::gb::interp_inv::0 - w[1]*m1_transcript[0]*c_transcript[1]*__zippel::gb::interp_inv::0 - r[0]*m1_transcript[1]*__zippel::gb::interp_inv::0 - m1_transcript[0]*m2_transcript[1]*__zippel::gb::interp_inv::2 + w[1]*m1_transcript[0]*c_transcript[1]*__zippel::gb::interp_inv::2 + r[0]*m1_transcript[1]*__zippel::gb::interp_inv::2
m1_transcript[0]^2*m2_transcript[1] + b[1]*m1_transcript[0]*m1_transcript[1]*m2_transcript[0] - m1_transcript[0]*m1_transcript[1]*m2_transcript[0] - b[1]*g*r[0]*m1_transcript[1]*m2_transcript[0] + g*r[0]*m1_transcript[1]*m2_transcript[0] - b[1]*w[0]*m1_transcript[0]*m1_transcript[1]*c_transcript[1] + w[0]*m1_transcript[0]*m1_transcript[1]*c_transcript[1] + b[1]*keys[0]*r[0]*m1_transcript[1]*c_transcript[1] - keys[0]*r[0]*m1_transcript[1]*c_transcript[1] - w[1]*m1_transcript[0]^2*c_transcript[1] + b[1]*r[0]*m1_transcript[0]*m1_transcript[1] - r[0]*m1_transcript[0]*m1_transcript[1] - b[1]*r[1]*m1_transcript[0]^2
m1_transcript[0]^2*m2_transcript[1] - m1_transcript[0]*m1_transcript[1]*m2_transcript[0] + g*r[0]*m1_transcript[1]*m2_transcript[0] + g*r[1]*m1_transcript[0]*m2_transcript[0] - g^2*r[0]*r[1]*m2_transcript[0] + w[0]*m1_transcript[0]*m1_transcript[1]*c_transcript[1] - keys[0]*r[0]*m1_transcript[1]*c_transcript[1] - w[1]*m1_transcript[0]^2*c_transcript[1] - keys[0]*r[1]*m1_transcript[0]*c_transcript[1] + g*keys[0]*r[0]*r[1]*c_transcript[1] - r[0]*m1_transcript[0]*m1_transcript[1] - r[1]*m1_transcript[0]^2 + g*r[0]*r[1]*m1_transcript[0]
m1_transcript[1]*c_transcript[1] - g*r[1]*c_transcript[1] - c_sim[1]*m1_transcript[1] + c_sim[1]*g*r[1]
m1_transcript[1]*c_transcript[1] - g*r[1]*c_transcript[1] - u_evals[0]*m1_transcript[1] + g*r[1]*u_evals[0]
m1_transcript[1]*m2_transcript[1] - g*r[1]*m2_transcript[1] - m2_sim[1]*m1_transcript[1] + g*m2_sim[1]*r[1]
m2_transcript[0]*__zippel::gb::interp_inv::0 - w[0]*c_transcript[0]*__zippel::gb::interp_inv::0 - r[0]*__zippel::gb::interp_inv::0 - m2_transcript[0]*__zippel::gb::interp_inv::2 + w[0]*c_transcript[0]*__zippel::gb::interp_inv::2 + r[0]*__zippel::gb::interp_inv::2
m2_transcript[0]^2 - w[0]*c_transcript[0]*m2_transcript[0] - r[0]*m2_transcript[0] - m2_sim[0]*m2_transcript[0] + m2_sim[0]*w[0]*c_transcript[0] + m2_sim[0]*r[0]
m2_transcript[1]^2 - w[1]*c_transcript[1]*m2_transcript[1] - r[1]*m2_transcript[1] - m2_sim[1]*m2_transcript[1] + m2_sim[1]*w[1]*c_transcript[1] + m2_sim[1]*r[1]
r[0]*m1_transcript[0]*m2_transcript[1] + b[0]*r[0]*m1_transcript[1]*m2_transcript[0] - r[0]*m1_transcript[1]*m2_transcript[0] - b[0]*r[1]*m1_transcript[0]*m2_transcript[0] + g*r[0]*r[1]*m2_transcript[0] - b[0]*r[0]*w[0]*m1_transcript[1]*c_transcript[1] + r[0]*w[0]*m1_transcript[1]*c_transcript[1] - r[0]*w[1]*m1_transcript[0]*c_transcript[1] + b[0]*r[1]*w[0]*m1_transcript[0]*c_transcript[1] - keys[0]*r[0]*r[1]*c_transcript[1] - b[0]*r[0]^2*m1_transcript[1] + b[0]*r[0]*r[1]*m1_transcript[0] - r[0]*r[1]*m1_transcript[0]
r[0]*m1_transcript[1]*c_transcript[1] - g*r[0]*r[1]*c_transcript[1] - r[1]*m1_transcript[0]*c_transcript[0] + g*r[0]*r[1]*c_transcript[0] - r[0]*u_evals[0]*m1_transcript[1] + r[1]*u_evals[0]*m1_transcript[0]
r[0]*u_points[0]*m1_transcript[1]*c_transcript[1] - r[1]*u_points[0]*m1_transcript[0]*c_transcript[1] + r[0]*u_points[0]*m1_transcript[1]*c_transcript[0] - eval_points[1]*r[0]*m1_transcript[1]*c_transcript[0] - r[1]*u_points[0]*m1_transcript[0]*c_transcript[0] + eval_points[1]*r[1]*m1_transcript[0]*c_transcript[0] - r[0]*u_points[0]*m1_transcript[1]*s + eval_points[1]*r[0]*m1_transcript[1]*s + r[1]*u_points[0]*m1_transcript[0]*s - eval_points[1]*r[1]*m1_transcript[0]*s - r[0]*u_evals[0]*u_points[0]*m1_transcript[1] + r[1]*u_evals[0]*u_points[0]*m1_transcript[0]
r[0]*u_points[0]*m1_transcript[1]*c_transcript[1]*m2_transcript[1] - r[1]*u_points[0]*m1_transcript[0]*c_transcript[1]*m2_transcript[1] - eval_points[1]*r[0]*m1_transcript[1]*c_transcript[0]*m2_transcript[1] + eval_points[1]*r[1]*m1_transcript[0]*c_transcript[0]*m2_transcript[1] - r[0]*u_points[0]*m1_transcript[1]*s*m2_transcript[1] + eval_points[1]*r[0]*m1_transcript[1]*s*m2_transcript[1] + r[1]*u_points[0]*m1_transcript[0]*s*m2_transcript[1] - eval_points[1]*r[1]*m1_transcript[0]*s*m2_transcript[1] - m2_sim[1]*r[0]*u_points[0]*m1_transcript[1]*c_transcript[1] + m2_sim[1]*r[1]*u_points[0]*m1_transcript[0]*c_transcript[1] + eval_points[1]*m2_sim[1]*r[0]*m1_transcript[1]*c_transcript[0] - eval_points[1]*m2_sim[1]*r[1]*m1_transcript[0]*c_transcript[0] + m2_sim[1]*r[0]*u_points[0]*m1_transcript[1]*s - eval_points[1]*m2_sim[1]*r[0]*m1_transcript[1]*s - m2_sim[1]*r[1]*u_points[0]*m1_transcript[0]*s + eval_points[1]*m2_sim[1]*r[1]*m1_transcript[0]*s
r[0]*u_points[0]*m1_transcript[1]*c_transcript[1]^2 - r[1]*u_points[0]*m1_transcript[0]*c_transcript[1]^2 - eval_points[1]*r[0]*m1_transcript[1]*c_transcript[0]*c_transcript[1] + eval_points[1]*r[1]*m1_transcript[0]*c_transcript[0]*c_transcript[1] - r[0]*u_points[0]*m1_transcript[1]*s*c_transcript[1] + eval_points[1]*r[0]*m1_transcript[1]*s*c_transcript[1] + r[1]*u_points[0]*m1_transcript[0]*s*c_transcript[1] - eval_points[1]*r[1]*m1_transcript[0]*s*c_transcript[1] - c_sim[1]*r[0]*u_points[0]*m1_transcript[1]*c_transcript[1] + c_sim[1]*r[1]*u_points[0]*m1_transcript[0]*c_transcript[1] + c_sim[1]*eval_points[1]*r[0]*m1_transcript[1]*c_transcript[0] - c_sim[1]*eval_points[1]*r[1]*m1_transcript[0]*c_transcript[0] + c_sim[1]*r[0]*u_points[0]*m1_transcript[1]*s - c_sim[1]*eval_points[1]*r[0]*m1_transcript[1]*s - c_sim[1]*r[1]*u_points[0]*m1_transcript[0]*s + c_sim[1]*eval_points[1]*r[1]*m1_transcript[0]*s
r[0]*u_points[0]^2*m1_transcript[1]*c_transcript[1] - eval_points[1]*r[0]*u_points[0]*m1_transcript[1]*c_transcript[1] - r[1]*u_points[0]^2*m1_transcript[0]*c_transcript[1] + eval_points[1]*r[1]*u_points[0]*m1_transcript[0]*c_transcript[1] - eval_points[1]*r[0]*u_points[0]*m1_transcript[1]*c_transcript[0] + eval_points[1]^2*r[0]*m1_transcript[1]*c_transcript[0] + eval_points[1]*r[1]*u_points[0]*m1_transcript[0]*c_transcript[0] - eval_points[1]^2*r[1]*m1_transcript[0]*c_transcript[0] - r[0]*u_points[0]^2*m1_transcript[1]*s + 2*eval_points[1]*r[0]*u_points[0]*m1_transcript[1]*s - eval_points[1]^2*r[0]*m1_transcript[1]*s + r[1]*u_points[0]^2*m1_transcript[0]*s + 52435875175126190479447740508185965837690552500527637822603658699938581184511*eval_points[1]*r[1]*u_points[0]*m1_transcript[0]*s + eval_points[1]^2*r[1]*m1_transcript[0]*s
u_points[0]*__zippel::gb::interp_inv::0 + 1
u_points[0]*m1_transcript[0] - eval_points[0]*m1_transcript[0] - g*r[0]*u_points[0] + eval_points[0]*g*r[0]
u_points[0]*m1_transcript[0]*m2_transcript[1] - eval_points[0]*m1_transcript[0]*m2_transcript[1] - u_points[0]*w[1]*m1_transcript[0]*c_transcript[1] + eval_points[0]*w[1]*m1_transcript[0]*c_transcript[1] - r[0]*u_points[0]*m1_transcript[1] + eval_points[0]*r[0]*m1_transcript[1]
u_points[0]*m1_transcript[1] - eval_points[1]*m1_transcript[1] - g*r[1]*u_points[0] + eval_points[1]*g*r[1]
u_points[0]*m2_transcript[0] - eval_points[0]*m2_transcript[0] - u_points[0]*w[0]*c_transcript[0] + eval_points[0]*w[0]*c_transcript[0] - r[0]*u_points[0] + eval_points[0]*r[0]
u_points[0]*m2_transcript[1] - eval_points[1]*m2_transcript[1] - u_points[0]*w[1]*c_transcript[1] + eval_points[1]*w[1]*c_transcript[1] - r[1]*u_points[0] + eval_points[1]*r[1]
u_points[0]*w[0]*m1_transcript[0] - eval_points[0]*w[0]*m1_transcript[0] - keys[0]*r[0]*u_points[0] + eval_points[0]*keys[0]*r[0]
u_points[0]*w[0]*m1_transcript[1] - eval_points[1]*w[0]*m1_transcript[1] - keys[0]*r[1]*u_points[0] + eval_points[1]*keys[0]*r[1]
u_points[0]*w[1]*m1_transcript[0] - eval_points[0]*w[1]*m1_transcript[0] - keys[1]*r[0]*u_points[0] + eval_points[0]*keys[1]*r[0]
u_points[0]*w[1]*m1_transcript[1] - eval_points[1]*w[1]*m1_transcript[1] - keys[1]*r[1]*u_points[0] + eval_points[1]*keys[1]*r[1]
w[0]*m1_transcript[0]*__zippel::gb::interp_inv::0 - keys[0]*r[0]*__zippel::gb::interp_inv::0 - w[0]*m1_transcript[0]*__zippel::gb::interp_inv::2 + keys[0]*r[0]*__zippel::gb::interp_inv::2
w[0]*m1_transcript[0]*m2_transcript[0] - keys[0]*r[0]*m2_transcript[0] - m2_sim[0]*w[0]*m1_transcript[0] + keys[0]*m2_sim[0]*r[0]
w[0]*m1_transcript[0]^2*m2_transcript[1] - w[0]*m1_transcript[0]*m1_transcript[1]*m2_transcript[0] + keys[0]*r[0]*m1_transcript[1]*m2_transcript[0] + keys[0]*r[1]*m1_transcript[0]*m2_transcript[0] - g*keys[0]*r[0]*r[1]*m2_transcript[0] + w[0]^2*m1_transcript[0]*m1_transcript[1]*c_transcript[1] - keys[0]*r[0]*w[0]*m1_transcript[1]*c_transcript[1] - w[0]*w[1]*m1_transcript[0]^2*c_transcript[1] - keys[0]*r[1]*w[0]*m1_transcript[0]*c_transcript[1] + keys[0]^2*r[0]*r[1]*c_transcript[1] - r[0]*w[0]*m1_transcript[0]*m1_transcript[1] - r[1]*w[0]*m1_transcript[0]^2 + keys[0]*r[0]*r[1]*m1_transcript[0]
w[0]*m1_transcript[1]*c_transcript[1] - keys[0]*r[1]*c_transcript[1] - c_sim[1]*w[0]*m1_transcript[1] + c_sim[1]*keys[0]*r[1]
w[0]*m1_transcript[1]*c_transcript[1] - keys[0]*r[1]*c_transcript[1] - u_evals[0]*w[0]*m1_transcript[1] + keys[0]*r[1]*u_evals[0]
w[0]*m1_transcript[1]*m2_transcript[1] - keys[0]*r[1]*m2_transcript[1] - m2_sim[1]*w[0]*m1_transcript[1] + keys[0]*m2_sim[1]*r[1]
w[1]*m1_transcript[0]*__zippel::gb::interp_inv::0 - keys[1]*r[0]*__zippel::gb::interp_inv::0 - w[1]*m1_transcript[0]*__zippel::gb::interp_inv::2 + keys[1]*r[0]*__zippel::gb::interp_inv::2
w[1]*m1_transcript[0]*c_transcript[0] - keys[1]*r[0]*c_transcript[0] - c_sim[0]*w[1]*m1_transcript[0] + c_sim[0]*keys[1]*r[0]
w[1]*m1_transcript[0]*c_transcript[0] - keys[1]*r[0]*c_transcript[0] - u_evals[0]*w[1]*m1_transcript[0] + keys[1]*r[0]*u_evals[0]
w[1]*m1_transcript[0]*m2_transcript[0] - keys[1]*r[0]*m2_transcript[0] - m2_sim[0]*w[1]*m1_transcript[0] + keys[1]*m2_sim[0]*r[0]
w[1]*m1_transcript[1]*m2_transcript[1] - keys[1]*r[1]*m2_transcript[1] - m2_sim[1]*w[1]*m1_transcript[1] + keys[1]*m2_sim[1]*r[1]
