---
source: analyses/tests/gb_snapshots/common.rs
expression: value
---
- alpha*beta*g*t + alpha*beta*g*s + alpha*h*r_d_beta - alpha*beta*h*r_d - beta*h*r_c_alpha + alpha*beta*h*r_c - beta*g + alpha*g
__zippel::node::178 - 1
__zippel::node::188 - 1
alpha*g*s - h*r_c_alpha + alpha*h*r_c + alpha*g*j - g
beta*g*t - h*r_d_beta + beta*h*r_d + beta*g*j - g
