---
source: analyses/tests/gb_snapshots/common.rs
expression: value
---
- g_evs[1]*g_shift_inv[0]*g_shift_inv[1]*g_shift_inv[2]*s_sigma_evs[2] + g_evs[0]*g_shift_inv[0]*g_shift_inv[1]*g_shift_inv[2]*s_sigma_evs[2] + g_evs[2]*g_shift_inv[0]*g_shift_inv[1]*g_shift_inv[2]*s_sigma_evs[1] - g_evs[0]*g_shift_inv[0]*g_shift_inv[1]*g_shift_inv[2]*s_sigma_evs[1] - g_evs[2]*g_shift_inv[0]*g_shift_inv[1]*g_shift_inv[2]*s_sigma_evs[0] + g_evs[1]*g_shift_inv[0]*g_shift_inv[1]*g_shift_inv[2]*s_sigma_evs[0] + g_evs[2]*g_shift_inv[1]*g_shift_inv[2] - g_evs[1]*g_shift_inv[1]*g_shift_inv[2] - g_evs[2]*g_shift_inv[0]*g_shift_inv[2] + g_evs[0]*g_shift_inv[0]*g_shift_inv[2] + g_evs[1]*g_shift_inv[0]*g_shift_inv[1] - g_evs[0]*g_shift_inv[0]*g_shift_inv[1]
- g_evs[1]*g_shift_inv[0]*g_shift_inv[1]*g_shift_inv[3]*s_sigma_evs[3] + g_evs[0]*g_shift_inv[0]*g_shift_inv[1]*g_shift_inv[3]*s_sigma_evs[3] + g_evs[3]*g_shift_inv[0]*g_shift_inv[1]*g_shift_inv[3]*s_sigma_evs[1] - g_evs[0]*g_shift_inv[0]*g_shift_inv[1]*g_shift_inv[3]*s_sigma_evs[1] - g_evs[3]*g_shift_inv[0]*g_shift_inv[1]*g_shift_inv[3]*s_sigma_evs[0] + g_evs[1]*g_shift_inv[0]*g_shift_inv[1]*g_shift_inv[3]*s_sigma_evs[0] + g_evs[3]*g_shift_inv[1]*g_shift_inv[3] - g_evs[1]*g_shift_inv[1]*g_shift_inv[3] - g_evs[3]*g_shift_inv[0]*g_shift_inv[3] + g_evs[0]*g_shift_inv[0]*g_shift_inv[3] + g_evs[1]*g_shift_inv[0]*g_shift_inv[1] - g_evs[0]*g_shift_inv[0]*g_shift_inv[1]
- g_evs[1]*g_shift_inv[0]*g_shift_inv[1]*g_shift_inv[4]*s_sigma_evs[4] + g_evs[0]*g_shift_inv[0]*g_shift_inv[1]*g_shift_inv[4]*s_sigma_evs[4] + g_evs[4]*g_shift_inv[0]*g_shift_inv[1]*g_shift_inv[4]*s_sigma_evs[1] - g_evs[0]*g_shift_inv[0]*g_shift_inv[1]*g_shift_inv[4]*s_sigma_evs[1] - g_evs[4]*g_shift_inv[0]*g_shift_inv[1]*g_shift_inv[4]*s_sigma_evs[0] + g_evs[1]*g_shift_inv[0]*g_shift_inv[1]*g_shift_inv[4]*s_sigma_evs[0] + g_evs[4]*g_shift_inv[1]*g_shift_inv[4] - g_evs[1]*g_shift_inv[1]*g_shift_inv[4] - g_evs[4]*g_shift_inv[0]*g_shift_inv[4] + g_evs[0]*g_shift_inv[0]*g_shift_inv[4] + g_evs[1]*g_shift_inv[0]*g_shift_inv[1] - g_evs[0]*g_shift_inv[0]*g_shift_inv[1]
- g_evs[1]*g_shift_inv[0]*g_shift_inv[1]*g_shift_inv[5]*s_sigma_evs[5] + g_evs[0]*g_shift_inv[0]*g_shift_inv[1]*g_shift_inv[5]*s_sigma_evs[5] + g_evs[5]*g_shift_inv[0]*g_shift_inv[1]*g_shift_inv[5]*s_sigma_evs[1] - g_evs[0]*g_shift_inv[0]*g_shift_inv[1]*g_shift_inv[5]*s_sigma_evs[1] - g_evs[5]*g_shift_inv[0]*g_shift_inv[1]*g_shift_inv[5]*s_sigma_evs[0] + g_evs[1]*g_shift_inv[0]*g_shift_inv[1]*g_shift_inv[5]*s_sigma_evs[0] + g_evs[5]*g_shift_inv[1]*g_shift_inv[5] - g_evs[1]*g_shift_inv[1]*g_shift_inv[5] - g_evs[5]*g_shift_inv[0]*g_shift_inv[5] + g_evs[0]*g_shift_inv[0]*g_shift_inv[5] + g_evs[1]*g_shift_inv[0]*g_shift_inv[1] - g_evs[0]*g_shift_inv[0]*g_shift_inv[1]
- g_evs[1]*g_shift_inv[0]*g_shift_inv[1]*g_shift_inv[6]*s_sigma_evs[6] + g_evs[0]*g_shift_inv[0]*g_shift_inv[1]*g_shift_inv[6]*s_sigma_evs[6] + g_evs[6]*g_shift_inv[0]*g_shift_inv[1]*g_shift_inv[6]*s_sigma_evs[1] - g_evs[0]*g_shift_inv[0]*g_shift_inv[1]*g_shift_inv[6]*s_sigma_evs[1] - g_evs[6]*g_shift_inv[0]*g_shift_inv[1]*g_shift_inv[6]*s_sigma_evs[0] + g_evs[1]*g_shift_inv[0]*g_shift_inv[1]*g_shift_inv[6]*s_sigma_evs[0] + g_evs[6]*g_shift_inv[1]*g_shift_inv[6] - g_evs[1]*g_shift_inv[1]*g_shift_inv[6] - g_evs[6]*g_shift_inv[0]*g_shift_inv[6] + g_evs[0]*g_shift_inv[0]*g_shift_inv[6] + g_evs[1]*g_shift_inv[0]*g_shift_inv[1] - g_evs[0]*g_shift_inv[0]*g_shift_inv[1]
- g_evs[1]*g_shift_inv[0]*g_shift_inv[1]*g_shift_inv[7]*s_sigma_evs[7] + g_evs[0]*g_shift_inv[0]*g_shift_inv[1]*g_shift_inv[7]*s_sigma_evs[7] + g_evs[7]*g_shift_inv[0]*g_shift_inv[1]*g_shift_inv[7]*s_sigma_evs[1] - g_evs[0]*g_shift_inv[0]*g_shift_inv[1]*g_shift_inv[7]*s_sigma_evs[1] - g_evs[7]*g_shift_inv[0]*g_shift_inv[1]*g_shift_inv[7]*s_sigma_evs[0] + g_evs[1]*g_shift_inv[0]*g_shift_inv[1]*g_shift_inv[7]*s_sigma_evs[0] + g_evs[7]*g_shift_inv[1]*g_shift_inv[7] - g_evs[1]*g_shift_inv[1]*g_shift_inv[7] - g_evs[7]*g_shift_inv[0]*g_shift_inv[7] + g_evs[0]*g_shift_inv[0]*g_shift_inv[7] + g_evs[1]*g_shift_inv[0]*g_shift_inv[1] - g_evs[0]*g_shift_inv[0]*g_shift_inv[1]
- g_evs[2]*g_shift_inv[0]*g_shift_inv[2]*g_shift_inv[3]*s_sigma_evs[3] + g_evs[0]*g_shift_inv[0]*g_shift_inv[2]*g_shift_inv[3]*s_sigma_evs[3] + g_evs[3]*g_shift_inv[0]*g_shift_inv[2]*g_shift_inv[3]*s_sigma_evs[2] - g_evs[0]*g_shift_inv[0]*g_shift_inv[2]*g_shift_inv[3]*s_sigma_evs[2] - g_evs[3]*g_shift_inv[0]*g_shift_inv[2]*g_shift_inv[3]*s_sigma_evs[0] + g_evs[2]*g_shift_inv[0]*g_shift_inv[2]*g_shift_inv[3]*s_sigma_evs[0] + g_evs[3]*g_shift_inv[2]*g_shift_inv[3] - g_evs[2]*g_shift_inv[2]*g_shift_inv[3] - g_evs[3]*g_shift_inv[0]*g_shift_inv[3] + g_evs[0]*g_shift_inv[0]*g_shift_inv[3] + g_evs[2]*g_shift_inv[0]*g_shift_inv[2] - g_evs[0]*g_shift_inv[0]*g_shift_inv[2]
- g_evs[2]*g_shift_inv[0]*g_shift_inv[2]*g_shift_inv[4]*s_sigma_evs[4] + g_evs[0]*g_shift_inv[0]*g_shift_inv[2]*g_shift_inv[4]*s_sigma_evs[4] + g_evs[4]*g_shift_inv[0]*g_shift_inv[2]*g_shift_inv[4]*s_sigma_evs[2] - g_evs[0]*g_shift_inv[0]*g_shift_inv[2]*g_shift_inv[4]*s_sigma_evs[2] - g_evs[4]*g_shift_inv[0]*g_shift_inv[2]*g_shift_inv[4]*s_sigma_evs[0] + g_evs[2]*g_shift_inv[0]*g_shift_inv[2]*g_shift_inv[4]*s_sigma_evs[0] + g_evs[4]*g_shift_inv[2]*g_shift_inv[4] - g_evs[2]*g_shift_inv[2]*g_shift_inv[4] - g_evs[4]*g_shift_inv[0]*g_shift_inv[4] + g_evs[0]*g_shift_inv[0]*g_shift_inv[4] + g_evs[2]*g_shift_inv[0]*g_shift_inv[2] - g_evs[0]*g_shift_inv[0]*g_shift_inv[2]
- g_evs[2]*g_shift_inv[0]*g_shift_inv[2]*g_shift_inv[5]*s_sigma_evs[5] + g_evs[0]*g_shift_inv[0]*g_shift_inv[2]*g_shift_inv[5]*s_sigma_evs[5] + g_evs[5]*g_shift_inv[0]*g_shift_inv[2]*g_shift_inv[5]*s_sigma_evs[2] - g_evs[0]*g_shift_inv[0]*g_shift_inv[2]*g_shift_inv[5]*s_sigma_evs[2] - g_evs[5]*g_shift_inv[0]*g_shift_inv[2]*g_shift_inv[5]*s_sigma_evs[0] + g_evs[2]*g_shift_inv[0]*g_shift_inv[2]*g_shift_inv[5]*s_sigma_evs[0] + g_evs[5]*g_shift_inv[2]*g_shift_inv[5] - g_evs[2]*g_shift_inv[2]*g_shift_inv[5] - g_evs[5]*g_shift_inv[0]*g_shift_inv[5] + g_evs[0]*g_shift_inv[0]*g_shift_inv[5] + g_evs[2]*g_shift_inv[0]*g_shift_inv[2] - g_evs[0]*g_shift_inv[0]*g_shift_inv[2]
- g_evs[2]*g_shift_inv[0]*g_shift_inv[2]*g_shift_inv[6]*s_sigma_evs[6] + g_evs[0]*g_shift_inv[0]*g_shift_inv[2]*g_shift_inv[6]*s_sigma_evs[6] + g_evs[6]*g_shift_inv[0]*g_shift_inv[2]*g_shift_inv[6]*s_sigma_evs[2] - g_evs[0]*g_shift_inv[0]*g_shift_inv[2]*g_shift_inv[6]*s_sigma_evs[2] - g_evs[6]*g_shift_inv[0]*g_shift_inv[2]*g_shift_inv[6]*s_sigma_evs[0] + g_evs[2]*g_shift_inv[0]*g_shift_inv[2]*g_shift_inv[6]*s_sigma_evs[0] + g_evs[6]*g_shift_inv[2]*g_shift_inv[6] - g_evs[2]*g_shift_inv[2]*g_shift_inv[6] - g_evs[6]*g_shift_inv[0]*g_shift_inv[6] + g_evs[0]*g_shift_inv[0]*g_shift_inv[6] + g_evs[2]*g_shift_inv[0]*g_shift_inv[2] - g_evs[0]*g_shift_inv[0]*g_shift_inv[2]
- g_evs[2]*g_shift_inv[0]*g_shift_inv[2]*g_shift_inv[7]*s_sigma_evs[7] + g_evs[0]*g_shift_inv[0]*g_shift_inv[2]*g_shift_inv[7]*s_sigma_evs[7] + g_evs[7]*g_shift_inv[0]*g_shift_inv[2]*g_shift_inv[7]*s_sigma_evs[2] - g_evs[0]*g_shift_inv[0]*g_shift_inv[2]*g_shift_inv[7]*s_sigma_evs[2] - g_evs[7]*g_shift_inv[0]*g_shift_inv[2]*g_shift_inv[7]*s_sigma_evs[0] + g_evs[2]*g_shift_inv[0]*g_shift_inv[2]*g_shift_inv[7]*s_sigma_evs[0] + g_evs[7]*g_shift_inv[2]*g_shift_inv[7] - g_evs[2]*g_shift_inv[2]*g_shift_inv[7] - g_evs[7]*g_shift_inv[0]*g_shift_inv[7] + g_evs[0]*g_shift_inv[0]*g_shift_inv[7] + g_evs[2]*g_shift_inv[0]*g_shift_inv[2] - g_evs[0]*g_shift_inv[0]*g_shift_inv[2]
- g_evs[2]*g_shift_inv[1]*g_shift_inv[2]*g_shift_inv[3]*s_sigma_evs[3] + g_evs[1]*g_shift_inv[1]*g_shift_inv[2]*g_shift_inv[3]*s_sigma_evs[3] + g_evs[3]*g_shift_inv[1]*g_shift_inv[2]*g_shift_inv[3]*s_sigma_evs[2] - g_evs[1]*g_shift_inv[1]*g_shift_inv[2]*g_shift_inv[3]*s_sigma_evs[2] - g_evs[3]*g_shift_inv[1]*g_shift_inv[2]*g_shift_inv[3]*s_sigma_evs[1] + g_evs[2]*g_shift_inv[1]*g_shift_inv[2]*g_shift_inv[3]*s_sigma_evs[1] + g_evs[3]*g_shift_inv[2]*g_shift_inv[3] - g_evs[2]*g_shift_inv[2]*g_shift_inv[3] - g_evs[3]*g_shift_inv[1]*g_shift_inv[3] + g_evs[1]*g_shift_inv[1]*g_shift_inv[3] + g_evs[2]*g_shift_inv[1]*g_shift_inv[2] - g_evs[1]*g_shift_inv[1]*g_shift_inv[2]
- g_evs[2]*g_shift_inv[1]*g_shift_inv[2]*g_shift_inv[4]*s_sigma_evs[4] + g_evs[1]*g_shift_inv[1]*g_shift_inv[2]*g_shift_inv[4]*s_sigma_evs[4] + g_evs[4]*g_shift_inv[1]*g_shift_inv[2]*g_shift_inv[4]*s_sigma_evs[2] - g_evs[1]*g_shift_inv[1]*g_shift_inv[2]*g_shift_inv[4]*s_sigma_evs[2] - g_evs[4]*g_shift_inv[1]*g_shift_inv[2]*g_shift_inv[4]*s_sigma_evs[1] + g_evs[2]*g_shift_inv[1]*g_shift_inv[2]*g_shift_inv[4]*s_sigma_evs[1] + g_evs[4]*g_shift_inv[2]*g_shift_inv[4] - g_evs[2]*g_shift_inv[2]*g_shift_inv[4] - g_evs[4]*g_shift_inv[1]*g_shift_inv[4] + g_evs[1]*g_shift_inv[1]*g_shift_inv[4] + g_evs[2]*g_shift_inv[1]*g_shift_inv[2] - g_evs[1]*g_shift_inv[1]*g_shift_inv[2]
- g_evs[2]*g_shift_inv[1]*g_shift_inv[2]*g_shift_inv[5]*s_sigma_evs[5] + g_evs[1]*g_shift_inv[1]*g_shift_inv[2]*g_shift_inv[5]*s_sigma_evs[5] + g_evs[5]*g_shift_inv[1]*g_shift_inv[2]*g_shift_inv[5]*s_sigma_evs[2] - g_evs[1]*g_shift_inv[1]*g_shift_inv[2]*g_shift_inv[5]*s_sigma_evs[2] - g_evs[5]*g_shift_inv[1]*g_shift_inv[2]*g_shift_inv[5]*s_sigma_evs[1] + g_evs[2]*g_shift_inv[1]*g_shift_inv[2]*g_shift_inv[5]*s_sigma_evs[1] + g_evs[5]*g_shift_inv[2]*g_shift_inv[5] - g_evs[2]*g_shift_inv[2]*g_shift_inv[5] - g_evs[5]*g_shift_inv[1]*g_shift_inv[5] + g_evs[1]*g_shift_inv[1]*g_shift_inv[5] + g_evs[2]*g_shift_inv[1]*g_shift_inv[2] - g_evs[1]*g_shift_inv[1]*g_shift_inv[2]
- g_evs[2]*g_shift_inv[1]*g_shift_inv[2]*g_shift_inv[6]*s_sigma_evs[6] + g_evs[1]*g_shift_inv[1]*g_shift_inv[2]*g_shift_inv[6]*s_sigma_evs[6] + g_evs[6]*g_shift_inv[1]*g_shift_inv[2]*g_shift_inv[6]*s_sigma_evs[2] - g_evs[1]*g_shift_inv[1]*g_shift_inv[2]*g_shift_inv[6]*s_sigma_evs[2] - g_evs[6]*g_shift_inv[1]*g_shift_inv[2]*g_shift_inv[6]*s_sigma_evs[1] + g_evs[2]*g_shift_inv[1]*g_shift_inv[2]*g_shift_inv[6]*s_sigma_evs[1] + g_evs[6]*g_shift_inv[2]*g_shift_inv[6] - g_evs[2]*g_shift_inv[2]*g_shift_inv[6] - g_evs[6]*g_shift_inv[1]*g_shift_inv[6] + g_evs[1]*g_shift_inv[1]*g_shift_inv[6] + g_evs[2]*g_shift_inv[1]*g_shift_inv[2] - g_evs[1]*g_shift_inv[1]*g_shift_inv[2]
- g_evs[2]*g_shift_inv[1]*g_shift_inv[2]*g_shift_inv[7]*s_sigma_evs[7] + g_evs[1]*g_shift_inv[1]*g_shift_inv[2]*g_shift_inv[7]*s_sigma_evs[7] + g_evs[7]*g_shift_inv[1]*g_shift_inv[2]*g_shift_inv[7]*s_sigma_evs[2] - g_evs[1]*g_shift_inv[1]*g_shift_inv[2]*g_shift_inv[7]*s_sigma_evs[2] - g_evs[7]*g_shift_inv[1]*g_shift_inv[2]*g_shift_inv[7]*s_sigma_evs[1] + g_evs[2]*g_shift_inv[1]*g_shift_inv[2]*g_shift_inv[7]*s_sigma_evs[1] + g_evs[7]*g_shift_inv[2]*g_shift_inv[7] - g_evs[2]*g_shift_inv[2]*g_shift_inv[7] - g_evs[7]*g_shift_inv[1]*g_shift_inv[7] + g_evs[1]*g_shift_inv[1]*g_shift_inv[7] + g_evs[2]*g_shift_inv[1]*g_shift_inv[2] - g_evs[1]*g_shift_inv[1]*g_shift_inv[2]
- g_evs[3]*g_shift_inv[0]*g_shift_inv[3]*g_shift_inv[4]*s_sigma_evs[4] + g_evs[0]*g_shift_inv[0]*g_shift_inv[3]*g_shift_inv[4]*s_sigma_evs[4] + g_evs[4]*g_shift_inv[0]*g_shift_inv[3]*g_shift_inv[4]*s_sigma_evs[3] - g_evs[0]*g_shift_inv[0]*g_shift_inv[3]*g_shift_inv[4]*s_sigma_evs[3] - g_evs[4]*g_shift_inv[0]*g_shift_inv[3]*g_shift_inv[4]*s_sigma_evs[0] + g_evs[3]*g_shift_inv[0]*g_shift_inv[3]*g_shift_inv[4]*s_sigma_evs[0] + g_evs[4]*g_shift_inv[3]*g_shift_inv[4] - g_evs[3]*g_shift_inv[3]*g_shift_inv[4] - g_evs[4]*g_shift_inv[0]*g_shift_inv[4] + g_evs[0]*g_shift_inv[0]*g_shift_inv[4] + g_evs[3]*g_shift_inv[0]*g_shift_inv[3] - g_evs[0]*g_shift_inv[0]*g_shift_inv[3]
- g_evs[3]*g_shift_inv[0]*g_shift_inv[3]*g_shift_inv[5]*s_sigma_evs[5] + g_evs[0]*g_shift_inv[0]*g_shift_inv[3]*g_shift_inv[5]*s_sigma_evs[5] + g_evs[5]*g_shift_inv[0]*g_shift_inv[3]*g_shift_inv[5]*s_sigma_evs[3] - g_evs[0]*g_shift_inv[0]*g_shift_inv[3]*g_shift_inv[5]*s_sigma_evs[3] - g_evs[5]*g_shift_inv[0]*g_shift_inv[3]*g_shift_inv[5]*s_sigma_evs[0] + g_evs[3]*g_shift_inv[0]*g_shift_inv[3]*g_shift_inv[5]*s_sigma_evs[0] + g_evs[5]*g_shift_inv[3]*g_shift_inv[5] - g_evs[3]*g_shift_inv[3]*g_shift_inv[5] - g_evs[5]*g_shift_inv[0]*g_shift_inv[5] + g_evs[0]*g_shift_inv[0]*g_shift_inv[5] + g_evs[3]*g_shift_inv[0]*g_shift_inv[3] - g_evs[0]*g_shift_inv[0]*g_shift_inv[3]
- g_evs[3]*g_shift_inv[0]*g_shift_inv[3]*g_shift_inv[6]*s_sigma_evs[6] + g_evs[0]*g_shift_inv[0]*g_shift_inv[3]*g_shift_inv[6]*s_sigma_evs[6] + g_evs[6]*g_shift_inv[0]*g_shift_inv[3]*g_shift_inv[6]*s_sigma_evs[3] - g_evs[0]*g_shift_inv[0]*g_shift_inv[3]*g_shift_inv[6]*s_sigma_evs[3] - g_evs[6]*g_shift_inv[0]*g_shift_inv[3]*g_shift_inv[6]*s_sigma_evs[0] + g_evs[3]*g_shift_inv[0]*g_shift_inv[3]*g_shift_inv[6]*s_sigma_evs[0] + g_evs[6]*g_shift_inv[3]*g_shift_inv[6] - g_evs[3]*g_shift_inv[3]*g_shift_inv[6] - g_evs[6]*g_shift_inv[0]*g_shift_inv[6] + g_evs[0]*g_shift_inv[0]*g_shift_inv[6] + g_evs[3]*g_shift_inv[0]*g_shift_inv[3] - g_evs[0]*g_shift_inv[0]*g_shift_inv[3]
- g_evs[3]*g_shift_inv[0]*g_shift_inv[3]*g_shift_inv[7]*s_sigma_evs[7] + g_evs[0]*g_shift_inv[0]*g_shift_inv[3]*g_shift_inv[7]*s_sigma_evs[7] + g_evs[7]*g_shift_inv[0]*g_shift_inv[3]*g_shift_inv[7]*s_sigma_evs[3] - g_evs[0]*g_shift_inv[0]*g_shift_inv[3]*g_shift_inv[7]*s_sigma_evs[3] - g_evs[7]*g_shift_inv[0]*g_shift_inv[3]*g_shift_inv[7]*s_sigma_evs[0] + g_evs[3]*g_shift_inv[0]*g_shift_inv[3]*g_shift_inv[7]*s_sigma_evs[0] + g_evs[7]*g_shift_inv[3]*g_shift_inv[7] - g_evs[3]*g_shift_inv[3]*g_shift_inv[7] - g_evs[7]*g_shift_inv[0]*g_shift_inv[7] + g_evs[0]*g_shift_inv[0]*g_shift_inv[7] + g_evs[3]*g_shift_inv[0]*g_shift_inv[3] - g_evs[0]*g_shift_inv[0]*g_shift_inv[3]
- g_evs[3]*g_shift_inv[1]*g_shift_inv[3]*g_shift_inv[4]*s_sigma_evs[4] + g_evs[1]*g_shift_inv[1]*g_shift_inv[3]*g_shift_inv[4]*s_sigma_evs[4] + g_evs[4]*g_shift_inv[1]*g_shift_inv[3]*g_shift_inv[4]*s_sigma_evs[3] - g_evs[1]*g_shift_inv[1]*g_shift_inv[3]*g_shift_inv[4]*s_sigma_evs[3] - g_evs[4]*g_shift_inv[1]*g_shift_inv[3]*g_shift_inv[4]*s_sigma_evs[1] + g_evs[3]*g_shift_inv[1]*g_shift_inv[3]*g_shift_inv[4]*s_sigma_evs[1] + g_evs[4]*g_shift_inv[3]*g_shift_inv[4] - g_evs[3]*g_shift_inv[3]*g_shift_inv[4] - g_evs[4]*g_shift_inv[1]*g_shift_inv[4] + g_evs[1]*g_shift_inv[1]*g_shift_inv[4] + g_evs[3]*g_shift_inv[1]*g_shift_inv[3] - g_evs[1]*g_shift_inv[1]*g_shift_inv[3]
- g_evs[3]*g_shift_inv[1]*g_shift_inv[3]*g_shift_inv[5]*s_sigma_evs[5] + g_evs[1]*g_shift_inv[1]*g_shift_inv[3]*g_shift_inv[5]*s_sigma_evs[5] + g_evs[5]*g_shift_inv[1]*g_shift_inv[3]*g_shift_inv[5]*s_sigma_evs[3] - g_evs[1]*g_shift_inv[1]*g_shift_inv[3]*g_shift_inv[5]*s_sigma_evs[3] - g_evs[5]*g_shift_inv[1]*g_shift_inv[3]*g_shift_inv[5]*s_sigma_evs[1] + g_evs[3]*g_shift_inv[1]*g_shift_inv[3]*g_shift_inv[5]*s_sigma_evs[1] + g_evs[5]*g_shift_inv[3]*g_shift_inv[5] - g_evs[3]*g_shift_inv[3]*g_shift_inv[5] - g_evs[5]*g_shift_inv[1]*g_shift_inv[5] + g_evs[1]*g_shift_inv[1]*g_shift_inv[5] + g_evs[3]*g_shift_inv[1]*g_shift_inv[3] - g_evs[1]*g_shift_inv[1]*g_shift_inv[3]
- g_evs[3]*g_shift_inv[1]*g_shift_inv[3]*g_shift_inv[6]*s_sigma_evs[6] + g_evs[1]*g_shift_inv[1]*g_shift_inv[3]*g_shift_inv[6]*s_sigma_evs[6] + g_evs[6]*g_shift_inv[1]*g_shift_inv[3]*g_shift_inv[6]*s_sigma_evs[3] - g_evs[1]*g_shift_inv[1]*g_shift_inv[3]*g_shift_inv[6]*s_sigma_evs[3] - g_evs[6]*g_shift_inv[1]*g_shift_inv[3]*g_shift_inv[6]*s_sigma_evs[1] + g_evs[3]*g_shift_inv[1]*g_shift_inv[3]*g_shift_inv[6]*s_sigma_evs[1] + g_evs[6]*g_shift_inv[3]*g_shift_inv[6] - g_evs[3]*g_shift_inv[3]*g_shift_inv[6] - g_evs[6]*g_shift_inv[1]*g_shift_inv[6] + g_evs[1]*g_shift_inv[1]*g_shift_inv[6] + g_evs[3]*g_shift_inv[1]*g_shift_inv[3] - g_evs[1]*g_shift_inv[1]*g_shift_inv[3]
- g_evs[3]*g_shift_inv[1]*g_shift_inv[3]*g_shift_inv[7]*s_sigma_evs[7] + g_evs[1]*g_shift_inv[1]*g_shift_inv[3]*g_shift_inv[7]*s_sigma_evs[7] + g_evs[7]*g_shift_inv[1]*g_shift_inv[3]*g_shift_inv[7]*s_sigma_evs[3] - g_evs[1]*g_shift_inv[1]*g_shift_inv[3]*g_shift_inv[7]*s_sigma_evs[3] - g_evs[7]*g_shift_inv[1]*g_shift_inv[3]*g_shift_inv[7]*s_sigma_evs[1] + g_evs[3]*g_shift_inv[1]*g_shift_inv[3]*g_shift_inv[7]*s_sigma_evs[1] + g_evs[7]*g_shift_inv[3]*g_shift_inv[7] - g_evs[3]*g_shift_inv[3]*g_shift_inv[7] - g_evs[7]*g_shift_inv[1]*g_shift_inv[7] + g_evs[1]*g_shift_inv[1]*g_shift_inv[7] + g_evs[3]*g_shift_inv[1]*g_shift_inv[3] - g_evs[1]*g_shift_inv[1]*g_shift_inv[3]
- g_evs[3]*g_shift_inv[2]*g_shift_inv[3]*g_shift_inv[4]*s_sigma_evs[4] + g_evs[2]*g_shift_inv[2]*g_shift_inv[3]*g_shift_inv[4]*s_sigma_evs[4] + g_evs[4]*g_shift_inv[2]*g_shift_inv[3]*g_shift_inv[4]*s_sigma_evs[3] - g_evs[2]*g_shift_inv[2]*g_shift_inv[3]*g_shift_inv[4]*s_sigma_evs[3] - g_evs[4]*g_shift_inv[2]*g_shift_inv[3]*g_shift_inv[4]*s_sigma_evs[2] + g_evs[3]*g_shift_inv[2]*g_shift_inv[3]*g_shift_inv[4]*s_sigma_evs[2] + g_evs[4]*g_shift_inv[3]*g_shift_inv[4] - g_evs[3]*g_shift_inv[3]*g_shift_inv[4] - g_evs[4]*g_shift_inv[2]*g_shift_inv[4] + g_evs[2]*g_shift_inv[2]*g_shift_inv[4] + g_evs[3]*g_shift_inv[2]*g_shift_inv[3] - g_evs[2]*g_shift_inv[2]*g_shift_inv[3]
- g_evs[3]*g_shift_inv[2]*g_shift_inv[3]*g_shift_inv[5]*s_sigma_evs[5] + g_evs[2]*g_shift_inv[2]*g_shift_inv[3]*g_shift_inv[5]*s_sigma_evs[5] + g_evs[5]*g_shift_inv[2]*g_shift_inv[3]*g_shift_inv[5]*s_sigma_evs[3] - g_evs[2]*g_shift_inv[2]*g_shift_inv[3]*g_shift_inv[5]*s_sigma_evs[3] - g_evs[5]*g_shift_inv[2]*g_shift_inv[3]*g_shift_inv[5]*s_sigma_evs[2] + g_evs[3]*g_shift_inv[2]*g_shift_inv[3]*g_shift_inv[5]*s_sigma_evs[2] + g_evs[5]*g_shift_inv[3]*g_shift_inv[5] - g_evs[3]*g_shift_inv[3]*g_shift_inv[5] - g_evs[5]*g_shift_inv[2]*g_shift_inv[5] + g_evs[2]*g_shift_inv[2]*g_shift_inv[5] + g_evs[3]*g_shift_inv[2]*g_shift_inv[3] - g_evs[2]*g_shift_inv[2]*g_shift_inv[3]
- g_evs[3]*g_shift_inv[2]*g_shift_inv[3]*g_shift_inv[6]*s_sigma_evs[6] + g_evs[2]*g_shift_inv[2]*g_shift_inv[3]*g_shift_inv[6]*s_sigma_evs[6] + g_evs[6]*g_shift_inv[2]*g_shift_inv[3]*g_shift_inv[6]*s_sigma_evs[3] - g_evs[2]*g_shift_inv[2]*g_shift_inv[3]*g_shift_inv[6]*s_sigma_evs[3] - g_evs[6]*g_shift_inv[2]*g_shift_inv[3]*g_shift_inv[6]*s_sigma_evs[2] + g_evs[3]*g_shift_inv[2]*g_shift_inv[3]*g_shift_inv[6]*s_sigma_evs[2] + g_evs[6]*g_shift_inv[3]*g_shift_inv[6] - g_evs[3]*g_shift_inv[3]*g_shift_inv[6] - g_evs[6]*g_shift_inv[2]*g_shift_inv[6] + g_evs[2]*g_shift_inv[2]*g_shift_inv[6] + g_evs[3]*g_shift_inv[2]*g_shift_inv[3] - g_evs[2]*g_shift_inv[2]*g_shift_inv[3]
- g_evs[3]*g_shift_inv[2]*g_shift_inv[3]*g_shift_inv[7]*s_sigma_evs[7] + g_evs[2]*g_shift_inv[2]*g_shift_inv[3]*g_shift_inv[7]*s_sigma_evs[7] + g_evs[7]*g_shift_inv[2]*g_shift_inv[3]*g_shift_inv[7]*s_sigma_evs[3] - g_evs[2]*g_shift_inv[2]*g_shift_inv[3]*g_shift_inv[7]*s_sigma_evs[3] - g_evs[7]*g_shift_inv[2]*g_shift_inv[3]*g_shift_inv[7]*s_sigma_evs[2] + g_evs[3]*g_shift_inv[2]*g_shift_inv[3]*g_shift_inv[7]*s_sigma_evs[2] + g_evs[7]*g_shift_inv[3]*g_shift_inv[7] - g_evs[3]*g_shift_inv[3]*g_shift_inv[7] - g_evs[7]*g_shift_inv[2]*g_shift_inv[7] + g_evs[2]*g_shift_inv[2]*g_shift_inv[7] + g_evs[3]*g_shift_inv[2]*g_shift_inv[3] - g_evs[2]*g_shift_inv[2]*g_shift_inv[3]
- g_evs[4]*g_shift_inv[0]*g_shift_inv[4]*g_shift_inv[5]*s_sigma_evs[5] + g_evs[0]*g_shift_inv[0]*g_shift_inv[4]*g_shift_inv[5]*s_sigma_evs[5] + g_evs[5]*g_shift_inv[0]*g_shift_inv[4]*g_shift_inv[5]*s_sigma_evs[4] - g_evs[0]*g_shift_inv[0]*g_shift_inv[4]*g_shift_inv[5]*s_sigma_evs[4] - g_evs[5]*g_shift_inv[0]*g_shift_inv[4]*g_shift_inv[5]*s_sigma_evs[0] + g_evs[4]*g_shift_inv[0]*g_shift_inv[4]*g_shift_inv[5]*s_sigma_evs[0] + g_evs[5]*g_shift_inv[4]*g_shift_inv[5] - g_evs[4]*g_shift_inv[4]*g_shift_inv[5] - g_evs[5]*g_shift_inv[0]*g_shift_inv[5] + g_evs[0]*g_shift_inv[0]*g_shift_inv[5] + g_evs[4]*g_shift_inv[0]*g_shift_inv[4] - g_evs[0]*g_shift_inv[0]*g_shift_inv[4]
- g_evs[4]*g_shift_inv[0]*g_shift_inv[4]*g_shift_inv[6]*s_sigma_evs[6] + g_evs[0]*g_shift_inv[0]*g_shift_inv[4]*g_shift_inv[6]*s_sigma_evs[6] + g_evs[6]*g_shift_inv[0]*g_shift_inv[4]*g_shift_inv[6]*s_sigma_evs[4] - g_evs[0]*g_shift_inv[0]*g_shift_inv[4]*g_shift_inv[6]*s_sigma_evs[4] - g_evs[6]*g_shift_inv[0]*g_shift_inv[4]*g_shift_inv[6]*s_sigma_evs[0] + g_evs[4]*g_shift_inv[0]*g_shift_inv[4]*g_shift_inv[6]*s_sigma_evs[0] + g_evs[6]*g_shift_inv[4]*g_shift_inv[6] - g_evs[4]*g_shift_inv[4]*g_shift_inv[6] - g_evs[6]*g_shift_inv[0]*g_shift_inv[6] + g_evs[0]*g_shift_inv[0]*g_shift_inv[6] + g_evs[4]*g_shift_inv[0]*g_shift_inv[4] - g_evs[0]*g_shift_inv[0]*g_shift_inv[4]
- g_evs[4]*g_shift_inv[0]*g_shift_inv[4]*g_shift_inv[7]*s_sigma_evs[7] + g_evs[0]*g_shift_inv[0]*g_shift_inv[4]*g_shift_inv[7]*s_sigma_evs[7] + g_evs[7]*g_shift_inv[0]*g_shift_inv[4]*g_shift_inv[7]*s_sigma_evs[4] - g_evs[0]*g_shift_inv[0]*g_shift_inv[4]*g_shift_inv[7]*s_sigma_evs[4] - g_evs[7]*g_shift_inv[0]*g_shift_inv[4]*g_shift_inv[7]*s_sigma_evs[0] + g_evs[4]*g_shift_inv[0]*g_shift_inv[4]*g_shift_inv[7]*s_sigma_evs[0] + g_evs[7]*g_shift_inv[4]*g_shift_inv[7] - g_evs[4]*g_shift_inv[4]*g_shift_inv[7] - g_evs[7]*g_shift_inv[0]*g_shift_inv[7] + g_evs[0]*g_shift_inv[0]*g_shift_inv[7] + g_evs[4]*g_shift_inv[0]*g_shift_inv[4] - g_evs[0]*g_shift_inv[0]*g_shift_inv[4]
- g_evs[4]*g_shift_inv[1]*g_shift_inv[4]*g_shift_inv[5]*s_sigma_evs[5] + g_evs[1]*g_shift_inv[1]*g_shift_inv[4]*g_shift_inv[5]*s_sigma_evs[5] + g_evs[5]*g_shift_inv[1]*g_shift_inv[4]*g_shift_inv[5]*s_sigma_evs[4] - g_evs[1]*g_shift_inv[1]*g_shift_inv[4]*g_shift_inv[5]*s_sigma_evs[4] - g_evs[5]*g_shift_inv[1]*g_shift_inv[4]*g_shift_inv[5]*s_sigma_evs[1] + g_evs[4]*g_shift_inv[1]*g_shift_inv[4]*g_shift_inv[5]*s_sigma_evs[1] + g_evs[5]*g_shift_inv[4]*g_shift_inv[5] - g_evs[4]*g_shift_inv[4]*g_shift_inv[5] - g_evs[5]*g_shift_inv[1]*g_shift_inv[5] + g_evs[1]*g_shift_inv[1]*g_shift_inv[5] + g_evs[4]*g_shift_inv[1]*g_shift_inv[4] - g_evs[1]*g_shift_inv[1]*g_shift_inv[4]
- g_evs[4]*g_shift_inv[1]*g_shift_inv[4]*g_shift_inv[6]*s_sigma_evs[6] + g_evs[1]*g_shift_inv[1]*g_shift_inv[4]*g_shift_inv[6]*s_sigma_evs[6] + g_evs[6]*g_shift_inv[1]*g_shift_inv[4]*g_shift_inv[6]*s_sigma_evs[4] - g_evs[1]*g_shift_inv[1]*g_shift_inv[4]*g_shift_inv[6]*s_sigma_evs[4] - g_evs[6]*g_shift_inv[1]*g_shift_inv[4]*g_shift_inv[6]*s_sigma_evs[1] + g_evs[4]*g_shift_inv[1]*g_shift_inv[4]*g_shift_inv[6]*s_sigma_evs[1] + g_evs[6]*g_shift_inv[4]*g_shift_inv[6] - g_evs[4]*g_shift_inv[4]*g_shift_inv[6] - g_evs[6]*g_shift_inv[1]*g_shift_inv[6] + g_evs[1]*g_shift_inv[1]*g_shift_inv[6] + g_evs[4]*g_shift_inv[1]*g_shift_inv[4] - g_evs[1]*g_shift_inv[1]*g_shift_inv[4]
- g_evs[4]*g_shift_inv[1]*g_shift_inv[4]*g_shift_inv[7]*s_sigma_evs[7] + g_evs[1]*g_shift_inv[1]*g_shift_inv[4]*g_shift_inv[7]*s_sigma_evs[7] + g_evs[7]*g_shift_inv[1]*g_shift_inv[4]*g_shift_inv[7]*s_sigma_evs[4] - g_evs[1]*g_shift_inv[1]*g_shift_inv[4]*g_shift_inv[7]*s_sigma_evs[4] - g_evs[7]*g_shift_inv[1]*g_shift_inv[4]*g_shift_inv[7]*s_sigma_evs[1] + g_evs[4]*g_shift_inv[1]*g_shift_inv[4]*g_shift_inv[7]*s_sigma_evs[1] + g_evs[7]*g_shift_inv[4]*g_shift_inv[7] - g_evs[4]*g_shift_inv[4]*g_shift_inv[7] - g_evs[7]*g_shift_inv[1]*g_shift_inv[7] + g_evs[1]*g_shift_inv[1]*g_shift_inv[7] + g_evs[4]*g_shift_inv[1]*g_shift_inv[4] - g_evs[1]*g_shift_inv[1]*g_shift_inv[4]
- g_evs[4]*g_shift_inv[2]*g_shift_inv[4]*g_shift_inv[5]*s_sigma_evs[5] + g_evs[2]*g_shift_inv[2]*g_shift_inv[4]*g_shift_inv[5]*s_sigma_evs[5] + g_evs[5]*g_shift_inv[2]*g_shift_inv[4]*g_shift_inv[5]*s_sigma_evs[4] - g_evs[2]*g_shift_inv[2]*g_shift_inv[4]*g_shift_inv[5]*s_sigma_evs[4] - g_evs[5]*g_shift_inv[2]*g_shift_inv[4]*g_shift_inv[5]*s_sigma_evs[2] + g_evs[4]*g_shift_inv[2]*g_shift_inv[4]*g_shift_inv[5]*s_sigma_evs[2] + g_evs[5]*g_shift_inv[4]*g_shift_inv[5] - g_evs[4]*g_shift_inv[4]*g_shift_inv[5] - g_evs[5]*g_shift_inv[2]*g_shift_inv[5] + g_evs[2]*g_shift_inv[2]*g_shift_inv[5] + g_evs[4]*g_shift_inv[2]*g_shift_inv[4] - g_evs[2]*g_shift_inv[2]*g_shift_inv[4]
- g_evs[4]*g_shift_inv[2]*g_shift_inv[4]*g_shift_inv[6]*s_sigma_evs[6] + g_evs[2]*g_shift_inv[2]*g_shift_inv[4]*g_shift_inv[6]*s_sigma_evs[6] + g_evs[6]*g_shift_inv[2]*g_shift_inv[4]*g_shift_inv[6]*s_sigma_evs[4] - g_evs[2]*g_shift_inv[2]*g_shift_inv[4]*g_shift_inv[6]*s_sigma_evs[4] - g_evs[6]*g_shift_inv[2]*g_shift_inv[4]*g_shift_inv[6]*s_sigma_evs[2] + g_evs[4]*g_shift_inv[2]*g_shift_inv[4]*g_shift_inv[6]*s_sigma_evs[2] + g_evs[6]*g_shift_inv[4]*g_shift_inv[6] - g_evs[4]*g_shift_inv[4]*g_shift_inv[6] - g_evs[6]*g_shift_inv[2]*g_shift_inv[6] + g_evs[2]*g_shift_inv[2]*g_shift_inv[6] + g_evs[4]*g_shift_inv[2]*g_shift_inv[4] - g_evs[2]*g_shift_inv[2]*g_shift_inv[4]
- g_evs[4]*g_shift_inv[2]*g_shift_inv[4]*g_shift_inv[7]*s_sigma_evs[7] + g_evs[2]*g_shift_inv[2]*g_shift_inv[4]*g_shift_inv[7]*s_sigma_evs[7] + g_evs[7]*g_shift_inv[2]*g_shift_inv[4]*g_shift_inv[7]*s_sigma_evs[4] - g_evs[2]*g_shift_inv[2]*g_shift_inv[4]*g_shift_inv[7]*s_sigma_evs[4] - g_evs[7]*g_shift_inv[2]*g_shift_inv[4]*g_shift_inv[7]*s_sigma_evs[2] + g_evs[4]*g_shift_inv[2]*g_shift_inv[4]*g_shift_inv[7]*s_sigma_evs[2] + g_evs[7]*g_shift_inv[4]*g_shift_inv[7] - g_evs[4]*g_shift_inv[4]*g_shift_inv[7] - g_evs[7]*g_shift_inv[2]*g_shift_inv[7] + g_evs[2]*g_shift_inv[2]*g_shift_inv[7] + g_evs[4]*g_shift_inv[2]*g_shift_inv[4] - g_evs[2]*g_shift_inv[2]*g_shift_inv[4]
- g_evs[4]*g_shift_inv[3]*g_shift_inv[4]*g_shift_inv[5]*s_sigma_evs[5] + g_evs[3]*g_shift_inv[3]*g_shift_inv[4]*g_shift_inv[5]*s_sigma_evs[5] + g_evs[5]*g_shift_inv[3]*g_shift_inv[4]*g_shift_inv[5]*s_sigma_evs[4] - g_evs[3]*g_shift_inv[3]*g_shift_inv[4]*g_shift_inv[5]*s_sigma_evs[4] - g_evs[5]*g_shift_inv[3]*g_shift_inv[4]*g_shift_inv[5]*s_sigma_evs[3] + g_evs[4]*g_shift_inv[3]*g_shift_inv[4]*g_shift_inv[5]*s_sigma_evs[3] + g_evs[5]*g_shift_inv[4]*g_shift_inv[5] - g_evs[4]*g_shift_inv[4]*g_shift_inv[5] - g_evs[5]*g_shift_inv[3]*g_shift_inv[5] + g_evs[3]*g_shift_inv[3]*g_shift_inv[5] + g_evs[4]*g_shift_inv[3]*g_shift_inv[4] - g_evs[3]*g_shift_inv[3]*g_shift_inv[4]
- g_evs[4]*g_shift_inv[3]*g_shift_inv[4]*g_shift_inv[6]*s_sigma_evs[6] + g_evs[3]*g_shift_inv[3]*g_shift_inv[4]*g_shift_inv[6]*s_sigma_evs[6] + g_evs[6]*g_shift_inv[3]*g_shift_inv[4]*g_shift_inv[6]*s_sigma_evs[4] - g_evs[3]*g_shift_inv[3]*g_shift_inv[4]*g_shift_inv[6]*s_sigma_evs[4] - g_evs[6]*g_shift_inv[3]*g_shift_inv[4]*g_shift_inv[6]*s_sigma_evs[3] + g_evs[4]*g_shift_inv[3]*g_shift_inv[4]*g_shift_inv[6]*s_sigma_evs[3] + g_evs[6]*g_shift_inv[4]*g_shift_inv[6] - g_evs[4]*g_shift_inv[4]*g_shift_inv[6] - g_evs[6]*g_shift_inv[3]*g_shift_inv[6] + g_evs[3]*g_shift_inv[3]*g_shift_inv[6] + g_evs[4]*g_shift_inv[3]*g_shift_inv[4] - g_evs[3]*g_shift_inv[3]*g_shift_inv[4]
- g_evs[4]*g_shift_inv[3]*g_shift_inv[4]*g_shift_inv[7]*s_sigma_evs[7] + g_evs[3]*g_shift_inv[3]*g_shift_inv[4]*g_shift_inv[7]*s_sigma_evs[7] + g_evs[7]*g_shift_inv[3]*g_shift_inv[4]*g_shift_inv[7]*s_sigma_evs[4] - g_evs[3]*g_shift_inv[3]*g_shift_inv[4]*g_shift_inv[7]*s_sigma_evs[4] - g_evs[7]*g_shift_inv[3]*g_shift_inv[4]*g_shift_inv[7]*s_sigma_evs[3] + g_evs[4]*g_shift_inv[3]*g_shift_inv[4]*g_shift_inv[7]*s_sigma_evs[3] + g_evs[7]*g_shift_inv[4]*g_shift_inv[7] - g_evs[4]*g_shift_inv[4]*g_shift_inv[7] - g_evs[7]*g_shift_inv[3]*g_shift_inv[7] + g_evs[3]*g_shift_inv[3]*g_shift_inv[7] + g_evs[4]*g_shift_inv[3]*g_shift_inv[4] - g_evs[3]*g_shift_inv[3]*g_shift_inv[4]
- g_evs[5]*g_shift_inv[0]*g_shift_inv[5]*g_shift_inv[6]*s_sigma_evs[6] + g_evs[0]*g_shift_inv[0]*g_shift_inv[5]*g_shift_inv[6]*s_sigma_evs[6] + g_evs[6]*g_shift_inv[0]*g_shift_inv[5]*g_shift_inv[6]*s_sigma_evs[5] - g_evs[0]*g_shift_inv[0]*g_shift_inv[5]*g_shift_inv[6]*s_sigma_evs[5] - g_evs[6]*g_shift_inv[0]*g_shift_inv[5]*g_shift_inv[6]*s_sigma_evs[0] + g_evs[5]*g_shift_inv[0]*g_shift_inv[5]*g_shift_inv[6]*s_sigma_evs[0] + g_evs[6]*g_shift_inv[5]*g_shift_inv[6] - g_evs[5]*g_shift_inv[5]*g_shift_inv[6] - g_evs[6]*g_shift_inv[0]*g_shift_inv[6] + g_evs[0]*g_shift_inv[0]*g_shift_inv[6] + g_evs[5]*g_shift_inv[0]*g_shift_inv[5] - g_evs[0]*g_shift_inv[0]*g_shift_inv[5]
- g_evs[5]*g_shift_inv[0]*g_shift_inv[5]*g_shift_inv[7]*s_sigma_evs[7] + g_evs[0]*g_shift_inv[0]*g_shift_inv[5]*g_shift_inv[7]*s_sigma_evs[7] + g_evs[7]*g_shift_inv[0]*g_shift_inv[5]*g_shift_inv[7]*s_sigma_evs[5] - g_evs[0]*g_shift_inv[0]*g_shift_inv[5]*g_shift_inv[7]*s_sigma_evs[5] - g_evs[7]*g_shift_inv[0]*g_shift_inv[5]*g_shift_inv[7]*s_sigma_evs[0] + g_evs[5]*g_shift_inv[0]*g_shift_inv[5]*g_shift_inv[7]*s_sigma_evs[0] + g_evs[7]*g_shift_inv[5]*g_shift_inv[7] - g_evs[5]*g_shift_inv[5]*g_shift_inv[7] - g_evs[7]*g_shift_inv[0]*g_shift_inv[7] + g_evs[0]*g_shift_inv[0]*g_shift_inv[7] + g_evs[5]*g_shift_inv[0]*g_shift_inv[5] - g_evs[0]*g_shift_inv[0]*g_shift_inv[5]
- g_evs[5]*g_shift_inv[1]*g_shift_inv[5]*g_shift_inv[6]*s_sigma_evs[6] + g_evs[1]*g_shift_inv[1]*g_shift_inv[5]*g_shift_inv[6]*s_sigma_evs[6] + g_evs[6]*g_shift_inv[1]*g_shift_inv[5]*g_shift_inv[6]*s_sigma_evs[5] - g_evs[1]*g_shift_inv[1]*g_shift_inv[5]*g_shift_inv[6]*s_sigma_evs[5] - g_evs[6]*g_shift_inv[1]*g_shift_inv[5]*g_shift_inv[6]*s_sigma_evs[1] + g_evs[5]*g_shift_inv[1]*g_shift_inv[5]*g_shift_inv[6]*s_sigma_evs[1] + g_evs[6]*g_shift_inv[5]*g_shift_inv[6] - g_evs[5]*g_shift_inv[5]*g_shift_inv[6] - g_evs[6]*g_shift_inv[1]*g_shift_inv[6] + g_evs[1]*g_shift_inv[1]*g_shift_inv[6] + g_evs[5]*g_shift_inv[1]*g_shift_inv[5] - g_evs[1]*g_shift_inv[1]*g_shift_inv[5]
- g_evs[5]*g_shift_inv[1]*g_shift_inv[5]*g_shift_inv[7]*s_sigma_evs[7] + g_evs[1]*g_shift_inv[1]*g_shift_inv[5]*g_shift_inv[7]*s_sigma_evs[7] + g_evs[7]*g_shift_inv[1]*g_shift_inv[5]*g_shift_inv[7]*s_sigma_evs[5] - g_evs[1]*g_shift_inv[1]*g_shift_inv[5]*g_shift_inv[7]*s_sigma_evs[5] - g_evs[7]*g_shift_inv[1]*g_shift_inv[5]*g_shift_inv[7]*s_sigma_evs[1] + g_evs[5]*g_shift_inv[1]*g_shift_inv[5]*g_shift_inv[7]*s_sigma_evs[1] + g_evs[7]*g_shift_inv[5]*g_shift_inv[7] - g_evs[5]*g_shift_inv[5]*g_shift_inv[7] - g_evs[7]*g_shift_inv[1]*g_shift_inv[7] + g_evs[1]*g_shift_inv[1]*g_shift_inv[7] + g_evs[5]*g_shift_inv[1]*g_shift_inv[5] - g_evs[1]*g_shift_inv[1]*g_shift_inv[5]
- g_evs[5]*g_shift_inv[2]*g_shift_inv[5]*g_shift_inv[6]*s_sigma_evs[6] + g_evs[2]*g_shift_inv[2]*g_shift_inv[5]*g_shift_inv[6]*s_sigma_evs[6] + g_evs[6]*g_shift_inv[2]*g_shift_inv[5]*g_shift_inv[6]*s_sigma_evs[5] - g_evs[2]*g_shift_inv[2]*g_shift_inv[5]*g_shift_inv[6]*s_sigma_evs[5] - g_evs[6]*g_shift_inv[2]*g_shift_inv[5]*g_shift_inv[6]*s_sigma_evs[2] + g_evs[5]*g_shift_inv[2]*g_shift_inv[5]*g_shift_inv[6]*s_sigma_evs[2] + g_evs[6]*g_shift_inv[5]*g_shift_inv[6] - g_evs[5]*g_shift_inv[5]*g_shift_inv[6] - g_evs[6]*g_shift_inv[2]*g_shift_inv[6] + g_evs[2]*g_shift_inv[2]*g_shift_inv[6] + g_evs[5]*g_shift_inv[2]*g_shift_inv[5] - g_evs[2]*g_shift_inv[2]*g_shift_inv[5]
- g_evs[5]*g_shift_inv[2]*g_shift_inv[5]*g_shift_inv[7]*s_sigma_evs[7] + g_evs[2]*g_shift_inv[2]*g_shift_inv[5]*g_shift_inv[7]*s_sigma_evs[7] + g_evs[7]*g_shift_inv[2]*g_shift_inv[5]*g_shift_inv[7]*s_sigma_evs[5] - g_evs[2]*g_shift_inv[2]*g_shift_inv[5]*g_shift_inv[7]*s_sigma_evs[5] - g_evs[7]*g_shift_inv[2]*g_shift_inv[5]*g_shift_inv[7]*s_sigma_evs[2] + g_evs[5]*g_shift_inv[2]*g_shift_inv[5]*g_shift_inv[7]*s_sigma_evs[2] + g_evs[7]*g_shift_inv[5]*g_shift_inv[7] - g_evs[5]*g_shift_inv[5]*g_shift_inv[7] - g_evs[7]*g_shift_inv[2]*g_shift_inv[7] + g_evs[2]*g_shift_inv[2]*g_shift_inv[7] + g_evs[5]*g_shift_inv[2]*g_shift_inv[5] - g_evs[2]*g_shift_inv[2]*g_shift_inv[5]
- g_evs[5]*g_shift_inv[3]*g_shift_inv[5]*g_shift_inv[6]*s_sigma_evs[6] + g_evs[3]*g_shift_inv[3]*g_shift_inv[5]*g_shift_inv[6]*s_sigma_evs[6] + g_evs[6]*g_shift_inv[3]*g_shift_inv[5]*g_shift_inv[6]*s_sigma_evs[5] - g_evs[3]*g_shift_inv[3]*g_shift_inv[5]*g_shift_inv[6]*s_sigma_evs[5] - g_evs[6]*g_shift_inv[3]*g_shift_inv[5]*g_shift_inv[6]*s_sigma_evs[3] + g_evs[5]*g_shift_inv[3]*g_shift_inv[5]*g_shift_inv[6]*s_sigma_evs[3] + g_evs[6]*g_shift_inv[5]*g_shift_inv[6] - g_evs[5]*g_shift_inv[5]*g_shift_inv[6] - g_evs[6]*g_shift_inv[3]*g_shift_inv[6] + g_evs[3]*g_shift_inv[3]*g_shift_inv[6] + g_evs[5]*g_shift_inv[3]*g_shift_inv[5] - g_evs[3]*g_shift_inv[3]*g_shift_inv[5]
- g_evs[5]*g_shift_inv[3]*g_shift_inv[5]*g_shift_inv[7]*s_sigma_evs[7] + g_evs[3]*g_shift_inv[3]*g_shift_inv[5]*g_shift_inv[7]*s_sigma_evs[7] + g_evs[7]*g_shift_inv[3]*g_shift_inv[5]*g_shift_inv[7]*s_sigma_evs[5] - g_evs[3]*g_shift_inv[3]*g_shift_inv[5]*g_shift_inv[7]*s_sigma_evs[5] - g_evs[7]*g_shift_inv[3]*g_shift_inv[5]*g_shift_inv[7]*s_sigma_evs[3] + g_evs[5]*g_shift_inv[3]*g_shift_inv[5]*g_shift_inv[7]*s_sigma_evs[3] + g_evs[7]*g_shift_inv[5]*g_shift_inv[7] - g_evs[5]*g_shift_inv[5]*g_shift_inv[7] - g_evs[7]*g_shift_inv[3]*g_shift_inv[7] + g_evs[3]*g_shift_inv[3]*g_shift_inv[7] + g_evs[5]*g_shift_inv[3]*g_shift_inv[5] - g_evs[3]*g_shift_inv[3]*g_shift_inv[5]
- g_evs[5]*g_shift_inv[4]*g_shift_inv[5]*g_shift_inv[6]*s_sigma_evs[6] + g_evs[4]*g_shift_inv[4]*g_shift_inv[5]*g_shift_inv[6]*s_sigma_evs[6] + g_evs[6]*g_shift_inv[4]*g_shift_inv[5]*g_shift_inv[6]*s_sigma_evs[5] - g_evs[4]*g_shift_inv[4]*g_shift_inv[5]*g_shift_inv[6]*s_sigma_evs[5] - g_evs[6]*g_shift_inv[4]*g_shift_inv[5]*g_shift_inv[6]*s_sigma_evs[4] + g_evs[5]*g_shift_inv[4]*g_shift_inv[5]*g_shift_inv[6]*s_sigma_evs[4] + g_evs[6]*g_shift_inv[5]*g_shift_inv[6] - g_evs[5]*g_shift_inv[5]*g_shift_inv[6] - g_evs[6]*g_shift_inv[4]*g_shift_inv[6] + g_evs[4]*g_shift_inv[4]*g_shift_inv[6] + g_evs[5]*g_shift_inv[4]*g_shift_inv[5] - g_evs[4]*g_shift_inv[4]*g_shift_inv[5]
- g_evs[5]*g_shift_inv[4]*g_shift_inv[5]*g_shift_inv[7]*s_sigma_evs[7] + g_evs[4]*g_shift_inv[4]*g_shift_inv[5]*g_shift_inv[7]*s_sigma_evs[7] + g_evs[7]*g_shift_inv[4]*g_shift_inv[5]*g_shift_inv[7]*s_sigma_evs[5] - g_evs[4]*g_shift_inv[4]*g_shift_inv[5]*g_shift_inv[7]*s_sigma_evs[5] - g_evs[7]*g_shift_inv[4]*g_shift_inv[5]*g_shift_inv[7]*s_sigma_evs[4] + g_evs[5]*g_shift_inv[4]*g_shift_inv[5]*g_shift_inv[7]*s_sigma_evs[4] + g_evs[7]*g_shift_inv[5]*g_shift_inv[7] - g_evs[5]*g_shift_inv[5]*g_shift_inv[7] - g_evs[7]*g_shift_inv[4]*g_shift_inv[7] + g_evs[4]*g_shift_inv[4]*g_shift_inv[7] + g_evs[5]*g_shift_inv[4]*g_shift_inv[5] - g_evs[4]*g_shift_inv[4]*g_shift_inv[5]
- g_evs[6]*g_shift_inv[0]*g_shift_inv[6]*g_shift_inv[7]*s_sigma_evs[7] + g_evs[0]*g_shift_inv[0]*g_shift_inv[6]*g_shift_inv[7]*s_sigma_evs[7] + g_evs[7]*g_shift_inv[0]*g_shift_inv[6]*g_shift_inv[7]*s_sigma_evs[6] - g_evs[0]*g_shift_inv[0]*g_shift_inv[6]*g_shift_inv[7]*s_sigma_evs[6] - g_evs[7]*g_shift_inv[0]*g_shift_inv[6]*g_shift_inv[7]*s_sigma_evs[0] + g_evs[6]*g_shift_inv[0]*g_shift_inv[6]*g_shift_inv[7]*s_sigma_evs[0] + g_evs[7]*g_shift_inv[6]*g_shift_inv[7] - g_evs[6]*g_shift_inv[6]*g_shift_inv[7] - g_evs[7]*g_shift_inv[0]*g_shift_inv[7] + g_evs[0]*g_shift_inv[0]*g_shift_inv[7] + g_evs[6]*g_shift_inv[0]*g_shift_inv[6] - g_evs[0]*g_shift_inv[0]*g_shift_inv[6]
- g_evs[6]*g_shift_inv[1]*g_shift_inv[6]*g_shift_inv[7]*s_sigma_evs[7] + g_evs[1]*g_shift_inv[1]*g_shift_inv[6]*g_shift_inv[7]*s_sigma_evs[7] + g_evs[7]*g_shift_inv[1]*g_shift_inv[6]*g_shift_inv[7]*s_sigma_evs[6] - g_evs[1]*g_shift_inv[1]*g_shift_inv[6]*g_shift_inv[7]*s_sigma_evs[6] - g_evs[7]*g_shift_inv[1]*g_shift_inv[6]*g_shift_inv[7]*s_sigma_evs[1] + g_evs[6]*g_shift_inv[1]*g_shift_inv[6]*g_shift_inv[7]*s_sigma_evs[1] + g_evs[7]*g_shift_inv[6]*g_shift_inv[7] - g_evs[6]*g_shift_inv[6]*g_shift_inv[7] - g_evs[7]*g_shift_inv[1]*g_shift_inv[7] + g_evs[1]*g_shift_inv[1]*g_shift_inv[7] + g_evs[6]*g_shift_inv[1]*g_shift_inv[6] - g_evs[1]*g_shift_inv[1]*g_shift_inv[6]
- g_evs[6]*g_shift_inv[2]*g_shift_inv[6]*g_shift_inv[7]*s_sigma_evs[7] + g_evs[2]*g_shift_inv[2]*g_shift_inv[6]*g_shift_inv[7]*s_sigma_evs[7] + g_evs[7]*g_shift_inv[2]*g_shift_inv[6]*g_shift_inv[7]*s_sigma_evs[6] - g_evs[2]*g_shift_inv[2]*g_shift_inv[6]*g_shift_inv[7]*s_sigma_evs[6] - g_evs[7]*g_shift_inv[2]*g_shift_inv[6]*g_shift_inv[7]*s_sigma_evs[2] + g_evs[6]*g_shift_inv[2]*g_shift_inv[6]*g_shift_inv[7]*s_sigma_evs[2] + g_evs[7]*g_shift_inv[6]*g_shift_inv[7] - g_evs[6]*g_shift_inv[6]*g_shift_inv[7] - g_evs[7]*g_shift_inv[2]*g_shift_inv[7] + g_evs[2]*g_shift_inv[2]*g_shift_inv[7] + g_evs[6]*g_shift_inv[2]*g_shift_inv[6] - g_evs[2]*g_shift_inv[2]*g_shift_inv[6]
- g_evs[6]*g_shift_inv[3]*g_shift_inv[6]*g_shift_inv[7]*s_sigma_evs[7] + g_evs[3]*g_shift_inv[3]*g_shift_inv[6]*g_shift_inv[7]*s_sigma_evs[7] + g_evs[7]*g_shift_inv[3]*g_shift_inv[6]*g_shift_inv[7]*s_sigma_evs[6] - g_evs[3]*g_shift_inv[3]*g_shift_inv[6]*g_shift_inv[7]*s_sigma_evs[6] - g_evs[7]*g_shift_inv[3]*g_shift_inv[6]*g_shift_inv[7]*s_sigma_evs[3] + g_evs[6]*g_shift_inv[3]*g_shift_inv[6]*g_shift_inv[7]*s_sigma_evs[3] + g_evs[7]*g_shift_inv[6]*g_shift_inv[7] - g_evs[6]*g_shift_inv[6]*g_shift_inv[7] - g_evs[7]*g_shift_inv[3]*g_shift_inv[7] + g_evs[3]*g_shift_inv[3]*g_shift_inv[7] + g_evs[6]*g_shift_inv[3]*g_shift_inv[6] - g_evs[3]*g_shift_inv[3]*g_shift_inv[6]
- g_evs[6]*g_shift_inv[4]*g_shift_inv[6]*g_shift_inv[7]*s_sigma_evs[7] + g_evs[4]*g_shift_inv[4]*g_shift_inv[6]*g_shift_inv[7]*s_sigma_evs[7] + g_evs[7]*g_shift_inv[4]*g_shift_inv[6]*g_shift_inv[7]*s_sigma_evs[6] - g_evs[4]*g_shift_inv[4]*g_shift_inv[6]*g_shift_inv[7]*s_sigma_evs[6] - g_evs[7]*g_shift_inv[4]*g_shift_inv[6]*g_shift_inv[7]*s_sigma_evs[4] + g_evs[6]*g_shift_inv[4]*g_shift_inv[6]*g_shift_inv[7]*s_sigma_evs[4] + g_evs[7]*g_shift_inv[6]*g_shift_inv[7] - g_evs[6]*g_shift_inv[6]*g_shift_inv[7] - g_evs[7]*g_shift_inv[4]*g_shift_inv[7] + g_evs[4]*g_shift_inv[4]*g_shift_inv[7] + g_evs[6]*g_shift_inv[4]*g_shift_inv[6] - g_evs[4]*g_shift_inv[4]*g_shift_inv[6]
- g_evs[6]*g_shift_inv[5]*g_shift_inv[6]*g_shift_inv[7]*s_sigma_evs[7] + g_evs[5]*g_shift_inv[5]*g_shift_inv[6]*g_shift_inv[7]*s_sigma_evs[7] + g_evs[7]*g_shift_inv[5]*g_shift_inv[6]*g_shift_inv[7]*s_sigma_evs[6] - g_evs[5]*g_shift_inv[5]*g_shift_inv[6]*g_shift_inv[7]*s_sigma_evs[6] - g_evs[7]*g_shift_inv[5]*g_shift_inv[6]*g_shift_inv[7]*s_sigma_evs[5] + g_evs[6]*g_shift_inv[5]*g_shift_inv[6]*g_shift_inv[7]*s_sigma_evs[5] + g_evs[7]*g_shift_inv[6]*g_shift_inv[7] - g_evs[6]*g_shift_inv[6]*g_shift_inv[7] - g_evs[7]*g_shift_inv[5]*g_shift_inv[7] + g_evs[5]*g_shift_inv[5]*g_shift_inv[7] + g_evs[6]*g_shift_inv[5]*g_shift_inv[6] - g_evs[5]*g_shift_inv[5]*g_shift_inv[6]
__zippel::node::86 - 1
g_evs[0]*g_shift_inv[0]*g_shift_inv[1]*s_sigma_evs[1] - g_evs[1]*g_shift_inv[0]*g_shift_inv[1]*s_sigma_evs[0] - g_evs[1]*g_shift_inv[0]*g_shift_inv[1]*r + g_evs[0]*g_shift_inv[0]*g_shift_inv[1]*r + g_evs[1]*g_shift_inv[1] - g_evs[0]*g_shift_inv[0]
g_evs[0]*g_shift_inv[0]*g_shift_inv[2]*s_sigma_evs[2] - g_evs[2]*g_shift_inv[0]*g_shift_inv[2]*s_sigma_evs[0] - g_evs[2]*g_shift_inv[0]*g_shift_inv[2]*r + g_evs[0]*g_shift_inv[0]*g_shift_inv[2]*r + g_evs[2]*g_shift_inv[2] - g_evs[0]*g_shift_inv[0]
g_evs[0]*g_shift_inv[0]*g_shift_inv[3]*s_sigma_evs[3] - g_evs[3]*g_shift_inv[0]*g_shift_inv[3]*s_sigma_evs[0] - g_evs[3]*g_shift_inv[0]*g_shift_inv[3]*r + g_evs[0]*g_shift_inv[0]*g_shift_inv[3]*r + g_evs[3]*g_shift_inv[3] - g_evs[0]*g_shift_inv[0]
g_evs[0]*g_shift_inv[0]*g_shift_inv[4]*s_sigma_evs[4] - g_evs[4]*g_shift_inv[0]*g_shift_inv[4]*s_sigma_evs[0] - g_evs[4]*g_shift_inv[0]*g_shift_inv[4]*r + g_evs[0]*g_shift_inv[0]*g_shift_inv[4]*r + g_evs[4]*g_shift_inv[4] - g_evs[0]*g_shift_inv[0]
g_evs[0]*g_shift_inv[0]*g_shift_inv[5]*s_sigma_evs[5] - g_evs[5]*g_shift_inv[0]*g_shift_inv[5]*s_sigma_evs[0] - g_evs[5]*g_shift_inv[0]*g_shift_inv[5]*r + g_evs[0]*g_shift_inv[0]*g_shift_inv[5]*r + g_evs[5]*g_shift_inv[5] - g_evs[0]*g_shift_inv[0]
g_evs[0]*g_shift_inv[0]*g_shift_inv[6]*s_sigma_evs[6] - g_evs[6]*g_shift_inv[0]*g_shift_inv[6]*s_sigma_evs[0] - g_evs[6]*g_shift_inv[0]*g_shift_inv[6]*r + g_evs[0]*g_shift_inv[0]*g_shift_inv[6]*r + g_evs[6]*g_shift_inv[6] - g_evs[0]*g_shift_inv[0]
g_evs[0]*g_shift_inv[0]*g_shift_inv[7]*s_sigma_evs[7] - g_evs[7]*g_shift_inv[0]*g_shift_inv[7]*s_sigma_evs[0] - g_evs[7]*g_shift_inv[0]*g_shift_inv[7]*r + g_evs[0]*g_shift_inv[0]*g_shift_inv[7]*r + g_evs[7]*g_shift_inv[7] - g_evs[0]*g_shift_inv[0]
g_evs[1]*g_shift_inv[1]*g_shift_inv[2]*s_sigma_evs[2] - g_evs[2]*g_shift_inv[1]*g_shift_inv[2]*s_sigma_evs[1] - g_evs[2]*g_shift_inv[1]*g_shift_inv[2]*r + g_evs[1]*g_shift_inv[1]*g_shift_inv[2]*r + g_evs[2]*g_shift_inv[2] - g_evs[1]*g_shift_inv[1]
g_evs[1]*g_shift_inv[1]*g_shift_inv[3]*s_sigma_evs[3] - g_evs[3]*g_shift_inv[1]*g_shift_inv[3]*s_sigma_evs[1] - g_evs[3]*g_shift_inv[1]*g_shift_inv[3]*r + g_evs[1]*g_shift_inv[1]*g_shift_inv[3]*r + g_evs[3]*g_shift_inv[3] - g_evs[1]*g_shift_inv[1]
g_evs[1]*g_shift_inv[1]*g_shift_inv[4]*s_sigma_evs[4] - g_evs[4]*g_shift_inv[1]*g_shift_inv[4]*s_sigma_evs[1] - g_evs[4]*g_shift_inv[1]*g_shift_inv[4]*r + g_evs[1]*g_shift_inv[1]*g_shift_inv[4]*r + g_evs[4]*g_shift_inv[4] - g_evs[1]*g_shift_inv[1]
g_evs[1]*g_shift_inv[1]*g_shift_inv[5]*s_sigma_evs[5] - g_evs[5]*g_shift_inv[1]*g_shift_inv[5]*s_sigma_evs[1] - g_evs[5]*g_shift_inv[1]*g_shift_inv[5]*r + g_evs[1]*g_shift_inv[1]*g_shift_inv[5]*r + g_evs[5]*g_shift_inv[5] - g_evs[1]*g_shift_inv[1]
g_evs[1]*g_shift_inv[1]*g_shift_inv[6]*s_sigma_evs[6] - g_evs[6]*g_shift_inv[1]*g_shift_inv[6]*s_sigma_evs[1] - g_evs[6]*g_shift_inv[1]*g_shift_inv[6]*r + g_evs[1]*g_shift_inv[1]*g_shift_inv[6]*r + g_evs[6]*g_shift_inv[6] - g_evs[1]*g_shift_inv[1]
g_evs[1]*g_shift_inv[1]*g_shift_inv[7]*s_sigma_evs[7] - g_evs[7]*g_shift_inv[1]*g_shift_inv[7]*s_sigma_evs[1] - g_evs[7]*g_shift_inv[1]*g_shift_inv[7]*r + g_evs[1]*g_shift_inv[1]*g_shift_inv[7]*r + g_evs[7]*g_shift_inv[7] - g_evs[1]*g_shift_inv[1]
g_evs[2]*g_shift_inv[2]*g_shift_inv[3]*s_sigma_evs[3] - g_evs[3]*g_shift_inv[2]*g_shift_inv[3]*s_sigma_evs[2] - g_evs[3]*g_shift_inv[2]*g_shift_inv[3]*r + g_evs[2]*g_shift_inv[2]*g_shift_inv[3]*r + g_evs[3]*g_shift_inv[3] - g_evs[2]*g_shift_inv[2]
g_evs[2]*g_shift_inv[2]*g_shift_inv[4]*s_sigma_evs[4] - g_evs[4]*g_shift_inv[2]*g_shift_inv[4]*s_sigma_evs[2] - g_evs[4]*g_shift_inv[2]*g_shift_inv[4]*r + g_evs[2]*g_shift_inv[2]*g_shift_inv[4]*r + g_evs[4]*g_shift_inv[4] - g_evs[2]*g_shift_inv[2]
g_evs[2]*g_shift_inv[2]*g_shift_inv[5]*s_sigma_evs[5] - g_evs[5]*g_shift_inv[2]*g_shift_inv[5]*s_sigma_evs[2] - g_evs[5]*g_shift_inv[2]*g_shift_inv[5]*r + g_evs[2]*g_shift_inv[2]*g_shift_inv[5]*r + g_evs[5]*g_shift_inv[5] - g_evs[2]*g_shift_inv[2]
g_evs[2]*g_shift_inv[2]*g_shift_inv[6]*s_sigma_evs[6] - g_evs[6]*g_shift_inv[2]*g_shift_inv[6]*s_sigma_evs[2] - g_evs[6]*g_shift_inv[2]*g_shift_inv[6]*r + g_evs[2]*g_shift_inv[2]*g_shift_inv[6]*r + g_evs[6]*g_shift_inv[6] - g_evs[2]*g_shift_inv[2]
g_evs[2]*g_shift_inv[2]*g_shift_inv[7]*s_sigma_evs[7] - g_evs[7]*g_shift_inv[2]*g_shift_inv[7]*s_sigma_evs[2] - g_evs[7]*g_shift_inv[2]*g_shift_inv[7]*r + g_evs[2]*g_shift_inv[2]*g_shift_inv[7]*r + g_evs[7]*g_shift_inv[7] - g_evs[2]*g_shift_inv[2]
g_evs[3]*g_shift_inv[3]*g_shift_inv[4]*s_sigma_evs[4] - g_evs[4]*g_shift_inv[3]*g_shift_inv[4]*s_sigma_evs[3] - g_evs[4]*g_shift_inv[3]*g_shift_inv[4]*r + g_evs[3]*g_shift_inv[3]*g_shift_inv[4]*r + g_evs[4]*g_shift_inv[4] - g_evs[3]*g_shift_inv[3]
g_evs[3]*g_shift_inv[3]*g_shift_inv[5]*s_sigma_evs[5] - g_evs[5]*g_shift_inv[3]*g_shift_inv[5]*s_sigma_evs[3] - g_evs[5]*g_shift_inv[3]*g_shift_inv[5]*r + g_evs[3]*g_shift_inv[3]*g_shift_inv[5]*r + g_evs[5]*g_shift_inv[5] - g_evs[3]*g_shift_inv[3]
g_evs[3]*g_shift_inv[3]*g_shift_inv[6]*s_sigma_evs[6] - g_evs[6]*g_shift_inv[3]*g_shift_inv[6]*s_sigma_evs[3] - g_evs[6]*g_shift_inv[3]*g_shift_inv[6]*r + g_evs[3]*g_shift_inv[3]*g_shift_inv[6]*r + g_evs[6]*g_shift_inv[6] - g_evs[3]*g_shift_inv[3]
g_evs[3]*g_shift_inv[3]*g_shift_inv[7]*s_sigma_evs[7] - g_evs[7]*g_shift_inv[3]*g_shift_inv[7]*s_sigma_evs[3] - g_evs[7]*g_shift_inv[3]*g_shift_inv[7]*r + g_evs[3]*g_shift_inv[3]*g_shift_inv[7]*r + g_evs[7]*g_shift_inv[7] - g_evs[3]*g_shift_inv[3]
g_evs[4]*g_shift_inv[4]*g_shift_inv[5]*s_sigma_evs[5] - g_evs[5]*g_shift_inv[4]*g_shift_inv[5]*s_sigma_evs[4] - g_evs[5]*g_shift_inv[4]*g_shift_inv[5]*r + g_evs[4]*g_shift_inv[4]*g_shift_inv[5]*r + g_evs[5]*g_shift_inv[5] - g_evs[4]*g_shift_inv[4]
g_evs[4]*g_shift_inv[4]*g_shift_inv[6]*s_sigma_evs[6] - g_evs[6]*g_shift_inv[4]*g_shift_inv[6]*s_sigma_evs[4] - g_evs[6]*g_shift_inv[4]*g_shift_inv[6]*r + g_evs[4]*g_shift_inv[4]*g_shift_inv[6]*r + g_evs[6]*g_shift_inv[6] - g_evs[4]*g_shift_inv[4]
g_evs[4]*g_shift_inv[4]*g_shift_inv[7]*s_sigma_evs[7] - g_evs[7]*g_shift_inv[4]*g_shift_inv[7]*s_sigma_evs[4] - g_evs[7]*g_shift_inv[4]*g_shift_inv[7]*r + g_evs[4]*g_shift_inv[4]*g_shift_inv[7]*r + g_evs[7]*g_shift_inv[7] - g_evs[4]*g_shift_inv[4]
g_evs[5]*g_shift_inv[5]*g_shift_inv[6]*s_sigma_evs[6] - g_evs[6]*g_shift_inv[5]*g_shift_inv[6]*s_sigma_evs[5] - g_evs[6]*g_shift_inv[5]*g_shift_inv[6]*r + g_evs[5]*g_shift_inv[5]*g_shift_inv[6]*r + g_evs[6]*g_shift_inv[6] - g_evs[5]*g_shift_inv[5]
g_evs[5]*g_shift_inv[5]*g_shift_inv[7]*s_sigma_evs[7] - g_evs[7]*g_shift_inv[5]*g_shift_inv[7]*s_sigma_evs[5] - g_evs[7]*g_shift_inv[5]*g_shift_inv[7]*r + g_evs[5]*g_shift_inv[5]*g_shift_inv[7]*r + g_evs[7]*g_shift_inv[7] - g_evs[5]*g_shift_inv[5]
g_evs[6]*g_shift_inv[6]*g_shift_inv[7]*s_sigma_evs[7] - g_evs[7]*g_shift_inv[6]*g_shift_inv[7]*s_sigma_evs[6] - g_evs[7]*g_shift_inv[6]*g_shift_inv[7]*r + g_evs[6]*g_shift_inv[6]*g_shift_inv[7]*r + g_evs[7]*g_shift_inv[7] - g_evs[6]*g_shift_inv[6]
g_shift_inv[0]*s_sigma_evs[0] + g_evs[0]*g_shift_inv[0]*r2 + g_shift_inv[0]*r - 1
g_shift_inv[1]*s_sigma_evs[1] + g_evs[1]*g_shift_inv[1]*r2 + g_shift_inv[1]*r - 1
g_shift_inv[2]*s_sigma_evs[2] + g_evs[2]*g_shift_inv[2]*r2 + g_shift_inv[2]*r - 1
g_shift_inv[3]*s_sigma_evs[3] + g_evs[3]*g_shift_inv[3]*r2 + g_shift_inv[3]*r - 1
g_shift_inv[4]*s_sigma_evs[4] + g_evs[4]*g_shift_inv[4]*r2 + g_shift_inv[4]*r - 1
g_shift_inv[5]*s_sigma_evs[5] + g_evs[5]*g_shift_inv[5]*r2 + g_shift_inv[5]*r - 1
g_shift_inv[6]*s_sigma_evs[6] + g_evs[6]*g_shift_inv[6]*r2 + g_shift_inv[6]*r - 1
g_shift_inv[7]*s_sigma_evs[7] + g_evs[7]*g_shift_inv[7]*r2 + g_shift_inv[7]*r - 1
v_evs[0]*v_evs[2]*v_evs[4]*v_evs[6]*v_evs[8]*v_evs[10]*v_evs[12]*v_evs[14] - 1
