---
source: analyses/tests/gb_snapshots.rs
expression: value
---
- a_vec[0]*z_vec[0] + y*c + a_vec[0]*__zippel::node::11
- delta + h*__zippel::node::13 + g_vec[0]*__zippel::node::11
- g*g_vec[0]*y*z_beta + a_vec[0]*g*xi*z_beta + a_vec[0]*g^2*y*z_delta - a_vec[0]*g*tau*z_delta - g_vec[0]*r_tau*beta + a_vec[0]*g*r_tau*delta - a_vec[0]*g*xi*__zippel::node::14 + g_vec[0]*tau*__zippel::node::14
- g*r_xi*y - r_tau*xi + g_vec[0]*r_tau*x_vec[0] + r_xi*tau
- g_vec[0]*r_xi*y*delta*z_beta + a_vec[0]*r_xi*xi*delta*z_beta + 2*g_vec[0]*xi*y*__zippel::node::13*z_beta - g_vec[0]^2*x_vec[0]*y*__zippel::node::13*z_beta - a_vec[0]*xi^2*__zippel::node::13*z_beta + g_vec[0]*r_xi*y*beta*z_delta - a_vec[0]*r_xi*tau*delta*z_delta - g_vec[0]*xi*y*__zippel::node::14*z_delta + g_vec[0]^2*x_vec[0]*y*__zippel::node::14*z_delta - g_vec[0]*tau*y*__zippel::node::13*z_delta + a_vec[0]*tau*xi*__zippel::node::13*z_delta - g_vec[0]*r_xi*y*__zippel::node::13*beta + g_vec[0]*r_xi*y*__zippel::node::14*delta - a_vec[0]*r_xi*xi*__zippel::node::14*delta + a_vec[0]*r_xi*tau*__zippel::node::13*delta - g_vec[0]*xi*y*__zippel::node::13*__zippel::node::14 + a_vec[0]*xi^2*__zippel::node::13*__zippel::node::14 + g_vec[0]*tau*y*__zippel::node::13^2 - a_vec[0]*tau*xi*__zippel::node::13^2
- g_vec[0]*x_vec[0]*z_delta + g_vec[0]*r_xi*z_vec[0] - r_xi*delta + xi*__zippel::node::13
- g_vec[0]*xi*z_beta + g_vec[0]^2*x_vec[0]*z_beta - g*g_vec[0]*y*z_delta + g_vec[0]*tau*z_delta + g_vec[0]*r_xi*beta - a_vec[0]*g*r_xi*delta + a_vec[0]*g*xi*__zippel::node::13 - g_vec[0]*tau*__zippel::node::13
- h*__zippel::node::11*z_beta - beta*z_vec[0] + h*__zippel::node::14*z_vec[0] + tau*__zippel::node::11*c + __zippel::node::11*beta
- h*x_vec[0]*__zippel::node::11*z_beta - x_vec[0]*beta*z_vec[0] + h*x_vec[0]*__zippel::node::14*z_vec[0] + tau*__zippel::node::11*z_vec[0] + x_vec[0]*__zippel::node::11*beta - tau*__zippel::node::11^2
- h*x_vec[0]*__zippel::node::11*z_delta - x_vec[0]*delta*z_vec[0] + h*x_vec[0]*__zippel::node::13*z_vec[0] + xi*__zippel::node::11*z_vec[0] + x_vec[0]*__zippel::node::11*delta - xi*__zippel::node::11^2
- h*xi*y*z_delta*z_beta - g_vec[0]*xi*y*z_vec[0]*z_beta + a_vec[0]*xi^2*z_vec[0]*z_beta + h*xi*y*__zippel::node::13*z_beta + h*tau*y*z_delta^2 + g_vec[0]*tau*y*z_vec[0]*z_delta - a_vec[0]*tau*xi*z_vec[0]*z_delta + xi*y*beta*z_delta - tau*y*delta*z_delta - h*tau*y*__zippel::node::13*z_delta + g_vec[0]*xi*y*__zippel::node::14*z_vec[0] - a_vec[0]*xi^2*__zippel::node::14*z_vec[0] - g_vec[0]*tau*y*__zippel::node::13*z_vec[0] + a_vec[0]*tau*xi*__zippel::node::13*z_vec[0] - xi*y*__zippel::node::13*beta + tau*y*__zippel::node::13*delta
- h*z_delta - g_vec[0]*z_vec[0] + xi*c + delta
- x_vec[0]*__zippel::node::11*delta*z_beta + xi*__zippel::node::11^2*z_beta + x_vec[0]*__zippel::node::11*beta*z_delta - tau*__zippel::node::11^2*z_delta - x_vec[0]*__zippel::node::13*beta*z_vec[0] + x_vec[0]*__zippel::node::14*delta*z_vec[0] - xi*__zippel::node::11*__zippel::node::14*z_vec[0] + tau*__zippel::node::11*__zippel::node::13*z_vec[0]
- x_vec[0]*beta + h*x_vec[0]*__zippel::node::14 + g*y*__zippel::node::11
- x_vec[0]*xi*z_delta*z_beta + r_xi*xi*z_vec[0]*z_beta - r_xi*x_vec[0]*delta*z_beta + 2*x_vec[0]*xi*__zippel::node::13*z_beta - g_vec[0]*x_vec[0]^2*__zippel::node::13*z_beta + tau*x_vec[0]*z_delta^2 - r_xi*tau*z_vec[0]*z_delta + r_xi*x_vec[0]*beta*z_delta + g_vec[0]*x_vec[0]^2*__zippel::node::14*z_delta + 52435875175126190479447740508185965837690552500527637822603658699938581184511*tau*x_vec[0]*__zippel::node::13*z_delta - r_xi*xi*__zippel::node::14*z_vec[0] + r_xi*tau*__zippel::node::13*z_vec[0] - r_xi*x_vec[0]*__zippel::node::13*beta + r_xi*x_vec[0]*__zippel::node::14*delta - x_vec[0]*xi*__zippel::node::13*__zippel::node::14 + tau*x_vec[0]*__zippel::node::13^2
- x_vec[0]^2*xi*z_beta^2 + tau*x_vec[0]^2*z_delta*z_beta + 2*r_tau*x_vec[0]*xi*z_vec[0]*z_beta - r_xi*tau*x_vec[0]*z_vec[0]*z_beta - r_tau*x_vec[0]^2*delta*z_beta + x_vec[0]^2*xi*__zippel::node::14*z_beta - r_tau*tau*x_vec[0]*z_vec[0]*z_delta + r_tau*x_vec[0]^2*beta*z_delta - tau*x_vec[0]^2*__zippel::node::14*z_delta - r_tau^2*xi*z_vec[0]^2 + r_tau*r_xi*tau*z_vec[0]^2 - r_tau*r_xi*x_vec[0]*beta*z_vec[0] + r_tau^2*x_vec[0]*delta*z_vec[0] - r_tau*x_vec[0]*xi*__zippel::node::14*z_vec[0] + r_xi*tau*x_vec[0]*__zippel::node::14*z_vec[0]
- xi + g_vec[0]*x_vec[0] + h*r_xi
- xi*z_beta + g_vec[0]*x_vec[0]*z_beta - g*y*z_delta + tau*z_delta + xi*__zippel::node::14 - g_vec[0]*x_vec[0]*__zippel::node::14 + g*y*__zippel::node::13 - tau*__zippel::node::13
- xi*z_beta - g*y*z_delta + tau*z_delta + g_vec[0]*r_tau*z_vec[0] - r_tau*delta + xi*__zippel::node::14
- y + a_vec[0]*x_vec[0]
- z_beta + r_tau*c + __zippel::node::14
- z_delta + r_xi*c + __zippel::node::13
- z_vec[0] + x_vec[0]*c + __zippel::node::11
2*g_vec[0]*r_xi*xi*y*z_beta - g_vec[0]^2*r_xi*x_vec[0]*y*z_beta - a_vec[0]*r_xi*xi^2*z_beta + g*g_vec[0]*r_xi*y^2*z_delta - g_vec[0]*r_tau*xi*y*z_delta - g_vec[0]*r_xi*tau*y*z_delta + a_vec[0]*r_tau*xi^2*z_delta - g_vec[0]*r_xi^2*y*beta + g_vec[0]*r_tau*r_xi*y*delta - a_vec[0]*r_tau*r_xi*xi*delta + a_vec[0]*r_xi^2*tau*delta - g_vec[0]*r_xi*xi*y*__zippel::node::14 + a_vec[0]*r_xi*xi^2*__zippel::node::14 + g_vec[0]*r_xi*tau*y*__zippel::node::13 - a_vec[0]*r_xi*tau*xi*__zippel::node::13
2*x_vec[0]*xi*z_beta - g_vec[0]*x_vec[0]^2*z_beta + g*x_vec[0]*y*z_delta + 52435875175126190479447740508185965837690552500527637822603658699938581184511*tau*x_vec[0]*z_delta - r_tau*xi*z_vec[0] + r_xi*tau*z_vec[0] - r_xi*x_vec[0]*beta + r_tau*x_vec[0]*delta - x_vec[0]*xi*__zippel::node::14 + tau*x_vec[0]*__zippel::node::13
2*xi*y*z_beta - g_vec[0]*x_vec[0]*y*z_beta + g*y^2*z_delta + 52435875175126190479447740508185965837690552500527637822603658699938581184511*tau*y*z_delta - a_vec[0]*r_tau*xi*z_vec[0] + a_vec[0]*r_xi*tau*z_vec[0] - r_xi*y*beta + r_tau*y*delta - xi*y*__zippel::node::14 + tau*y*__zippel::node::13
52435875175126190479447740508185965837690552500527637822603658699938581184511*g_vec[0]*xi*y*z_beta + g_vec[0]^2*x_vec[0]*y*z_beta + a_vec[0]*xi^2*z_beta - g*g_vec[0]*y^2*z_delta + a_vec[0]*g*xi*y*z_delta + g_vec[0]*tau*y*z_delta - a_vec[0]*tau*xi*z_delta + g_vec[0]*r_xi*y*beta - g_vec[0]*r_tau*y*delta + a_vec[0]*r_tau*xi*delta - a_vec[0]*r_xi*tau*delta + g_vec[0]*xi*y*__zippel::node::14 - a_vec[0]*xi^2*__zippel::node::14 - g_vec[0]*tau*y*__zippel::node::13 + a_vec[0]*tau*xi*__zippel::node::13
a_vec[0]*g*r_xi*y - g_vec[0]*r_tau*y + a_vec[0]*r_tau*xi - a_vec[0]*r_xi*tau
a_vec[0]*g_vec[0]*r_xi*y*delta*z_beta - a_vec[0]^2*r_xi*xi*delta*z_beta + g_vec[0]^2*y^2*__zippel::node::13*z_beta + 52435875175126190479447740508185965837690552500527637822603658699938581184511*a_vec[0]*g_vec[0]*xi*y*__zippel::node::13*z_beta + a_vec[0]^2*xi^2*__zippel::node::13*z_beta - a_vec[0]*g_vec[0]*r_xi*y*beta*z_delta + a_vec[0]^2*r_xi*tau*delta*z_delta - g_vec[0]^2*y^2*__zippel::node::14*z_delta + a_vec[0]*g_vec[0]*xi*y*__zippel::node::14*z_delta + a_vec[0]*g_vec[0]*tau*y*__zippel::node::13*z_delta - a_vec[0]^2*tau*xi*__zippel::node::13*z_delta + a_vec[0]*g_vec[0]*r_xi*y*__zippel::node::13*beta - a_vec[0]*g_vec[0]*r_xi*y*__zippel::node::14*delta + a_vec[0]^2*r_xi*xi*__zippel::node::14*delta - a_vec[0]^2*r_xi*tau*__zippel::node::13*delta + a_vec[0]*g_vec[0]*xi*y*__zippel::node::13*__zippel::node::14 - a_vec[0]^2*xi^2*__zippel::node::13*__zippel::node::14 - a_vec[0]*g_vec[0]*tau*y*__zippel::node::13^2 + a_vec[0]^2*tau*xi*__zippel::node::13^2
a_vec[0]*g_vec[0]*z_vec[0] - g_vec[0]*y*c - a_vec[0]*delta + a_vec[0]*h*__zippel::node::13
a_vec[0]*h*z_vec[0]*z_beta - h*y*c*z_beta - a_vec[0]*tau*c*z_vec[0] - a_vec[0]*h*__zippel::node::14*z_vec[0] + tau*y*c^2 + y*beta*c
g*g_vec[0]*r_xi*y*z_beta - a_vec[0]*g*r_xi*xi*z_beta - g*g_vec[0]*r_tau*y*z_delta + a_vec[0]*g*r_tau*xi*z_delta + g_vec[0]*r_tau*r_xi*beta - a_vec[0]*g*r_tau*r_xi*delta + a_vec[0]*g*r_xi*xi*__zippel::node::14 - g_vec[0]*r_xi*tau*__zippel::node::14
g*xi*y*z_beta - g*g_vec[0]*x_vec[0]*y*z_beta + g^2*y^2*z_delta - g*tau*y*z_delta - g*r_xi*y*beta - r_tau*xi*beta + r_xi*tau*beta + g*r_tau*y*delta - g*xi*y*__zippel::node::14 + g_vec[0]*tau*x_vec[0]*__zippel::node::14
g*y - tau + h*r_tau
g_vec[0]^2*r_tau*r_xi*y^2*z_beta + 52435875175126190479447740508185965837690552500527637822603658699938581184511*a_vec[0]*g_vec[0]*r_tau*r_xi*xi*y*z_beta + a_vec[0]*g_vec[0]*r_xi^2*tau*y*z_beta + a_vec[0]^2*r_tau*r_xi*xi^2*z_beta - a_vec[0]^2*r_xi^2*tau*xi*z_beta - g_vec[0]^2*r_tau^2*y^2*z_delta + 2*a_vec[0]*g_vec[0]*r_tau^2*xi*y*z_delta - a_vec[0]*g_vec[0]*r_tau*r_xi*tau*y*z_delta - a_vec[0]^2*r_tau^2*xi^2*z_delta + a_vec[0]^2*r_tau*r_xi*tau*xi*z_delta + a_vec[0]*g_vec[0]*r_tau*r_xi^2*y*beta - a_vec[0]*g_vec[0]*r_tau^2*r_xi*y*delta + a_vec[0]^2*r_tau^2*r_xi*xi*delta - a_vec[0]^2*r_tau*r_xi^2*tau*delta + a_vec[0]*g_vec[0]*r_tau*r_xi*xi*y*__zippel::node::14 - a_vec[0]*g_vec[0]*r_xi^2*tau*y*__zippel::node::14 - a_vec[0]^2*r_tau*r_xi*xi^2*__zippel::node::14 + a_vec[0]^2*r_xi^2*tau*xi*__zippel::node::14
g_vec[0]^2*r_xi*y^2*z_beta + 52435875175126190479447740508185965837690552500527637822603658699938581184511*a_vec[0]*g_vec[0]*r_xi*xi*y*z_beta + a_vec[0]^2*r_xi*xi^2*z_beta - g_vec[0]^2*r_tau*y^2*z_delta + 2*a_vec[0]*g_vec[0]*r_tau*xi*y*z_delta - a_vec[0]^2*r_tau*xi^2*z_delta + a_vec[0]*g_vec[0]*r_xi^2*y*beta - a_vec[0]*g_vec[0]*r_tau*r_xi*y*delta + a_vec[0]^2*r_tau*r_xi*xi*delta - a_vec[0]^2*r_xi^2*tau*delta + a_vec[0]*g_vec[0]*r_xi*xi*y*__zippel::node::14 - a_vec[0]^2*r_xi*xi^2*__zippel::node::14 - a_vec[0]*g_vec[0]*r_xi*tau*y*__zippel::node::13 + a_vec[0]^2*r_xi*tau*xi*__zippel::node::13
h*delta*z_beta - h^2*__zippel::node::13*z_beta + g_vec[0]*beta*z_vec[0] - g_vec[0]*h*__zippel::node::14*z_vec[0] - tau*delta*c + h*tau*__zippel::node::13*c - delta*beta + h*__zippel::node::13*beta
h*x_vec[0]*z_beta + g*y*z_vec[0] - tau*z_vec[0] - x_vec[0]*beta + tau*__zippel::node::11
h*x_vec[0]*z_delta - xi*z_vec[0] + g_vec[0]*x_vec[0]*z_vec[0] - x_vec[0]*delta + xi*__zippel::node::11
h*xi*__zippel::node::11*z_beta - h*tau*__zippel::node::11*z_delta + xi*beta*z_vec[0] - tau*delta*z_vec[0] - h*xi*__zippel::node::14*z_vec[0] + h*tau*__zippel::node::13*z_vec[0] - xi*__zippel::node::11*beta + tau*__zippel::node::11*delta
h*xi*z_beta - g_vec[0]*h*x_vec[0]*z_beta + g*h*y*z_delta - h*tau*z_delta + g_vec[0]*x_vec[0]*beta - g*y*delta - h*xi*__zippel::node::14 + h*tau*__zippel::node::13
h*y*z_delta*z_beta + g_vec[0]*y*z_vec[0]*z_beta - a_vec[0]*xi*z_vec[0]*z_beta - h*y*__zippel::node::13*z_beta + a_vec[0]*tau*z_vec[0]*z_delta - tau*y*c*z_delta - y*beta*z_delta - g_vec[0]*y*__zippel::node::14*z_vec[0] + a_vec[0]*xi*__zippel::node::14*z_vec[0] - a_vec[0]*tau*__zippel::node::13*z_vec[0] + tau*y*__zippel::node::13*c + y*__zippel::node::13*beta
h*z_beta + a_vec[0]*g*z_vec[0] - tau*c - beta
h*z_beta + g*y*c - tau*c - h*__zippel::node::14
h^2*y*z_delta*z_beta + g_vec[0]*h*y*z_vec[0]*z_beta - a_vec[0]*h*xi*z_vec[0]*z_beta - h*y*delta*z_beta + a_vec[0]*h*tau*z_vec[0]*z_delta - h*tau*y*c*z_delta - h*y*beta*z_delta + a_vec[0]*g_vec[0]*tau*z_vec[0]^2 - g_vec[0]*tau*y*c*z_vec[0] - g_vec[0]*y*beta*z_vec[0] - a_vec[0]*tau*delta*z_vec[0] + a_vec[0]*h*xi*__zippel::node::14*z_vec[0] + tau*y*delta*c + y*delta*beta
r_xi*z_beta - r_tau*z_delta - r_xi*__zippel::node::14 + r_tau*__zippel::node::13
x_vec[0]*delta*z_beta - h*x_vec[0]*__zippel::node::13*z_beta - xi*__zippel::node::11*z_beta - x_vec[0]*beta*z_delta + h*x_vec[0]*__zippel::node::14*z_delta + tau*__zippel::node::11*z_delta + x_vec[0]*__zippel::node::13*beta - x_vec[0]*__zippel::node::14*delta + xi*__zippel::node::11*__zippel::node::14 - tau*__zippel::node::11*__zippel::node::13
x_vec[0]*xi*z_vec[0]*z_beta - x_vec[0]^2*delta*z_beta + x_vec[0]*xi*__zippel::node::11*z_beta - tau*x_vec[0]*z_vec[0]*z_delta + x_vec[0]^2*beta*z_delta - tau*x_vec[0]*__zippel::node::11*z_delta - r_tau*xi*z_vec[0]^2 + r_xi*tau*z_vec[0]^2 - r_xi*x_vec[0]*beta*z_vec[0] + r_tau*x_vec[0]*delta*z_vec[0] - x_vec[0]*xi*__zippel::node::14*z_vec[0] + tau*x_vec[0]*__zippel::node::13*z_vec[0]
x_vec[0]*z_beta - r_tau*z_vec[0] - x_vec[0]*__zippel::node::14 + r_tau*__zippel::node::11
x_vec[0]*z_delta - r_xi*z_vec[0] - x_vec[0]*__zippel::node::13 + r_xi*__zippel::node::11
