---
source: analyses/tests/gb_snapshots/common.rs
expression: value
---
- g*r_xi*y - r_tau*xi + g_vec[0]*r_tau*x_vec[0] + r_xi*tau
- xi + g_vec[0]*x_vec[0] + h*r_xi
- y + a_vec[0]*x_vec[0]
__zippel::node::41 - 1
__zippel::node::49 - 1
__zippel::node::67 - 1
__zippel::node::71 - 1
__zippel::node::74 - 1
a_vec[0]*g*r_xi*y - g_vec[0]*r_tau*y + a_vec[0]*r_tau*xi - a_vec[0]*r_xi*tau
g*y - tau + h*r_tau
