---
source: analyses/tests/gb_snapshots/common.rs
expression: value
---
- c::1*__zippel::soundness::d::0::1::0 + c::0*__zippel::soundness::d::0::1::0 - 1
sr::1*__zippel::soundness::d::0::1::0 - sr::0*__zippel::soundness::d::0::1::0 + comm~h
sr::1*__zippel::soundness::d::0::1::0 - sr::0*__zippel::soundness::d::0::1::0 + r
sx::1*__zippel::soundness::d::0::1::0 - sx::0*__zippel::soundness::d::0::1::0 + comm~g
sx::1*__zippel::soundness::d::0::1::0 - sx::0*__zippel::soundness::d::0::1::0 + x
