---
source: analyses/tests/gb_snapshots.rs
expression: value
---
- c::1*__zippel::soundness::d::0::1::0 + c::0*__zippel::soundness::d::0::1::0 - 1
- h*c::1*z::1*__zippel::soundness::d::0::1::0 - u*z::1*__zippel::soundness::d::0::1::0 + h*c::1*z::0*__zippel::soundness::d::0::1::0 + u*z::0*__zippel::soundness::d::0::1::0 - h*z::1
g*x - h
g*z::0 - h*c::0 - u
g*z::1 - h*c::1 - u
h*c::0*z::1 + u*z::1 - h*c::1*z::0 - u*z::0
h*z::1*__zippel::soundness::d::0::1::0 - h*z::0*__zippel::soundness::d::0::1::0 + h*x
u*z::1*__zippel::soundness::d::0::1::0 - u*z::0*__zippel::soundness::d::0::1::0 + x*u
