---
source: analyses/tests/gb_snapshots/common.rs
expression: value
---
- c1::1*__zippel::soundness::d::0::1::0 + c1::0*__zippel::soundness::d::0::1::0 - 1
- c2::0::1*__zippel::soundness::d::0::0::1::0 + c2::0::0*__zippel::soundness::d::0::0::1::0 - 1
- c2::1::1*__zippel::soundness::d::1::0::1::0 + c2::1::0*__zippel::soundness::d::1::0::1::0 - 1
- c3::0::0::1*__zippel::soundness::d::0::0::0::1::0 + c3::0::0::0*__zippel::soundness::d::0::0::0::1::0 - 1
- c3::0::1::1*__zippel::soundness::d::0::1::0::1::0 + c3::0::1::0*__zippel::soundness::d::0::1::0::1::0 - 1
- c3::1::0::1*__zippel::soundness::d::1::0::0::1::0 + c3::1::0::0*__zippel::soundness::d::1::0::0::1::0 - 1
- c3::1::1::1*__zippel::soundness::d::1::1::0::1::0 + c3::1::1::0*__zippel::soundness::d::1::1::0::1::0 - 1
- g*z1::1 + g*z1::0 + h*c1::1 - h*c1::0
- g*z2::1::1 + g*z2::0::0 + h*c2::1::1 - h*c2::0::0
- g*z2::1::1 + g*z2::0::1 + h*c2::1::1 - h*c2::0::1
- g*z2::1::1 + g*z2::1::0 + h*c2::1::1 - h*c2::1::0
- g*z3::1::1::1 + g*z3::0::0::0 + h*c3::1::1::1 - h*c3::0::0::0
- g*z3::1::1::1 + g*z3::0::0::1 + h*c3::1::1::1 - h*c3::0::0::1
- g*z3::1::1::1 + g*z3::0::1::0 + h*c3::1::1::1 - h*c3::0::1::0
- g*z3::1::1::1 + g*z3::0::1::1 + h*c3::1::1::1 - h*c3::0::1::1
- g*z3::1::1::1 + g*z3::1::0::0 + h*c3::1::1::1 - h*c3::1::0::0
- g*z3::1::1::1 + g*z3::1::0::1 + h*c3::1::1::1 - h*c3::1::0::1
- g*z3::1::1::1 + g*z3::1::1::0 + h*c3::1::1::1 - h*c3::1::1::0
__zippel::node::46 - 1
g*x - h
h*c1::1*z2::1::1 - h*c1::0*z2::1::1 - h*c1::1*z2::0::0 + h*c1::0*z2::0::0 - h*c2::1::1*z1::1 + h*c2::0::0*z1::1 + h*c2::1::1*z1::0 - h*c2::0::0*z1::0
h*c1::1*z2::1::1 - h*c1::0*z2::1::1 - h*c1::1*z2::0::1 + h*c1::0*z2::0::1 - h*c2::1::1*z1::1 + h*c2::0::1*z1::1 + h*c2::1::1*z1::0 - h*c2::0::1*z1::0
h*c1::1*z2::1::1 - h*c1::0*z2::1::1 - h*c1::1*z2::1::0 + h*c1::0*z2::1::0 - h*c2::1::1*z1::1 + h*c2::1::0*z1::1 + h*c2::1::1*z1::0 - h*c2::1::0*z1::0
h*c1::1*z3::1::1::1 - h*c1::0*z3::1::1::1 - h*c1::1*z3::0::0::0 + h*c1::0*z3::0::0::0 - h*c3::1::1::1*z1::1 + h*c3::0::0::0*z1::1 + h*c3::1::1::1*z1::0 - h*c3::0::0::0*z1::0
h*c1::1*z3::1::1::1 - h*c1::0*z3::1::1::1 - h*c1::1*z3::0::0::1 + h*c1::0*z3::0::0::1 - h*c3::1::1::1*z1::1 + h*c3::0::0::1*z1::1 + h*c3::1::1::1*z1::0 - h*c3::0::0::1*z1::0
h*c1::1*z3::1::1::1 - h*c1::0*z3::1::1::1 - h*c1::1*z3::0::1::0 + h*c1::0*z3::0::1::0 - h*c3::1::1::1*z1::1 + h*c3::0::1::0*z1::1 + h*c3::1::1::1*z1::0 - h*c3::0::1::0*z1::0
h*c1::1*z3::1::1::1 - h*c1::0*z3::1::1::1 - h*c1::1*z3::0::1::1 + h*c1::0*z3::0::1::1 - h*c3::1::1::1*z1::1 + h*c3::0::1::1*z1::1 + h*c3::1::1::1*z1::0 - h*c3::0::1::1*z1::0
h*c1::1*z3::1::1::1 - h*c1::0*z3::1::1::1 - h*c1::1*z3::1::0::0 + h*c1::0*z3::1::0::0 - h*c3::1::1::1*z1::1 + h*c3::1::0::0*z1::1 + h*c3::1::1::1*z1::0 - h*c3::1::0::0*z1::0
h*c1::1*z3::1::1::1 - h*c1::0*z3::1::1::1 - h*c1::1*z3::1::0::1 + h*c1::0*z3::1::0::1 - h*c3::1::1::1*z1::1 + h*c3::1::0::1*z1::1 + h*c3::1::1::1*z1::0 - h*c3::1::0::1*z1::0
h*c1::1*z3::1::1::1 - h*c1::0*z3::1::1::1 - h*c1::1*z3::1::1::0 + h*c1::0*z3::1::1::0 - h*c3::1::1::1*z1::1 + h*c3::1::1::0*z1::1 + h*c3::1::1::1*z1::0 - h*c3::1::1::0*z1::0
h*c2::0::1*z2::1::1 - h*c2::0::0*z2::1::1 - h*c2::1::1*z2::0::1 + h*c2::0::0*z2::0::1 + h*c2::1::1*z2::0::0 - h*c2::0::1*z2::0::0
h*c2::1::0*z2::1::1 - h*c2::0::0*z2::1::1 - h*c2::1::1*z2::1::0 + h*c2::0::0*z2::1::0 + h*c2::1::1*z2::0::0 - h*c2::1::0*z2::0::0
h*c2::1::0*z2::1::1 - h*c2::0::1*z2::1::1 - h*c2::1::1*z2::1::0 + h*c2::0::1*z2::1::0 + h*c2::1::1*z2::0::1 - h*c2::1::0*z2::0::1
h*c2::1::1*z1::1*__zippel::soundness::d::0::1::0 - h*c2::0::0*z1::1*__zippel::soundness::d::0::1::0 - h*c2::1::1*z1::0*__zippel::soundness::d::0::1::0 + h*c2::0::0*z1::0*__zippel::soundness::d::0::1::0 + h*z2::1::1 - h*z2::0::0
h*c2::1::1*z1::1*__zippel::soundness::d::0::1::0 - h*c2::0::1*z1::1*__zippel::soundness::d::0::1::0 - h*c2::1::1*z1::0*__zippel::soundness::d::0::1::0 + h*c2::0::1*z1::0*__zippel::soundness::d::0::1::0 + h*z2::1::1 - h*z2::0::1
h*c2::1::1*z1::1*__zippel::soundness::d::0::1::0 - h*c2::1::0*z1::1*__zippel::soundness::d::0::1::0 - h*c2::1::1*z1::0*__zippel::soundness::d::0::1::0 + h*c2::1::0*z1::0*__zippel::soundness::d::0::1::0 + h*z2::1::1 - h*z2::1::0
h*c2::1::1*z3::1::1::1 - h*c2::0::0*z3::1::1::1 - h*c2::1::1*z3::0::0::0 + h*c2::0::0*z3::0::0::0 - h*c3::1::1::1*z2::1::1 + h*c3::0::0::0*z2::1::1 + h*c3::1::1::1*z2::0::0 - h*c3::0::0::0*z2::0::0
h*c2::1::1*z3::1::1::1 - h*c2::0::0*z3::1::1::1 - h*c2::1::1*z3::0::0::1 + h*c2::0::0*z3::0::0::1 - h*c3::1::1::1*z2::1::1 + h*c3::0::0::1*z2::1::1 + h*c3::1::1::1*z2::0::0 - h*c3::0::0::1*z2::0::0
h*c2::1::1*z3::1::1::1 - h*c2::0::0*z3::1::1::1 - h*c2::1::1*z3::0::1::0 + h*c2::0::0*z3::0::1::0 - h*c3::1::1::1*z2::1::1 + h*c3::0::1::0*z2::1::1 + h*c3::1::1::1*z2::0::0 - h*c3::0::1::0*z2::0::0
h*c2::1::1*z3::1::1::1 - h*c2::0::0*z3::1::1::1 - h*c2::1::1*z3::0::1::1 + h*c2::0::0*z3::0::1::1 - h*c3::1::1::1*z2::1::1 + h*c3::0::1::1*z2::1::1 + h*c3::1::1::1*z2::0::0 - h*c3::0::1::1*z2::0::0
h*c2::1::1*z3::1::1::1 - h*c2::0::0*z3::1::1::1 - h*c2::1::1*z3::1::0::0 + h*c2::0::0*z3::1::0::0 - h*c3::1::1::1*z2::1::1 + h*c3::1::0::0*z2::1::1 + h*c3::1::1::1*z2::0::0 - h*c3::1::0::0*z2::0::0
h*c2::1::1*z3::1::1::1 - h*c2::0::0*z3::1::1::1 - h*c2::1::1*z3::1::0::1 + h*c2::0::0*z3::1::0::1 - h*c3::1::1::1*z2::1::1 + h*c3::1::0::1*z2::1::1 + h*c3::1::1::1*z2::0::0 - h*c3::1::0::1*z2::0::0
h*c2::1::1*z3::1::1::1 - h*c2::0::0*z3::1::1::1 - h*c2::1::1*z3::1::1::0 + h*c2::0::0*z3::1::1::0 - h*c3::1::1::1*z2::1::1 + h*c3::1::1::0*z2::1::1 + h*c3::1::1::1*z2::0::0 - h*c3::1::1::0*z2::0::0
h*c2::1::1*z3::1::1::1 - h*c2::0::1*z3::1::1::1 - h*c2::1::1*z3::0::0::0 + h*c2::0::1*z3::0::0::0 - h*c3::1::1::1*z2::1::1 + h*c3::0::0::0*z2::1::1 + h*c3::1::1::1*z2::0::1 - h*c3::0::0::0*z2::0::1
h*c2::1::1*z3::1::1::1 - h*c2::0::1*z3::1::1::1 - h*c2::1::1*z3::0::0::1 + h*c2::0::1*z3::0::0::1 - h*c3::1::1::1*z2::1::1 + h*c3::0::0::1*z2::1::1 + h*c3::1::1::1*z2::0::1 - h*c3::0::0::1*z2::0::1
h*c2::1::1*z3::1::1::1 - h*c2::0::1*z3::1::1::1 - h*c2::1::1*z3::0::1::0 + h*c2::0::1*z3::0::1::0 - h*c3::1::1::1*z2::1::1 + h*c3::0::1::0*z2::1::1 + h*c3::1::1::1*z2::0::1 - h*c3::0::1::0*z2::0::1
h*c2::1::1*z3::1::1::1 - h*c2::0::1*z3::1::1::1 - h*c2::1::1*z3::0::1::1 + h*c2::0::1*z3::0::1::1 - h*c3::1::1::1*z2::1::1 + h*c3::0::1::1*z2::1::1 + h*c3::1::1::1*z2::0::1 - h*c3::0::1::1*z2::0::1
h*c2::1::1*z3::1::1::1 - h*c2::0::1*z3::1::1::1 - h*c2::1::1*z3::1::0::0 + h*c2::0::1*z3::1::0::0 - h*c3::1::1::1*z2::1::1 + h*c3::1::0::0*z2::1::1 + h*c3::1::1::1*z2::0::1 - h*c3::1::0::0*z2::0::1
h*c2::1::1*z3::1::1::1 - h*c2::0::1*z3::1::1::1 - h*c2::1::1*z3::1::0::1 + h*c2::0::1*z3::1::0::1 - h*c3::1::1::1*z2::1::1 + h*c3::1::0::1*z2::1::1 + h*c3::1::1::1*z2::0::1 - h*c3::1::0::1*z2::0::1
h*c2::1::1*z3::1::1::1 - h*c2::0::1*z3::1::1::1 - h*c2::1::1*z3::1::1::0 + h*c2::0::1*z3::1::1::0 - h*c3::1::1::1*z2::1::1 + h*c3::1::1::0*z2::1::1 + h*c3::1::1::1*z2::0::1 - h*c3::1::1::0*z2::0::1
h*c2::1::1*z3::1::1::1 - h*c2::1::0*z3::1::1::1 - h*c2::1::1*z3::0::0::0 + h*c2::1::0*z3::0::0::0 - h*c3::1::1::1*z2::1::1 + h*c3::0::0::0*z2::1::1 + h*c3::1::1::1*z2::1::0 - h*c3::0::0::0*z2::1::0
h*c2::1::1*z3::1::1::1 - h*c2::1::0*z3::1::1::1 - h*c2::1::1*z3::0::0::1 + h*c2::1::0*z3::0::0::1 - h*c3::1::1::1*z2::1::1 + h*c3::0::0::1*z2::1::1 + h*c3::1::1::1*z2::1::0 - h*c3::0::0::1*z2::1::0
h*c2::1::1*z3::1::1::1 - h*c2::1::0*z3::1::1::1 - h*c2::1::1*z3::0::1::0 + h*c2::1::0*z3::0::1::0 - h*c3::1::1::1*z2::1::1 + h*c3::0::1::0*z2::1::1 + h*c3::1::1::1*z2::1::0 - h*c3::0::1::0*z2::1::0
h*c2::1::1*z3::1::1::1 - h*c2::1::0*z3::1::1::1 - h*c2::1::1*z3::0::1::1 + h*c2::1::0*z3::0::1::1 - h*c3::1::1::1*z2::1::1 + h*c3::0::1::1*z2::1::1 + h*c3::1::1::1*z2::1::0 - h*c3::0::1::1*z2::1::0
h*c2::1::1*z3::1::1::1 - h*c2::1::0*z3::1::1::1 - h*c2::1::1*z3::1::0::0 + h*c2::1::0*z3::1::0::0 - h*c3::1::1::1*z2::1::1 + h*c3::1::0::0*z2::1::1 + h*c3::1::1::1*z2::1::0 - h*c3::1::0::0*z2::1::0
h*c2::1::1*z3::1::1::1 - h*c2::1::0*z3::1::1::1 - h*c2::1::1*z3::1::0::1 + h*c2::1::0*z3::1::0::1 - h*c3::1::1::1*z2::1::1 + h*c3::1::0::1*z2::1::1 + h*c3::1::1::1*z2::1::0 - h*c3::1::0::1*z2::1::0
h*c2::1::1*z3::1::1::1 - h*c2::1::0*z3::1::1::1 - h*c2::1::1*z3::1::1::0 + h*c2::1::0*z3::1::1::0 - h*c3::1::1::1*z2::1::1 + h*c3::1::1::0*z2::1::1 + h*c3::1::1::1*z2::1::0 - h*c3::1::1::0*z2::1::0
h*c3::0::0::1*z3::1::1::1 - h*c3::0::0::0*z3::1::1::1 - h*c3::1::1::1*z3::0::0::1 + h*c3::0::0::0*z3::0::0::1 + h*c3::1::1::1*z3::0::0::0 - h*c3::0::0::1*z3::0::0::0
h*c3::0::1::0*z3::1::1::1 - h*c3::0::0::0*z3::1::1::1 - h*c3::1::1::1*z3::0::1::0 + h*c3::0::0::0*z3::0::1::0 + h*c3::1::1::1*z3::0::0::0 - h*c3::0::1::0*z3::0::0::0
h*c3::0::1::0*z3::1::1::1 - h*c3::0::0::1*z3::1::1::1 - h*c3::1::1::1*z3::0::1::0 + h*c3::0::0::1*z3::0::1::0 + h*c3::1::1::1*z3::0::0::1 - h*c3::0::1::0*z3::0::0::1
h*c3::0::1::1*z3::1::1::1 - h*c3::0::0::0*z3::1::1::1 - h*c3::1::1::1*z3::0::1::1 + h*c3::0::0::0*z3::0::1::1 + h*c3::1::1::1*z3::0::0::0 - h*c3::0::1::1*z3::0::0::0
h*c3::0::1::1*z3::1::1::1 - h*c3::0::0::1*z3::1::1::1 - h*c3::1::1::1*z3::0::1::1 + h*c3::0::0::1*z3::0::1::1 + h*c3::1::1::1*z3::0::0::1 - h*c3::0::1::1*z3::0::0::1
h*c3::0::1::1*z3::1::1::1 - h*c3::0::1::0*z3::1::1::1 - h*c3::1::1::1*z3::0::1::1 + h*c3::0::1::0*z3::0::1::1 + h*c3::1::1::1*z3::0::1::0 - h*c3::0::1::1*z3::0::1::0
h*c3::1::0::0*z3::1::1::1 - h*c3::0::0::0*z3::1::1::1 - h*c3::1::1::1*z3::1::0::0 + h*c3::0::0::0*z3::1::0::0 + h*c3::1::1::1*z3::0::0::0 - h*c3::1::0::0*z3::0::0::0
h*c3::1::0::0*z3::1::1::1 - h*c3::0::0::1*z3::1::1::1 - h*c3::1::1::1*z3::1::0::0 + h*c3::0::0::1*z3::1::0::0 + h*c3::1::1::1*z3::0::0::1 - h*c3::1::0::0*z3::0::0::1
h*c3::1::0::0*z3::1::1::1 - h*c3::0::1::0*z3::1::1::1 - h*c3::1::1::1*z3::1::0::0 + h*c3::0::1::0*z3::1::0::0 + h*c3::1::1::1*z3::0::1::0 - h*c3::1::0::0*z3::0::1::0
h*c3::1::0::0*z3::1::1::1 - h*c3::0::1::1*z3::1::1::1 - h*c3::1::1::1*z3::1::0::0 + h*c3::0::1::1*z3::1::0::0 + h*c3::1::1::1*z3::0::1::1 - h*c3::1::0::0*z3::0::1::1
h*c3::1::0::1*z3::1::1::1 - h*c3::0::0::0*z3::1::1::1 - h*c3::1::1::1*z3::1::0::1 + h*c3::0::0::0*z3::1::0::1 + h*c3::1::1::1*z3::0::0::0 - h*c3::1::0::1*z3::0::0::0
h*c3::1::0::1*z3::1::1::1 - h*c3::0::0::1*z3::1::1::1 - h*c3::1::1::1*z3::1::0::1 + h*c3::0::0::1*z3::1::0::1 + h*c3::1::1::1*z3::0::0::1 - h*c3::1::0::1*z3::0::0::1
h*c3::1::0::1*z3::1::1::1 - h*c3::0::1::0*z3::1::1::1 - h*c3::1::1::1*z3::1::0::1 + h*c3::0::1::0*z3::1::0::1 + h*c3::1::1::1*z3::0::1::0 - h*c3::1::0::1*z3::0::1::0
h*c3::1::0::1*z3::1::1::1 - h*c3::0::1::1*z3::1::1::1 - h*c3::1::1::1*z3::1::0::1 + h*c3::0::1::1*z3::1::0::1 + h*c3::1::1::1*z3::0::1::1 - h*c3::1::0::1*z3::0::1::1
h*c3::1::0::1*z3::1::1::1 - h*c3::1::0::0*z3::1::1::1 - h*c3::1::1::1*z3::1::0::1 + h*c3::1::0::0*z3::1::0::1 + h*c3::1::1::1*z3::1::0::0 - h*c3::1::0::1*z3::1::0::0
h*c3::1::1::0*z3::1::1::1 - h*c3::0::0::0*z3::1::1::1 - h*c3::1::1::1*z3::1::1::0 + h*c3::0::0::0*z3::1::1::0 + h*c3::1::1::1*z3::0::0::0 - h*c3::1::1::0*z3::0::0::0
h*c3::1::1::0*z3::1::1::1 - h*c3::0::0::1*z3::1::1::1 - h*c3::1::1::1*z3::1::1::0 + h*c3::0::0::1*z3::1::1::0 + h*c3::1::1::1*z3::0::0::1 - h*c3::1::1::0*z3::0::0::1
h*c3::1::1::0*z3::1::1::1 - h*c3::0::1::0*z3::1::1::1 - h*c3::1::1::1*z3::1::1::0 + h*c3::0::1::0*z3::1::1::0 + h*c3::1::1::1*z3::0::1::0 - h*c3::1::1::0*z3::0::1::0
h*c3::1::1::0*z3::1::1::1 - h*c3::0::1::1*z3::1::1::1 - h*c3::1::1::1*z3::1::1::0 + h*c3::0::1::1*z3::1::1::0 + h*c3::1::1::1*z3::0::1::1 - h*c3::1::1::0*z3::0::1::1
h*c3::1::1::0*z3::1::1::1 - h*c3::1::0::0*z3::1::1::1 - h*c3::1::1::1*z3::1::1::0 + h*c3::1::0::0*z3::1::1::0 + h*c3::1::1::1*z3::1::0::0 - h*c3::1::1::0*z3::1::0::0
h*c3::1::1::0*z3::1::1::1 - h*c3::1::0::1*z3::1::1::1 - h*c3::1::1::1*z3::1::1::0 + h*c3::1::0::1*z3::1::1::0 + h*c3::1::1::1*z3::1::0::1 - h*c3::1::1::0*z3::1::0::1
h*c3::1::1::1*z1::1*__zippel::soundness::d::0::1::0 - h*c3::0::0::0*z1::1*__zippel::soundness::d::0::1::0 - h*c3::1::1::1*z1::0*__zippel::soundness::d::0::1::0 + h*c3::0::0::0*z1::0*__zippel::soundness::d::0::1::0 + h*z3::1::1::1 - h*z3::0::0::0
h*c3::1::1::1*z1::1*__zippel::soundness::d::0::1::0 - h*c3::0::0::1*z1::1*__zippel::soundness::d::0::1::0 - h*c3::1::1::1*z1::0*__zippel::soundness::d::0::1::0 + h*c3::0::0::1*z1::0*__zippel::soundness::d::0::1::0 + h*z3::1::1::1 - h*z3::0::0::1
h*c3::1::1::1*z1::1*__zippel::soundness::d::0::1::0 - h*c3::0::1::0*z1::1*__zippel::soundness::d::0::1::0 - h*c3::1::1::1*z1::0*__zippel::soundness::d::0::1::0 + h*c3::0::1::0*z1::0*__zippel::soundness::d::0::1::0 + h*z3::1::1::1 - h*z3::0::1::0
h*c3::1::1::1*z1::1*__zippel::soundness::d::0::1::0 - h*c3::0::1::1*z1::1*__zippel::soundness::d::0::1::0 - h*c3::1::1::1*z1::0*__zippel::soundness::d::0::1::0 + h*c3::0::1::1*z1::0*__zippel::soundness::d::0::1::0 + h*z3::1::1::1 - h*z3::0::1::1
h*c3::1::1::1*z1::1*__zippel::soundness::d::0::1::0 - h*c3::1::0::0*z1::1*__zippel::soundness::d::0::1::0 - h*c3::1::1::1*z1::0*__zippel::soundness::d::0::1::0 + h*c3::1::0::0*z1::0*__zippel::soundness::d::0::1::0 + h*z3::1::1::1 - h*z3::1::0::0
h*c3::1::1::1*z1::1*__zippel::soundness::d::0::1::0 - h*c3::1::0::1*z1::1*__zippel::soundness::d::0::1::0 - h*c3::1::1::1*z1::0*__zippel::soundness::d::0::1::0 + h*c3::1::0::1*z1::0*__zippel::soundness::d::0::1::0 + h*z3::1::1::1 - h*z3::1::0::1
h*c3::1::1::1*z1::1*__zippel::soundness::d::0::1::0 - h*c3::1::1::0*z1::1*__zippel::soundness::d::0::1::0 - h*c3::1::1::1*z1::0*__zippel::soundness::d::0::1::0 + h*c3::1::1::0*z1::0*__zippel::soundness::d::0::1::0 + h*z3::1::1::1 - h*z3::1::1::0
h*z1::1*__zippel::soundness::d::0::1::0 - h*z1::0*__zippel::soundness::d::0::1::0 + h*x
h*z1::1*__zippel::soundness::d::0::1::0 - h*z1::0*__zippel::soundness::d::0::1::0 - h*z2::0::1*__zippel::soundness::d::0::0::1::0 + h*z2::0::0*__zippel::soundness::d::0::0::1::0
h*z1::1*__zippel::soundness::d::0::1::0 - h*z1::0*__zippel::soundness::d::0::1::0 - h*z2::1::1*__zippel::soundness::d::1::0::1::0 + h*z2::1::0*__zippel::soundness::d::1::0::1::0
h*z1::1*__zippel::soundness::d::0::1::0 - h*z1::0*__zippel::soundness::d::0::1::0 - h*z3::0::0::1*__zippel::soundness::d::0::0::0::1::0 + h*z3::0::0::0*__zippel::soundness::d::0::0::0::1::0
h*z1::1*__zippel::soundness::d::0::1::0 - h*z1::0*__zippel::soundness::d::0::1::0 - h*z3::0::1::1*__zippel::soundness::d::0::1::0::1::0 + h*z3::0::1::0*__zippel::soundness::d::0::1::0::1::0
h*z1::1*__zippel::soundness::d::0::1::0 - h*z1::0*__zippel::soundness::d::0::1::0 - h*z3::1::0::1*__zippel::soundness::d::1::0::0::1::0 + h*z3::1::0::0*__zippel::soundness::d::1::0::0::1::0
h*z1::1*__zippel::soundness::d::0::1::0 - h*z1::0*__zippel::soundness::d::0::1::0 - h*z3::1::1::1*__zippel::soundness::d::1::1::0::1::0 + h*z3::1::1::0*__zippel::soundness::d::1::1::0::1::0
