---
source: analyses/tests/gb_snapshots/common.rs
expression: value
---
checks:
- v[1]*q[1]*r^2 - v[0]*q[1]*r - v[1]*q[0]*r + p[1]*r - v[0]*q[0] + p[0]
discharged before the basis: 0 of 1
basis:
- __zippel::gb::div_c::0 + __zippel::gb::div_c::2
- __zippel::gb::div_c::0 + v[1]*__zippel::gb::div_inv::0
- __zippel::gb::div_c::0 + v[1]*__zippel::gb::div_inv::2
- __zippel::gb::div_c::1 + __zippel::gb::div_c::3
- __zippel::gb::div_c::1 + v[0]*__zippel::gb::div_inv::1
- __zippel::gb::div_c::1 + v[0]*__zippel::gb::div_inv::3
- __zippel::gb::div_c::1*__zippel::gb::div_inv::0 + __zippel::gb::div_inv::0 + __zippel::gb::div_inv::2*__zippel::gb::div_c::1 - __zippel::gb::div_inv::2
- __zippel::gb::div_inv::0*__zippel::gb::div_c::0 + __zippel::gb::div_inv::2*__zippel::gb::div_c::0
- __zippel::gb::div_inv::1*__zippel::gb::div_c::0 + __zippel::gb::div_inv::3*__zippel::gb::div_c::0 + __zippel::gb::div_inv::1 - __zippel::gb::div_inv::3
- __zippel::gb::div_inv::1*__zippel::gb::div_c::1 + __zippel::gb::div_inv::3*__zippel::gb::div_c::1
- __zippel::gb::div_inv::1*__zippel::gb::div_q::0[1] + __zippel::gb::div_inv::3*__zippel::gb::div_q::0[1]
- __zippel::gb::div_q::0[0] + __zippel::gb::div_q::1[0]
- __zippel::gb::div_q::0[1] + __zippel::gb::div_q::1[1]
__zippel::gb::div_c::0*__zippel::gb::div_q::0[1]
__zippel::gb::div_c::0^2 - __zippel::gb::div_c::0
__zippel::gb::div_c::1*__zippel::gb::div_c::0 - __zippel::gb::div_c::0 - __zippel::gb::div_c::1 + 1
__zippel::gb::div_c::1*__zippel::gb::div_q::0[1] - __zippel::gb::div_q::0[1]
__zippel::gb::div_c::1^2 - __zippel::gb::div_c::1
__zippel::gb::div_inv::1*__zippel::gb::div_inv::0 - __zippel::gb::div_inv::3*__zippel::gb::div_inv::0 - __zippel::gb::div_inv::2*__zippel::gb::div_inv::1 + __zippel::gb::div_inv::3*__zippel::gb::div_inv::2
__zippel::gb::div_r::0[0]
__zippel::node::10 - 1
v[0]*__zippel::gb::div_c::1 - v[0]
v[1]*__zippel::gb::div_c::0 - v[1]
v[1]*__zippel::gb::div_q::0[1]
