[2m2025-11-16T07:14:33.028509Z[0m [32m INFO[0m [2mcargo_tarpaulin::config[0m[2m:[0m Creating config
[2m2025-11-16T07:14:33.111826Z[0m [32m INFO[0m [2mcargo_tarpaulin[0m[2m:[0m Running Tarpaulin
[2m2025-11-16T07:14:33.111833Z[0m [32m INFO[0m [2mcargo_tarpaulin[0m[2m:[0m Building project
[2m2025-11-16T07:14:33.111924Z[0m [32m INFO[0m [2mcargo_tarpaulin::cargo[0m[2m:[0m Cleaning project
   Compiling proc-macro2 v1.0.95
   Compiling unicode-ident v1.0.18
   Compiling autocfg v1.5.0
   Compiling libc v0.2.174
   Compiling cfg-if v1.0.1
   Compiling zerocopy v0.8.26
   Compiling version_check v0.9.5
   Compiling typenum v1.18.0
   Compiling either v1.15.0
   Compiling once_cell v1.21.3
   Compiling memchr v2.7.5
   Compiling arrayvec v0.7.6
   Compiling allocator-api2 v0.2.21
   Compiling thiserror v2.0.12
   Compiling crossbeam-utils v0.8.21
   Compiling ucd-trie v0.1.7
   Compiling parking_lot_core v0.9.11
   Compiling anyhow v1.0.98
   Compiling paste v1.0.15
   Compiling scopeguard v1.2.0
   Compiling log v0.4.27
   Compiling smallvec v1.15.1
   Compiling arrayvec v0.5.2
   Compiling serde v1.0.219
   Compiling rayon-core v1.12.1
   Compiling itertools v0.14.0
   Compiling typed-arena v2.0.2
   Compiling unicode-width v0.1.14
   Compiling itertools v0.13.0
   Compiling syn v1.0.109
   Compiling thiserror v1.0.69
   Compiling itertools v0.10.5
   Compiling rustix v1.0.7
   Compiling hashbrown v0.14.5
   Compiling getrandom v0.3.3
   Compiling generic-array v0.14.7
   Compiling hashbrown v0.15.4
   Compiling ahash v0.8.12
   Compiling pretty v0.12.4
   Compiling ryu v1.0.20
   Compiling itoa v1.0.15
   Compiling void v1.0.2
   Compiling serde_json v1.0.140
   Compiling num-traits v0.2.19
   Compiling lock_api v0.4.13
   Compiling quote v1.0.40
   Compiling crossbeam-epoch v0.9.18
   Compiling csv-core v0.1.12
   Compiling grb-sys2 v12.1.2
   Compiling syn v2.0.104
   Compiling getrandom v0.2.16
   Compiling crossbeam-deque v0.8.6
   Compiling itertools v0.12.1
   Compiling bumpalo v3.19.0
   Compiling rand_core v0.6.4
   Compiling lazy_static v1.5.0
   Compiling dashmap v6.1.0
   Compiling bitflags v2.9.1
   Compiling block-buffer v0.10.4
   Compiling crypto-common v0.1.6
   Compiling linux-raw-sys v0.9.4
   Compiling hex v0.4.3
   Compiling fastrand v2.3.0
   Compiling digest v0.10.7
   Compiling keccak v0.1.5
   Compiling num-integer v0.1.46
   Compiling num-complex v0.4.6
   Compiling fnv v1.0.7
   Compiling equivalent v1.0.2
   Compiling xml-rs v0.8.26
   Compiling indexmap v2.10.0
   Compiling fixedbitset v0.5.7
   Compiling num-bigint v0.4.6
   Compiling num-iter v0.1.45
   Compiling rayon v1.10.0
   Compiling aho-corasick v1.1.3
   Compiling regex-syntax v0.8.5
   Compiling utf8parse v0.2.2
   Compiling num_cpus v1.17.0
   Compiling anstyle-parse v0.2.7
   Compiling is_terminal_polyfill v1.70.1
   Compiling anstyle v1.0.11
   Compiling colorchoice v1.0.4
   Compiling anstyle-query v1.1.3
   Compiling jiff v0.2.15
   Compiling futures-sink v0.3.31
   Compiling futures-core v0.3.31
   Compiling pin-project-lite v0.2.16
   Compiling futures-task v0.3.31
   Compiling futures-io v0.3.31
   Compiling slab v0.4.10
   Compiling futures-channel v0.3.31
   Compiling anstream v0.6.19
   Compiling petgraph v0.7.1
   Compiling pin-utils v0.1.0
   Compiling sdd v3.0.8
   Compiling parking_lot v0.12.4
   Compiling futures-util v0.3.31
   Compiling scc v2.3.4
   Compiling num-rational v0.4.2
   Compiling ppv-lite86 v0.2.21
   Compiling regex-automata v0.4.9
   Compiling tempfile v3.20.0
   Compiling rand_chacha v0.3.1
   Compiling num v0.4.3
   Compiling rand v0.8.5
   Compiling lp-solvers v1.0.1
   Compiling good_lp v1.14.0
   Compiling ark-std v0.5.0
   Compiling futures-executor v0.3.31
   Compiling enum-ordinalize-derive v4.3.1
   Compiling zeroize_derive v1.4.2
   Compiling ark-serialize-derive v0.5.0 (https://github.com/arkworks-rs/algebra.git#0c6e28f5)
   Compiling ark-ff-asm v0.5.0 (https://github.com/arkworks-rs/algebra.git#0c6e28f5)
   Compiling ark-ff-macros v0.5.0 (https://github.com/arkworks-rs/algebra.git#0c6e28f5)
   Compiling thiserror-impl v2.0.12
   Compiling derive_arbitrary v1.4.1
   Compiling ark-serialize-derive v0.5.0
   Compiling ark-ff-macros v0.5.0
   Compiling serde_derive v1.0.219
   Compiling ark-ff-asm v0.5.0
   Compiling thiserror-impl v1.0.69
   Compiling pest-ast v0.3.5
   Compiling cstr-enum-derive v0.1.0
   Compiling grb-macro v0.1.0
   Compiling ark-serialize v0.5.0
   Compiling ark-serialize v0.5.0 (https://github.com/arkworks-rs/algebra.git#0c6e28f5)
   Compiling futures v0.3.31
   Compiling serial_test_derive v3.2.0
   Compiling cstr-enum v1.0.0
   Compiling zeroize v1.8.1
   Compiling enum-ordinalize v4.3.0
   Compiling educe v0.6.0
   Compiling regex v1.11.1
   Compiling arbitrary v1.4.1
   Compiling serial_test v3.2.0
   Compiling env_filter v0.1.3
   Compiling pest v2.8.1
   Compiling arbtest v0.3.2
   Compiling share v0.1.0 (/home/lef/git/zippel-ws/share)
   Compiling env_logger v0.11.8
   Compiling pest_meta v2.8.1
   Compiling from-pest v0.3.3
   Compiling pest_generator v2.8.1
   Compiling ark-ff v0.5.0 (https://github.com/arkworks-rs/algebra.git#0c6e28f5)
   Compiling ark-ff v0.5.0
   Compiling pest_derive v2.8.1
   Compiling lang v0.1.0 (/home/lef/git/zippel-ws/lang)
   Compiling csv v1.3.1
   Compiling grb v3.0.1
   Compiling ark-poly v0.5.0 (https://github.com/arkworks-rs/algebra.git#0c6e28f5)
   Compiling ark-poly v0.5.0
   Compiling ark-ec v0.5.0
   Compiling ark-ec v0.5.0 (https://github.com/arkworks-rs/algebra.git#0c6e28f5)
   Compiling spongefish v0.2.0 (https://github.com/arkworks-rs/spongefish.git#1bff09dc)
   Compiling ark-pallas v0.5.0 (https://github.com/arkworks-rs/algebra.git#0c6e28f5)
   Compiling ark-curve25519 v0.5.0 (https://github.com/arkworks-rs/algebra.git#0c6e28f5)
   Compiling ark-bls12-377 v0.5.0 (https://github.com/arkworks-rs/algebra.git#0c6e28f5)
   Compiling ark-mnt4-298 v0.5.0 (https://github.com/arkworks-rs/algebra.git#0c6e28f5)
   Compiling ark-secp256k1 v0.5.0 (https://github.com/arkworks-rs/algebra.git#0c6e28f5)
   Compiling ark-mnt4-753 v0.5.0 (https://github.com/arkworks-rs/algebra.git#0c6e28f5)
   Compiling ark-bls12-381 v0.5.0 (https://github.com/arkworks-rs/algebra.git#0c6e28f5)
   Compiling ark-bn254 v0.5.0 (https://github.com/arkworks-rs/algebra.git#0c6e28f5)
   Compiling ark-vesta v0.5.0 (https://github.com/arkworks-rs/algebra.git#0c6e28f5)
   Compiling ark-ed25519 v0.5.0 (https://github.com/arkworks-rs/algebra.git#0c6e28f5)
   Compiling ark-ed-on-cp6-782 v0.5.0 (https://github.com/arkworks-rs/algebra.git#0c6e28f5)
   Compiling backend v0.1.0 (/home/lef/git/zippel-ws/backend)
   Compiling graph v0.1.0 (/home/lef/git/zippel-ws/graph)
   Compiling runtime v0.1.0 (/home/lef/git/zippel-ws/runtime)
   Compiling zippel v0.1.0 (/home/lef/git/zippel-ws)
   Compiling examples v0.1.0 (/home/lef/git/zippel-ws/examples)
    Finished `test` profile [unoptimized + debuginfo] target(s) in 27.24s
[2m2025-11-16T07:15:00.897422Z[0m [32m INFO[0m [2mcargo_tarpaulin::process_handling::linux[0m[2m:[0m Launching test
[2m2025-11-16T07:15:00.897440Z[0m [32m INFO[0m [2mcargo_tarpaulin::process_handling[0m[2m:[0m running /home/lef/git/zippel-ws/target/debug/deps/share-ab7fa0dfb8fc7dc2

running 5 tests
test traversal::test_traversal_option ... ok
test traversal::test_traversal_bad ... ok
test traversal::test_traversal_good ... ok
test context::set_modify ... ok
test context::set_extract_if ... ok

test result: ok. 5 passed; 0 failed; 0 ignored; 0 measured; 0 filtered out; finished in 0.00s

[2m2025-11-16T07:15:01.145406Z[0m [32m INFO[0m [2mcargo_tarpaulin::process_handling::linux[0m[2m:[0m Launching test
[2m2025-11-16T07:15:01.145423Z[0m [32m INFO[0m [2mcargo_tarpaulin::process_handling[0m[2m:[0m running /home/lef/git/zippel-ws/target/debug/deps/lang-a59130967dd10042

running 76 tests
test ast::exp::parser_challenge ... ok
test ast::exp::parser_lit ... ok
test ast::exp::parser_ifft ... ok
test ast::exp::parser_log ... ok
test ast::exp::parser_let ... ok
test ast::exp::parser_coef ... ok
test ast::exp::parser_poly ... ok
test ast::exp::parser_eval ... ok
test ast::exp::parser_app ... ok
test ast::exp::parser_fft ... ok
test ast::exp::parser_call_two ... ok
test ast::exp::parser_var ... ok
test ast::exp::parser_concat ... ok
test ast::arg::arg_traversal ... ok
test ast::exp::parser_random ... ok
test ast::exp::parser_minus ... ok
test id::id_parser ... ok
test ast::exp::parser_pair ... ok
test ast::exp::parser_seq ... ok
test ast::exp::parser_verify ... ok
test id::test_complex_pattern ... ok
test ast::exp::parser_map ... ok
test id::test_only_alpha ... ok
test id::test_alpha_numeric_alpha ... ok
test id::test_empty_string ... ok
test id::test_special_characters_with_trailing_number ... ok
test id::test_simple_alphanumeric ... ok
test id::test_only_numeric ... ok
test id::test_alpha_ending_with_numeric ... ok
test ast::exp::parser_for ... ok
test ast::exp::parser_reduce ... ok
test ast::exp::parser_assert ... ok
test ast::arg::arg_parser ... ok
test ast::exp::parser_range ... ok
test id::vid_fresh ... ok
test id::tid_fresh ... ok
test ast::decl::proto_easy ... ok
test ast::decl::proto_parser ... ok
test ast::exp::parser_bin ... ok
test ast::decl::decls_parser ... ok
test ast::decl::fn_parser2 ... ok
test typ::infer::tests::test_literal_inference ... ok
test ast::decl::fn_parser1 ... ok
test typ::infer::tests::test_empty_vector_error ... ok
test typ::infer::tests::test_ram ... ok
test typ::infer::tests::test_binary_dot_inference ... ok
test typ::infer::tests::test_binary_sub_inference ... ok
test typ::infer::tests::test_binary_concat_inference ... ok
test typ::infer::tests::test_binary_add_inference ... ok
test typ::qualifier::qualifier_parser ... ok
test typ::infer::tests::test_binary_equ_inference ... ok
test typ::infer::tests::test_vector_inference ... ok
test typ::infer::tests::test_coef ... ok
test typ::range::range_traversal ... ok
test typ::infer::tests::test_poly ... ok
test typ::infer::tests::test_ifft ... ok
test typ::range::range_parser ... ok
test typ::infer::tests::test_binary_pow_inference ... ok
test typ::infer::tests::test_fft ... ok
test typ::size::size_parser ... ok
test typ::typ_parser ... ok
test typ::infer::tests::test_binary_mul_inference ... ok
test typ::subst::size_substs_from_typevars ... ok
test typ::infer::tests::test_binary_rem_inference ... ok
test typ::subst::alias_substs_equ_clos ... ok
test typ::infer::tests::test_binary_div_inference ... ok
test typ::lub::lub_tid ... ok
test typ::lub::lub_range ... ok
test typ::typevar::typevars_parser ... ok
test typ::lub::lub_typ ... ok
test ast::module::from_decl_underflow ... ok
test typ::unify::unify_typ ... ok
test ast::module::from_decl_subst1 ... ok
test ast::module::from_decl_subst2 ... ok
test ast::module::from_decl_duplicate ... ok
test typ::infer::tests::test_app ... ok

test result: ok. 76 passed; 0 failed; 0 ignored; 0 measured; 0 filtered out; finished in 0.18s

[2m2025-11-16T07:15:02.713413Z[0m [32m INFO[0m [2mcargo_tarpaulin::process_handling::linux[0m[2m:[0m Launching test
[2m2025-11-16T07:15:02.713430Z[0m [32m INFO[0m [2mcargo_tarpaulin::process_handling[0m[2m:[0m running /home/lef/git/zippel-ws/target/debug/deps/examples-f765ded783043f7b

running 0 tests

test result: ok. 0 passed; 0 failed; 0 ignored; 0 measured; 0 filtered out; finished in 0.00s

[2m2025-11-16T07:15:02.913410Z[0m [32m INFO[0m [2mcargo_tarpaulin::process_handling::linux[0m[2m:[0m Launching test
[2m2025-11-16T07:15:02.913427Z[0m [32m INFO[0m [2mcargo_tarpaulin::process_handling[0m[2m:[0m running /home/lef/git/zippel-ws/target/debug/deps/runtime-07aa940f6c5c0ecb

running 1 test
test tests::runtime_tests::test_runtime_information_creation ... ok

test result: ok. 1 passed; 0 failed; 0 ignored; 0 measured; 0 filtered out; finished in 0.00s

[2m2025-11-16T07:15:04.152405Z[0m [32m INFO[0m [2mcargo_tarpaulin::process_handling::linux[0m[2m:[0m Launching test
[2m2025-11-16T07:15:04.152421Z[0m [32m INFO[0m [2mcargo_tarpaulin::process_handling[0m[2m:[0m running /home/lef/git/zippel-ws/target/debug/deps/backend-823b857a8b55b987

running 79 tests
test tests::values_tests::test_equ_scalars_not_equal ... ok
test tests::values_tests::test_equ_scalars_equal ... ok
test tests::values_tests::test_equ_static ... ok
test tests::values_tests::test_discriminant_order ... ok
test tests::values_tests::test_discriminant_order_extended ... ok
test tests::values_tests::test_into_index ... ok
test tests::values_tests::test_add_assign ... ok
test tests::values_tests::test_add_scalars ... ok
test tests::values_tests::test_div_scalars ... ok
test tests::values_tests::test_division_operations ... ok
test tests::values_tests::test_into_scalar ... ok
test tests::values_tests::test_g1_additive_identity ... ok
test tests::values_tests::test_g1_associativity_addition ... ok
test tests::values_tests::test_is_one_true ... ok
test tests::values_tests::test_is_one_false ... ok
test tests::values_tests::test_is_one ... ok
test tests::values_tests::test_index_commutativity ... ok
test tests::values_tests::test_is_zero_false ... ok
test tests::values_tests::test_mul_scalars ... ok
test tests::values_tests::test_is_zero_true ... ok
test tests::values_tests::test_mutable_operations ... ok
test tests::values_tests::test_is_vec_false ... ok
test tests::values_tests::test_is_vec_true ... ok
test tests::values_tests::test_not_bool ... ok
test tests::values_tests::test_bool_operations ... ok
test tests::values_tests::test_mul_assign ... ok
test tests::values_tests::test_not_operation ... ok
test tests::values_tests::test_scalar_associativity_addition ... ok
test tests::values_tests::test_scalar_distributivity ... ok
test tests::values_tests::test_scalar_associativity_multiplication ... ok
test tests::values_tests::test_scalar_from_usize ... ok
test tests::values_tests::test_scalar_additive_identity ... ok
test tests::values_tests::test_mle_operations ... ok
test tests::values_tests::test_add_vectors ... ok
test tests::values_tests::test_scalar_multiplicative_identity ... ok
test tests::values_tests::test_ram_operation ... ok
test tests::values_tests::test_elliptic_curve_pairing ... ok
test tests::values_tests::test_typ_g2 ... ok
test tests::values_tests::test_typ_g1 ... ok
test tests::values_tests::test_g2_additive_identity ... ok
test tests::values_tests::test_remainder_operations ... ok
test tests::values_tests::test_scalar_additive_inverse ... ok
test tests::values_tests::test_typ_bool ... ok
test tests::values_tests::test_typ_scalar ... ok
test tests::values_tests::test_typ_index ... ok
test tests::values_tests::test_sub_scalars ... ok
test tests::values_tests::test_typ_method ... ok
test tests::values_tests::test_poly_operations ... ok
test tests::values_tests::test_bitxor_as_pow ... ok
test tests::values_tests::test_value_equ ... ok
test tests::values_tests::test_value_equ_returns_bool ... ok
test tests::values_tests::test_serialize_value ... ok
test tests::values_tests::test_sub_operations ... ok
test tests::values_tests::test_value_pow ... ok
test tests::values_tests::test_value_concat ... ok
test tests::values_tests::test_vec_scalar_associativity_addition ... ok
test tests::values_tests::coef_eval_test ... ok
test tests::values_tests::test_zero_g1 ... ok
test tests::values_tests::test_g2_associativity_addition ... ok
test tests::values_tests::test_zero_scalar ... ok
test tests::values_tests::test_zero_creation ... ok
test tests::values_tests::test_value_concat_extended ... ok
test tests::values_tests::test_value_dot ... ok
test tests::values_tests::test_zero_vec ... ok
test tests::values_tests::test_value_eval ... ok
test tests::values_tests::test_value_eq_transitivity ... ok
test tests::values_tests::test_g1_scalar_distributivity ... ok
test tests::values_tests::pairing_test ... ok
test tests::values_tests::test_value_eq_normalization ... ok
test tests::values_tests::test_value_eq_symmetry ... ok
test tests::values_tests::test_value_eq_reflexivity ... ok
test tests::values_tests::test_value_vec_construction ... ok
test tests::values_tests::test_scalar_multiplication_variants ... ok
test tests::values_tests::test_vec_scalar_operations ... ok
test tests::values_tests::test_vec_scalar_distributivity ... ok
test tests::values_tests::test_add_comm ... ok
test tests::values_tests::test_mul_comm ... ok
test tests::values_tests::test_vec_operations ... ok
test tests::values_tests::inverse_test ... ok

test result: ok. 79 passed; 0 failed; 0 ignored; 0 measured; 0 filtered out; finished in 2.71s

[2m2025-11-16T07:15:10.224170Z[0m [32m INFO[0m [2mcargo_tarpaulin::process_handling::linux[0m[2m:[0m Launching test
[2m2025-11-16T07:15:10.224194Z[0m [32m INFO[0m [2mcargo_tarpaulin::process_handling[0m[2m:[0m running /home/lef/git/zippel-ws/target/debug/deps/mle-956378ab73e69cd5

running 0 tests

test result: ok. 0 passed; 0 failed; 0 ignored; 0 measured; 0 filtered out; finished in 0.00s

[2m2025-11-16T07:15:14.403442Z[0m [32m INFO[0m [2mcargo_tarpaulin::process_handling::linux[0m[2m:[0m Launching test
[2m2025-11-16T07:15:14.403459Z[0m [32m INFO[0m [2mcargo_tarpaulin::process_handling[0m[2m:[0m running /home/lef/git/zippel-ws/target/debug/deps/kzg-5f04ca2e310f8de1

running 0 tests

test result: ok. 0 passed; 0 failed; 0 ignored; 0 measured; 0 filtered out; finished in 0.00s

[2m2025-11-16T07:15:18.821417Z[0m [32m INFO[0m [2mcargo_tarpaulin::process_handling::linux[0m[2m:[0m Launching test
[2m2025-11-16T07:15:18.821434Z[0m [32m INFO[0m [2mcargo_tarpaulin::process_handling[0m[2m:[0m running /home/lef/git/zippel-ws/target/debug/deps/schnorr-d4be2f281623a411

running 0 tests

test result: ok. 0 passed; 0 failed; 0 ignored; 0 measured; 0 filtered out; finished in 0.00s

[2m2025-11-16T07:15:23.246439Z[0m [32m INFO[0m [2mcargo_tarpaulin::process_handling::linux[0m[2m:[0m Launching test
[2m2025-11-16T07:15:23.246464Z[0m [32m INFO[0m [2mcargo_tarpaulin::process_handling[0m[2m:[0m running /home/lef/git/zippel-ws/target/debug/deps/ipa-1f4d2986ecb07d23

running 0 tests

test result: ok. 0 passed; 0 failed; 0 ignored; 0 measured; 0 filtered out; finished in 0.00s

[2m2025-11-16T07:15:27.900448Z[0m [32m INFO[0m [2mcargo_tarpaulin::process_handling::linux[0m[2m:[0m Launching test
[2m2025-11-16T07:15:27.900473Z[0m [32m INFO[0m [2mcargo_tarpaulin::process_handling[0m[2m:[0m running /home/lef/git/zippel-ws/target/debug/deps/graph-590b15f36b3015de

running 135 tests
test analyses::completeness::completeness_test ... ignored
test analyses::knowledge::knowledge_foo ... ignored
test analyses::qualifier::qualifier_prop ... ignored
test analyses::uniform::uniformity_prop ... ignored
test scheduler::ilp::gurobi_e2e ... ignored, Gurobi license for CI bot does not work due to HostID
test analyses::groebner::buchberger::test_grevlex_ordering ... ok
test tests::algebraic_properties::scalar_field_properties::test_scalar_addition_zero_commutativity ... ok
test tests::algebraic_properties::scalar_field_properties::test_scalar_addition_identity ... ok
test tests::algebraic_properties::scalar_field_properties::test_scalar_addition_commutativity ... ok
test tests::algebraic_properties::scalar_field_properties::test_scalar_addition_associativity ... ok
test tests::algebraic_properties::scalar_field_properties::test_scalar_multiplication_associativity ... ok
test tests::algebraic_properties::scalar_field_properties::test_scalar_left_distributivity ... ok
test tests::algebraic_properties::complex_properties::test_nested_distributivity ... ok
test tests::algebraic_properties::scalar_field_properties::test_scalar_multiplication_commutativity ... ok
test tests::algebraic_properties::scalar_field_properties::test_scalar_multiplication_one_commutativity ... ok
test tests::algebraic_properties::complex_properties::test_mixed_operations_consistency ... ok
test tests::algebraic_properties::scalar_field_properties::test_scalar_right_distributivity ... ok
test tests::algebraic_properties::scalar_field_properties::test_scalar_subtraction_self_zero ... ok
test tests::algebraic_properties::scalar_field_properties::test_scalar_subtraction_identity ... ok
test tests::algebraic_properties::scalar_field_properties::test_scalar_division_identity ... ok
test tests::algebraic_properties::scalar_field_properties::test_scalar_zero_multiplication_commutativity ... ok
test tests::algebraic_properties::scalar_field_properties::test_scalar_zero_division_zero ... ok
test tests::algebraic_properties::scalar_field_properties::test_scalar_multiplication_zero_absorbing ... ok
test tests::algebraic_properties::scalar_field_properties::test_scalar_multiplication_identity ... ok
test tests::algebraic_properties::scalar_field_properties::test_scalar_division_self_one ... ok
test analyses::groebner::buchberger::test_term_ops ... ok
test tests::cross_type_properties::scalar_g1_properties::test_scalar_mul_g1_distributive_scalars ... ok
test tests::cross_type_properties::scalar_g1_properties::test_scalar_mul_g1_associativity ... ok
test tests::cross_type_properties::scalar_g1_properties::test_scalar_mul_g1_distributive_points ... ok
test tests::node_tests::node_tests::test_node_drop_annotation ... ok
test tests::node_tests::node_tests::test_node_into_op_success ... ok
test tests::node_tests::node_tests::test_node_is_input_true ... ok
test tests::node_tests::node_tests::test_node_is_input_false ... ok
test tests::node_tests::node_tests::test_node_add_annotation ... ok
test tests::node_tests::node_tests::test_node_is_relation_false ... ok
test tests::node_tests::node_tests::test_node_is_relation_true ... ok
test tests::node_tests::node_tests::test_node_is_op_true ... ok
test tests::node_tests::node_tests::test_node_is_op_false_inp ... ok
test tests::node_tests::node_tests::test_node_is_transcript_false_default ... ok
test tests::node_tests::node_tests::test_node_is_verifier_check_true ... ok
test tests::node_tests::node_tests::test_node_name_with_vid ... ok
test tests::node_tests::node_tests::test_node_op_extraction_none ... ok
test tests::node_tests::node_tests::test_node_name_without_vid ... ok
test tests::node_tests::node_tests::test_node_op_extraction_none ... ok
test tests::node_tests::node_tests::test_node_references_op ... ok
test tests::node_tests::node_tests::test_node_references_inp ... ok
test tests::algebraic_properties::vector_properties::test_vector_addition_identity ... ok
test tests::algebraic_properties::vector_properties::test_vector_addition_commutativity ... ok
test tests::node_tests::node_tests::test_node_set_and_query_transcript ... ok
test tests::op_tests::op_construction::test_op_add_simplification_zero_left ... ok
test tests::op_tests::op_construction::test_op_add_simplification_zero_right ... ok
test tests::algebraic_properties::vector_properties::test_vector_scalar_multiplication_distributivity ... ok
test tests::op_tests::op_construction::test_op_add_values ... ok
test tests::op_tests::op_construction::test_op_concat_vectors ... ok
test tests::op_tests::op_construction::test_op_div_by_zero - should panic ... ok
test tests::node_tests::node_tests::test_node_map_node_indices ... ok
test tests::op_tests::op_construction::test_op_div_simplification_zero_numerator ... ok
test tests::op_tests::op_construction::test_op_mul_simplification_zero_left ... ok
test tests::op_tests::op_construction::test_op_mul_simplification_zero_right ... ok
test tests::op_tests::op_construction::test_op_mul_simplification_one_left ... ok
test tests::op_tests::op_construction::test_op_div_simplification_one_denominator ... ok
test tests::algebraic_properties::vector_properties::test_vector_addition_associativity ... ok
test tests::op_tests::op_construction::test_op_div_values ... ok
test tests::op_tests::op_construction::test_op_ram_construction ... ok
test tests::op_tests::op_construction::test_op_mul_simplification_one_right ... ok
test tests::op_tests::op_construction::test_op_mul_values ... ok
test tests::op_tests::op_construction::test_op_value_zero ... ok
test tests::op_tests::op_construction::test_op_value_scalar ... ok
test tests::op_tests::op_construction::test_op_value_one ... ok
test tests::op_tests::op_construction::test_op_vec_construction ... ok
test tests::op_tests::op_integration::test_chained_operations ... ok
test tests::op_tests::op_integration::test_vector_element_operations ... ok
test tests::op_tests::op_integration::test_shared_subexpression ... ok
test tests::op_tests::op_integration::test_multiple_outputs ... ok
test tests::op_tests::op_integration::test_zero_simplifications_in_complex_expr ... ok
test tests::op_tests::op_construction::test_op_sub_simplification_zero ... ok
test tests::op_tests::op_construction::test_op_sub_values ... ok
test tests::op_unit_tests::op_construction_tests::test_bfalse ... ok
test tests::op_unit_tests::op_construction_tests::test_btrue ... ok
test tests::op_unit_tests::op_construction_tests::test_challenge_construction ... ok
test tests::op_unit_tests::op_construction_tests::test_and_false_shortcircuit_right ... ok
test tests::op_unit_tests::op_construction_tests::test_and_false_shortcircuit_left ... ok
test tests::op_unit_tests::op_construction_tests::test_challenge_nz_construction ... ok
test tests::op_unit_tests::op_construction_tests::test_check_construction ... ok
test tests::op_unit_tests::op_construction_tests::test_coef_construction ... ok
test tests::op_tests::op_construction::test_op_vec_add ... ok
test tests::op_unit_tests::op_construction_tests::test_dot_construction ... ok
test tests::op_unit_tests::op_construction_tests::test_eval_construction ... ok
test tests::op_unit_tests::op_construction_tests::test_equ_different_values ... ok
test tests::op_unit_tests::op_construction_tests::test_equ_both_values ... ok
test tests::op_unit_tests::op_construction_tests::test_equ_both_values ... ok
test tests::op_unit_tests::op_construction_tests::test_fft_construction ... ok
test tests::op_unit_tests::op_construction_tests::test_ifft_construction ... ok
test tests::op_unit_tests::op_construction_tests::test_ifft_fft_cancellation ... ok
test tests::op_unit_tests::op_construction_tests::test_fft_ifft_cancellation ... ok
test tests::op_unit_tests::op_construction_tests::test_mle_construction ... ok
test tests::op_unit_tests::op_construction_tests::test_index_construction ... ok
test tests::op_unit_tests::op_construction_tests::test_index_construction ... ok
test tests::op_unit_tests::op_construction_tests::test_poly_construction ... ok
test tests::op_unit_tests::op_construction_tests::test_pow_construction ... ok
test tests::op_unit_tests::op_construction_tests::test_pow_construction ... ok
test tests::op_unit_tests::op_construction_tests::test_pow_construction ... ok
test tests::op_unit_tests::op_construction_tests::test_random_construction ... ok
test tests::op_unit_tests::op_construction_tests::test_random_nz_construction ... ok
test tests::op_unit_tests::op_construction_tests::test_vec_construction ... ok
test tests::op_tests::op_construction::test_op_vec_scalar_mul ... ok
test tests::op_unit_tests::ref_tests::test_ref_from_node_index ... ok
test tests::op_unit_tests::op_construction_tests::test_zero_scalar ... ok
test tests::op_unit_tests::op_construction_tests::test_zero_g1 ... ok
test tests::op_unit_tests::ref_tests::test_ref_from_str ... ok
test tests::op_unit_tests::ref_tests::test_ref_from_vid ... ok
test tests::op_unit_tests::ref_tests::test_ref_node_extraction ... ok
test tests::op_unit_tests::ref_tests::test_ref_var_extraction_some ... ok
test tests::test_helpers::tests::test_execute_simple_addition ... ok
test tests::op_unit_tests::ref_tests::test_ref_var_extraction_none ... ok
test tests::op_unit_tests::ref_tests::test_ref_is_var_true ... ok
test tests::op_unit_tests::ref_tests::test_ref_is_var_false ... ok
test tests::test_helpers::tests::test_scalar_creation ... ok
test tests::test_helpers::tests::test_graph_builder_basic ... ok
test tests::op_unit_tests::op_construction_tests::test_and_both_values ... ok
test tests::op_unit_tests::op_construction_tests::test_range_construction ... ok
test analyses::groebner::buchberger::test_s_polynomial ... ok
test tests::op_unit_tests::op_construction_tests::test_pad_zeroes_no_padding_needed ... ok
test analyses::groebner::buchberger::test_linear ... ok
test analyses::groebner::buchberger::test_maple ... ok
test graph_reduce ... ok
test graph_foo ... ok
test domain_seperator::test_domain_separator ... ok
test graph_poly ... ok
test analyses::trans_clos::trans_clos_many ... ok
test analyses::trans_clos::trans_clos_simple ... ok
test graph_sum ... ok
test analyses::knowledge::groebner_baz ... ok
test analyses::knowledge::groebner_bar ... ok
test analyses::knowledge::groebner_ex3 ... ok

test result: ok. 130 passed; 0 failed; 5 ignored; 0 measured; 0 filtered out; finished in 1.15s

[2m2025-11-16T07:15:33.851297Z[0m [32m INFO[0m [2mcargo_tarpaulin::report[0m[2m:[0m Coverage Results:
[2m2025-11-16T07:15:33.868541Z[0m [32m INFO[0m [2mcargo_tarpaulin::report::html[0m[2m:[0m HTML report written to /home/lef/git/zippel-ws/coverage/tarpaulin-report.html
|| Tested/Total Lines:
|| backend/src/config.rs: 72/160 +0.00%
|| backend/src/nothing/nocurve.rs: 0/163 +0.00%
|| backend/src/nothing/nofield.rs: 0/179 +0.00%
|| backend/src/nothing/nopairing.rs: 0/2 +0.00%
|| backend/src/types.rs: 74/336 +0.00%
|| backend/src/values.rs: 454/1773 +0.00%
|| graph/src/analyses/completeness.rs: 0/14 +0.00%
|| graph/src/analyses/groebner/buchberger.rs: 144/170 +0.00%
|| graph/src/analyses/groebner/mod.rs: 65/190 +0.00%
|| graph/src/analyses/groebner/monomial.rs: 130/176 +0.00%
|| graph/src/analyses/groebner/sparsepoly.rs: 111/200 +0.00%
|| graph/src/analyses/knowledge.rs: 31/45 +0.00%
|| graph/src/analyses/qualifier.rs: 24/53 +1.89%
|| graph/src/analyses/trans_clos.rs: 60/86 +1.16%
|| graph/src/analyses/uniform.rs: 65/131 +0.76%
|| graph/src/dep.rs: 14/31 +0.00%
|| graph/src/domain_seperator.rs: 40/59 +0.00%
|| graph/src/lib.rs: 302/614 +0.00%
|| graph/src/node.rs: 86/136 +0.00%
|| graph/src/op.rs: 223/535 -0.19%
|| graph/src/pref.rs: 40/56 +0.00%
|| graph/src/scheduler/asymptotic_cost.rs: 0/110 +0.00%
|| graph/src/scheduler/cost.rs: 0/7 +0.00%
|| graph/src/scheduler/ilp.rs: 0/119 +0.00%
|| graph/src/scheduler/local_scheduler.rs: 0/30 +0.00%
|| graph/src/scheduler/mod.rs: 0/5 +0.00%
|| lang/src/ast/arg.rs: 63/100 +0.00%
|| lang/src/ast/decl.rs: 122/195 +0.00%
|| lang/src/ast/exp.rs: 308/517 -0.19%
|| lang/src/ast/module.rs: 37/49 +0.00%
|| lang/src/ast/sig.rs: 35/41 +0.00%
|| lang/src/id.rs: 46/69 +0.00%
|| lang/src/parser/error.rs: 0/4 +0.00%
|| lang/src/typ/ark.rs: 0/14 +0.00%
|| lang/src/typ/distribution.rs: 22/49 +0.00%
|| lang/src/typ/infer.rs: 207/365 +0.00%
|| lang/src/typ/kind.rs: 54/78 +0.00%
|| lang/src/typ/lub.rs: 277/565 -0.18%
|| lang/src/typ/mod.rs: 95/149 +0.00%
|| lang/src/typ/nothing.rs: 0/8 +0.00%
|| lang/src/typ/qualifier.rs: 23/32 +0.00%
|| lang/src/typ/range.rs: 87/151 +0.00%
|| lang/src/typ/size.rs: 74/165 +0.00%
|| lang/src/typ/subst.rs: 44/55 +0.00%
|| lang/src/typ/typevar.rs: 62/82 +0.00%
|| lang/src/typ/unify.rs: 48/56 +0.00%
|| runtime/src/graph.rs: 2/232 +0.00%
|| share/src/context.rs: 119/183 +0.00%
|| share/src/lib.rs: 0/7 +0.00%
|| share/src/pretty.rs: 2/25 +0.00%
|| share/src/traversal.rs: 15/29 +0.00%
|| src/lib.rs: 23/106 +0.00%
|| 
42.50% coverage, 3700/8706 lines covered, +0.00% change in coverage
